drysponge_common.h:75:29:DRYSPONGE_DSINFO	0	static
drysponge_common.h:92:21:DRYSPONGE_xor	4	static
drysponge_common.h:110:21:DRYSPONGE_load32	0	static
drysponge_common.h:124:21:DRYSPONGE_load64	8	static
drysponge_common.h:132:21:DRYSPONGE_store64	12	static
drygascon_ref.h:44:13:DRYSPONGE_DomainSeparator	0	static
drygascon_ref.h:52:13:DRYSPONGE_MixPhaseRound	20	static
drysponge_ref.h:29:13:DRYSPONGE_g	88	static
drysponge_ref.h:53:13:DRYSPONGE_f	8	static
drysponge_ref.h:70:13:DRYSPONGE_set_key	48	static
drysponge_ref.h:126:21:DRYSPONGE_padding	16	static
drysponge_ref.h:144:13:DRYSPONGE_absorb_only	48	static
drysponge_ref.h:166:13:DRYSPONGE_squeez_only	24	static
drysponge_ref.h:182:13:DRYSPONGE_init_ctx	0	static
drysponge_ref.h:192:13:DRYSPONGE_hash	288	static
drysponge_ref.h:233:13:DRYSPONGE_init	48	static
drysponge_ref.h:263:13:DRYSPONGE_enc_core	16	static
drysponge_ref.h:272:13:DRYSPONGE_dec_core	8	static
drysponge_ref.h:281:13:DRYSPONGE_enc	192	static
drysponge_ref.h:333:12:DRYSPONGE_dec	200	static
drygascon_ref.h:93:13:DRYSPONGE_MixPhase	40	static
drygascon_ref.h:118:13:gascon_sboxes	104	static
drygascon_ref.h:140:17:gascon_rotr64_interleaved	4	static
drygascon_ref.h:158:13:gascon_permutation_round	120	static
drygascon_ref.h:188:13:DRYSPONGE_CoreRound	0	static
hash.c:21:5:crypto_hash	8	static
