sha256.c:89:6:nbedtls_sha256_init	0	static
sha256.c:96:6:nbedtls_sha256_free	0	static
sha256.c:104:6:nbedtls_sha256_clone	8	static
sha256.c:116:5:nbedtls_sha256_starts_ret	8	static
sha256.c:155:6:nbedtls_sha256_starts	0	static
sha256.c:257:5:nbedtls_internal_sha256_process	448	static
sha256.c:326:6:nbedtls_sha256_process	0	static
sha256.c:337:5:nbedtls_sha256_update_ret	32	static
sha256.c:388:6:nbedtls_sha256_update	0	static
sha256.c:399:5:nbedtls_sha256_finish_ret	16	static
sha256.c:462:6:nbedtls_sha256_finish	0	static
sha256.c:474:5:nbedtls_sha256_ret	136	static
sha256.c:504:6:nbedtls_sha256	0	static
sha256.c:513:5:crypto_hash	4	static
