Archive member included to satisfy reference by file (symbol)

c:/st/stm32cubeide_1.1.0/stm32cubeide/plugins/com.st.stm32cube.ide.mcu.externaltools.gnu-tools-for-stm32.9-2020-q2-update.win32_1.5.0.202011040924/tools/bin/../lib/gcc/arm-none-eabi/9.3.1/../../../../arm-none-eabi/lib/thumb/v6-m/nofp\libc_nano.a(lib_a-assert.o)
                              algos/xoodyak/Implementations/crypto_hash/xoodyakv1/ref/Xoodoo-reference.o (__assert_func)
c:/st/stm32cubeide_1.1.0/stm32cubeide/plugins/com.st.stm32cube.ide.mcu.externaltools.gnu-tools-for-stm32.9-2020-q2-update.win32_1.5.0.202011040924/tools/bin/../lib/gcc/arm-none-eabi/9.3.1/../../../../arm-none-eabi/lib/thumb/v6-m/nofp\libc_nano.a(lib_a-errno.o)
                              Core/Src/syscalls.o (__errno)
c:/st/stm32cubeide_1.1.0/stm32cubeide/plugins/com.st.stm32cube.ide.mcu.externaltools.gnu-tools-for-stm32.9-2020-q2-update.win32_1.5.0.202011040924/tools/bin/../lib/gcc/arm-none-eabi/9.3.1/../../../../arm-none-eabi/lib/thumb/v6-m/nofp\libc_nano.a(lib_a-exit.o)
                              c:/st/stm32cubeide_1.1.0/stm32cubeide/plugins/com.st.stm32cube.ide.mcu.externaltools.gnu-tools-for-stm32.9-2020-q2-update.win32_1.5.0.202011040924/tools/bin/../lib/gcc/arm-none-eabi/9.3.1/../../../../arm-none-eabi/lib/thumb/v6-m/nofp/crt0.o (exit)
c:/st/stm32cubeide_1.1.0/stm32cubeide/plugins/com.st.stm32cube.ide.mcu.externaltools.gnu-tools-for-stm32.9-2020-q2-update.win32_1.5.0.202011040924/tools/bin/../lib/gcc/arm-none-eabi/9.3.1/../../../../arm-none-eabi/lib/thumb/v6-m/nofp\libc_nano.a(lib_a-fprintf.o)
                              c:/st/stm32cubeide_1.1.0/stm32cubeide/plugins/com.st.stm32cube.ide.mcu.externaltools.gnu-tools-for-stm32.9-2020-q2-update.win32_1.5.0.202011040924/tools/bin/../lib/gcc/arm-none-eabi/9.3.1/../../../../arm-none-eabi/lib/thumb/v6-m/nofp\libc_nano.a(lib_a-assert.o) (fiprintf)
c:/st/stm32cubeide_1.1.0/stm32cubeide/plugins/com.st.stm32cube.ide.mcu.externaltools.gnu-tools-for-stm32.9-2020-q2-update.win32_1.5.0.202011040924/tools/bin/../lib/gcc/arm-none-eabi/9.3.1/../../../../arm-none-eabi/lib/thumb/v6-m/nofp\libc_nano.a(lib_a-impure.o)
                              c:/st/stm32cubeide_1.1.0/stm32cubeide/plugins/com.st.stm32cube.ide.mcu.externaltools.gnu-tools-for-stm32.9-2020-q2-update.win32_1.5.0.202011040924/tools/bin/../lib/gcc/arm-none-eabi/9.3.1/../../../../arm-none-eabi/lib/thumb/v6-m/nofp\libc_nano.a(lib_a-exit.o) (_global_impure_ptr)
c:/st/stm32cubeide_1.1.0/stm32cubeide/plugins/com.st.stm32cube.ide.mcu.externaltools.gnu-tools-for-stm32.9-2020-q2-update.win32_1.5.0.202011040924/tools/bin/../lib/gcc/arm-none-eabi/9.3.1/../../../../arm-none-eabi/lib/thumb/v6-m/nofp\libc_nano.a(lib_a-init.o)
                              c:/st/stm32cubeide_1.1.0/stm32cubeide/plugins/com.st.stm32cube.ide.mcu.externaltools.gnu-tools-for-stm32.9-2020-q2-update.win32_1.5.0.202011040924/tools/bin/../lib/gcc/arm-none-eabi/9.3.1/../../../../arm-none-eabi/lib/thumb/v6-m/nofp/crt0.o (__libc_init_array)
c:/st/stm32cubeide_1.1.0/stm32cubeide/plugins/com.st.stm32cube.ide.mcu.externaltools.gnu-tools-for-stm32.9-2020-q2-update.win32_1.5.0.202011040924/tools/bin/../lib/gcc/arm-none-eabi/9.3.1/../../../../arm-none-eabi/lib/thumb/v6-m/nofp\libc_nano.a(lib_a-memcpy-stub.o)
                              algos/xoodyak/Implementations/crypto_hash/xoodyakv1/ref/Xoodoo-reference.o (memcpy)
c:/st/stm32cubeide_1.1.0/stm32cubeide/plugins/com.st.stm32cube.ide.mcu.externaltools.gnu-tools-for-stm32.9-2020-q2-update.win32_1.5.0.202011040924/tools/bin/../lib/gcc/arm-none-eabi/9.3.1/../../../../arm-none-eabi/lib/thumb/v6-m/nofp\libc_nano.a(lib_a-memset.o)
                              c:/st/stm32cubeide_1.1.0/stm32cubeide/plugins/com.st.stm32cube.ide.mcu.externaltools.gnu-tools-for-stm32.9-2020-q2-update.win32_1.5.0.202011040924/tools/bin/../lib/gcc/arm-none-eabi/9.3.1/../../../../arm-none-eabi/lib/thumb/v6-m/nofp/crt0.o (memset)
c:/st/stm32cubeide_1.1.0/stm32cubeide/plugins/com.st.stm32cube.ide.mcu.externaltools.gnu-tools-for-stm32.9-2020-q2-update.win32_1.5.0.202011040924/tools/bin/../lib/gcc/arm-none-eabi/9.3.1/../../../../arm-none-eabi/lib/thumb/v6-m/nofp\libc_nano.a(lib_a-nano-vfprintf.o)
                              c:/st/stm32cubeide_1.1.0/stm32cubeide/plugins/com.st.stm32cube.ide.mcu.externaltools.gnu-tools-for-stm32.9-2020-q2-update.win32_1.5.0.202011040924/tools/bin/../lib/gcc/arm-none-eabi/9.3.1/../../../../arm-none-eabi/lib/thumb/v6-m/nofp\libc_nano.a(lib_a-fprintf.o) (_vfprintf_r)
c:/st/stm32cubeide_1.1.0/stm32cubeide/plugins/com.st.stm32cube.ide.mcu.externaltools.gnu-tools-for-stm32.9-2020-q2-update.win32_1.5.0.202011040924/tools/bin/../lib/gcc/arm-none-eabi/9.3.1/../../../../arm-none-eabi/lib/thumb/v6-m/nofp\libc_nano.a(lib_a-nano-vfprintf_i.o)
[...]
Memory Configuration

Name             Origin             Length             Attributes
RAM              0x0000000020000000 0x0000000000002000 xrw
FLASH            0x0000000008000000 0x0000000000010000 xr
*default*        0x0000000000000000 0xffffffffffffffff

Linker script and memory map

LOAD c:/st/stm32cubeide_1.1.0/stm32cubeide/plugins/com.st.stm32cube.ide.mcu.externaltools.gnu-tools-for-stm32.9-2020-q2-update.win32_1.5.0.202011040924/tools/bin/../lib/gcc/arm-none-eabi/9.3.1/thumb/v6-m/nofp/crti.o
LOAD c:/st/stm32cubeide_1.1.0/stm32cubeide/plugins/com.st.stm32cube.ide.mcu.externaltools.gnu-tools-for-stm32.9-2020-q2-update.win32_1.5.0.202011040924/tools/bin/../lib/gcc/arm-none-eabi/9.3.1/thumb/v6-m/nofp/crtbegin.o
LOAD c:/st/stm32cubeide_1.1.0/stm32cubeide/plugins/com.st.stm32cube.ide.mcu.externaltools.gnu-tools-for-stm32.9-2020-q2-update.win32_1.5.0.202011040924/tools/bin/../lib/gcc/arm-none-eabi/9.3.1/../../../../arm-none-eabi/lib/thumb/v6-m/nofp/crt0.o
LOAD Core/Src/main.o
LOAD Core/Src/stm32f0xx_hal_msp.o
LOAD Core/Src/stm32f0xx_it.o
LOAD Core/Src/syscalls.o
LOAD Core/Src/sysmem.o
LOAD Core/Src/system_stm32f0xx.o
LOAD Core/Startup/startup_stm32f051r8tx.o
LOAD Drivers/STM32F0xx_HAL_Driver/Src/stm32f0xx_hal.o
LOAD Drivers/STM32F0xx_HAL_Driver/Src/stm32f0xx_hal_cortex.o
LOAD Drivers/STM32F0xx_HAL_Driver/Src/stm32f0xx_hal_dma.o
LOAD Drivers/STM32F0xx_HAL_Driver/Src/stm32f0xx_hal_exti.o
LOAD Drivers/STM32F0xx_HAL_Driver/Src/stm32f0xx_hal_flash.o
LOAD Drivers/STM32F0xx_HAL_Driver/Src/stm32f0xx_hal_flash_ex.o
LOAD Drivers/STM32F0xx_HAL_Driver/Src/stm32f0xx_hal_gpio.o
LOAD Drivers/STM32F0xx_HAL_Driver/Src/stm32f0xx_hal_i2c.o
LOAD Drivers/STM32F0xx_HAL_Driver/Src/stm32f0xx_hal_i2c_ex.o
LOAD Drivers/STM32F0xx_HAL_Driver/Src/stm32f0xx_hal_pwr.o
LOAD Drivers/STM32F0xx_HAL_Driver/Src/stm32f0xx_hal_pwr_ex.o
LOAD Drivers/STM32F0xx_HAL_Driver/Src/stm32f0xx_hal_rcc.o
LOAD Drivers/STM32F0xx_HAL_Driver/Src/stm32f0xx_hal_rcc_ex.o
LOAD Drivers/STM32F0xx_HAL_Driver/Src/stm32f0xx_hal_tim.o
LOAD Drivers/STM32F0xx_HAL_Driver/Src/stm32f0xx_hal_tim_ex.o
LOAD Drivers/STM32F0xx_HAL_Driver/Src/stm32f0xx_hal_uart.o
LOAD Drivers/STM32F0xx_HAL_Driver/Src/stm32f0xx_hal_uart_ex.o
LOAD Drivers/STM32F0xx_HAL_Driver/Src/stm32f0xx_ll_exti.o
LOAD Drivers/STM32F0xx_HAL_Driver/Src/stm32f0xx_ll_gpio.o
LOAD Drivers/STM32F0xx_HAL_Driver/Src/stm32f0xx_ll_rcc.o
LOAD Drivers/STM32F0xx_HAL_Driver/Src/stm32f0xx_ll_utils.o
LOAD algos/ace/Implementations/crypto_aead/aceae128v1/ref/ace.o
LOAD algos/ace/Implementations/crypto_aead/aceae128v1/ref/encrypt.o
LOAD algos/ace/Implementations/crypto_hash/acehash256v1/ref/ace.o
LOAD algos/ace/Implementations/crypto_hash/acehash256v1/ref/hash.o
LOAD algos/ascon/Implementations/crypto_aead/ascon128av12/ref/decrypt.o
LOAD algos/ascon/Implementations/crypto_aead/ascon128av12/ref/encrypt.o
LOAD algos/ascon/Implementations/crypto_aead/ascon128v12/ref/decrypt.o
LOAD algos/ascon/Implementations/crypto_aead/ascon128v12/ref/encrypt.o
LOAD algos/ascon/Implementations/crypto_aead/ascon80pqv12/ref/decrypt.o
LOAD algos/ascon/Implementations/crypto_aead/ascon80pqv12/ref/encrypt.o
LOAD algos/ascon/Implementations/crypto_hash/asconhashv12/ref/hash.o
LOAD algos/ascon/Implementations/crypto_hash/asconxofv12/ref/hash.o
LOAD algos/comet/Implementations/crypto_aead/comet128aesv1/ref/AES_10_128-128.o
LOAD algos/comet/Implementations/crypto_aead/comet128aesv1/ref/comet_64-128_and_128-128.o
LOAD algos/comet/Implementations/crypto_aead/comet128aesv1/ref/encrypt.o
LOAD algos/comet/Implementations/crypto_aead/comet128chamv1/ref/CHAM_64-128_and_128-128.o
LOAD algos/comet/Implementations/crypto_aead/comet128chamv1/ref/comet_64-128_and_128-128.o
LOAD algos/comet/Implementations/crypto_aead/comet128chamv1/ref/encrypt.o
LOAD algos/comet/Implementations/crypto_aead/comet64chamv1/ref/CHAM_64-128_and_128-128.o
LOAD algos/comet/Implementations/crypto_aead/comet64chamv1/ref/comet_64-128_and_128-128.o
LOAD algos/comet/Implementations/crypto_aead/comet64chamv1/ref/encrypt.o
LOAD algos/comet/Implementations/crypto_aead/comet64speckv1/ref/comet_64-128_and_128-128.o
LOAD algos/comet/Implementations/crypto_aead/comet64speckv1/ref/encrypt.o
LOAD algos/comet/Implementations/crypto_aead/comet64speckv1/ref/speck_64-128_and_128-128.o
LOAD algos/drygascon/Implementations/crypto_aead/drygascon128/ref/encrypt.o
LOAD algos/drygascon/Implementations/crypto_aead/drygascon256/ref/encrypt.o
LOAD algos/drygascon/Implementations/crypto_hash/drygascon128/ref/hash.o
LOAD algos/drygascon/Implementations/crypto_hash/drygascon256/ref/hash.o
LOAD algos/elephant/Implementations/crypto_aead/elephant160v1/ref/encrypt.o
LOAD algos/elephant/Implementations/crypto_aead/elephant160v1/ref/spongent.o
LOAD algos/elephant/Implementations/crypto_aead/elephant176v1/ref/encrypt.o
LOAD algos/elephant/Implementations/crypto_aead/elephant176v1/ref/spongent.o
LOAD algos/elephant/Implementations/crypto_aead/elephant200v1/ref/encrypt.o
LOAD algos/elephant/Implementations/crypto_aead/elephant200v1/ref/keccak.o
LOAD algos/estate/Implementations/crypto_aead/estatetweaes128v1/ref/encrypt.o
LOAD algos/estate/Implementations/crypto_aead/estatetweaes128v1/ref/tweaes-128.o
LOAD algos/estate/Implementations/crypto_aead/estatetwegift128v1/ref/encrypt.o
LOAD algos/estate/Implementations/crypto_aead/estatetwegift128v1/ref/twegift-128.o
LOAD algos/estate/Implementations/crypto_aead/sestatetweaes128v1/ref/encrypt.o
LOAD algos/estate/Implementations/crypto_aead/sestatetweaes128v1/ref/tweaes-128.o
LOAD algos/forkae/Implementations/crypto_aead/paefforkskinnyb128t192n48v1/ref/encrypt.o
LOAD algos/forkae/Implementations/crypto_aead/paefforkskinnyb128t192n48v1/ref/forkskinny.o
LOAD algos/forkae/Implementations/crypto_aead/paefforkskinnyb128t192n48v1/ref/helpers.o
LOAD algos/forkae/Implementations/crypto_aead/paefforkskinnyb128t192n48v1/ref/paef.o
LOAD algos/forkae/Implementations/crypto_aead/paefforkskinnyb128t192n48v1/ref/skinny_round.o
LOAD algos/forkae/Implementations/crypto_aead/paefforkskinnyb128t256n112v1/ref/encrypt.o
LOAD algos/forkae/Implementations/crypto_aead/paefforkskinnyb128t256n112v1/ref/forkskinny.o
LOAD algos/forkae/Implementations/crypto_aead/paefforkskinnyb128t256n112v1/ref/helpers.o
LOAD algos/forkae/Implementations/crypto_aead/paefforkskinnyb128t256n112v1/ref/paef.o
LOAD algos/forkae/Implementations/crypto_aead/paefforkskinnyb128t256n112v1/ref/skinny_round.o
LOAD algos/forkae/Implementations/crypto_aead/paefforkskinnyb128t288n104v1/ref/encrypt.o
LOAD algos/forkae/Implementations/crypto_aead/paefforkskinnyb128t288n104v1/ref/forkskinny.o
LOAD algos/forkae/Implementations/crypto_aead/paefforkskinnyb128t288n104v1/ref/helpers.o
LOAD algos/forkae/Implementations/crypto_aead/paefforkskinnyb128t288n104v1/ref/paef.o
LOAD algos/forkae/Implementations/crypto_aead/paefforkskinnyb128t288n104v1/ref/skinny_round.o
LOAD algos/forkae/Implementations/crypto_aead/paefforkskinnyb64t192n48v1/ref/encrypt.o
LOAD algos/forkae/Implementations/crypto_aead/paefforkskinnyb64t192n48v1/ref/forkskinny.o
LOAD algos/forkae/Implementations/crypto_aead/paefforkskinnyb64t192n48v1/ref/helpers.o
LOAD algos/forkae/Implementations/crypto_aead/paefforkskinnyb64t192n48v1/ref/paef.o
LOAD algos/forkae/Implementations/crypto_aead/paefforkskinnyb64t192n48v1/ref/skinny_round.o
LOAD algos/forkae/Implementations/crypto_aead/saefforkskinnyb128t192n56v1/ref/encrypt.o
LOAD algos/forkae/Implementations/crypto_aead/saefforkskinnyb128t192n56v1/ref/forkskinny.o
LOAD algos/forkae/Implementations/crypto_aead/saefforkskinnyb128t192n56v1/ref/helpers.o
LOAD algos/forkae/Implementations/crypto_aead/saefforkskinnyb128t192n56v1/ref/saef.o
LOAD algos/forkae/Implementations/crypto_aead/saefforkskinnyb128t192n56v1/ref/skinny_round.o
LOAD algos/forkae/Implementations/crypto_aead/saefforkskinnyb128t256n120v1/ref/encrypt.o
LOAD algos/forkae/Implementations/crypto_aead/saefforkskinnyb128t256n120v1/ref/forkskinny.o
LOAD algos/forkae/Implementations/crypto_aead/saefforkskinnyb128t256n120v1/ref/helpers.o
LOAD algos/forkae/Implementations/crypto_aead/saefforkskinnyb128t256n120v1/ref/saef.o
LOAD algos/forkae/Implementations/crypto_aead/saefforkskinnyb128t256n120v1/ref/skinny_round.o
LOAD algos/gift-cofb/Implementations/crypto_aead/giftcofb128v1/ref/encrypt.o
LOAD algos/gift-cofb/Implementations/crypto_aead/giftcofb128v1/ref/gift128.o
LOAD algos/oribatida/Implementations/crypto_aead/oribatida192v12/ref/encrypt.o
LOAD algos/oribatida/Implementations/crypto_aead/oribatida256v12/ref/encrypt.o
LOAD algos/photon-beetle/photon-beetle/Implementations/crypto_aead/photonbeetleaead128rate128v1/ref/encrypt.o
LOAD algos/photon-beetle/photon-beetle/Implementations/crypto_aead/photonbeetleaead128rate128v1/ref/photon.o
LOAD algos/photon-beetle/photon-beetle/Implementations/crypto_aead/photonbeetleaead128rate32v1/ref/encrypt.o
LOAD algos/photon-beetle/photon-beetle/Implementations/crypto_aead/photonbeetleaead128rate32v1/ref/photon.o
LOAD algos/photon-beetle/photon-beetle/Implementations/crypto_hash/photonbeetlehash256rate32v1/ref/hash.o
LOAD algos/photon-beetle/photon-beetle/Implementations/crypto_hash/photonbeetlehash256rate32v1/ref/photon.o
LOAD algos/pyjamask/Implementations/crypto_aead/pyjamask128aeadv1/ref/encrypt.o
LOAD algos/pyjamask/Implementations/crypto_aead/pyjamask128aeadv1/ref/pyjamask.o
LOAD algos/pyjamask/Implementations/crypto_aead/pyjamask96aeadv1/ref/encrypt.o
LOAD algos/pyjamask/Implementations/crypto_aead/pyjamask96aeadv1/ref/pyjamask.o
LOAD algos/romulus/Implementations/crypto_aead/romulusm1v12/ref/encrypt.o
LOAD algos/romulus/Implementations/crypto_aead/romulusm1v12/ref/skinny_reference.o
LOAD algos/romulus/Implementations/crypto_aead/romulusm2v12/ref/encrypt.o
LOAD algos/romulus/Implementations/crypto_aead/romulusm2v12/ref/skinny_reference.o
LOAD algos/romulus/Implementations/crypto_aead/romulusm3v12/ref/encrypt.o
LOAD algos/romulus/Implementations/crypto_aead/romulusm3v12/ref/skinny_reference.o
LOAD algos/romulus/Implementations/crypto_aead/romulusn1v12/ref/encrypt.o
LOAD algos/romulus/Implementations/crypto_aead/romulusn1v12/ref/skinny_reference.o
LOAD algos/romulus/Implementations/crypto_aead/romulusn2v12/ref/encrypt.o
LOAD algos/romulus/Implementations/crypto_aead/romulusn2v12/ref/skinny_reference.o
LOAD algos/romulus/Implementations/crypto_aead/romulusn3v12/ref/encrypt.o
LOAD algos/romulus/Implementations/crypto_aead/romulusn3v12/ref/skinny_reference.o
LOAD algos/wage/Implementations/crypto_aead/wageae128v1/ref/encrypt.o
LOAD algos/wage/Implementations/crypto_aead/wageae128v1/ref/wage.o
LOAD algos/xoodyak/Implementations/crypto_aead/xoodyakv1/ref/Xoodoo-reference.o
LOAD algos/xoodyak/Implementations/crypto_aead/xoodyakv1/ref/Xoodyak.o
LOAD algos/xoodyak/Implementations/crypto_aead/xoodyakv1/ref/encrypt.o
LOAD algos/xoodyak/Implementations/crypto_hash/xoodyakv1/ref/Xoodoo-reference.o
LOAD algos/xoodyak/Implementations/crypto_hash/xoodyakv1/ref/Xoodyak.o
LOAD algos/xoodyak/Implementations/crypto_hash/xoodyakv1/ref/hash.o
LOAD genkat_src/genkat_aead_hash.o
LOAD genkat_src/mem_stat.o
START GROUP
LOAD c:/st/stm32cubeide_1.1.0/stm32cubeide/plugins/com.st.stm32cube.ide.mcu.externaltools.gnu-tools-for-stm32.9-2020-q2-update.win32_1.5.0.202011040924/tools/bin/../lib/gcc/arm-none-eabi/9.3.1/../../../../arm-none-eabi/lib/thumb/v6-m/nofp\libc_nano.a
LOAD c:/st/stm32cubeide_1.1.0/stm32cubeide/plugins/com.st.stm32cube.ide.mcu.externaltools.gnu-tools-for-stm32.9-2020-q2-update.win32_1.5.0.202011040924/tools/bin/../lib/gcc/arm-none-eabi/9.3.1/../../../../arm-none-eabi/lib/thumb/v6-m/nofp\libm.a
END GROUP
START GROUP
LOAD c:/st/stm32cubeide_1.1.0/stm32cubeide/plugins/com.st.stm32cube.ide.mcu.externaltools.gnu-tools-for-stm32.9-2020-q2-update.win32_1.5.0.202011040924/tools/bin/../lib/gcc/arm-none-eabi/9.3.1/thumb/v6-m/nofp\libgcc.a
LOAD c:/st/stm32cubeide_1.1.0/stm32cubeide/plugins/com.st.stm32cube.ide.mcu.externaltools.gnu-tools-for-stm32.9-2020-q2-update.win32_1.5.0.202011040924/tools/bin/../lib/gcc/arm-none-eabi/9.3.1/../../../../arm-none-eabi/lib/thumb/v6-m/nofp\libc_nano.a
END GROUP
START GROUP
LOAD c:/st/stm32cubeide_1.1.0/stm32cubeide/plugins/com.st.stm32cube.ide.mcu.externaltools.gnu-tools-for-stm32.9-2020-q2-update.win32_1.5.0.202011040924/tools/bin/../lib/gcc/arm-none-eabi/9.3.1/thumb/v6-m/nofp\libgcc.a
LOAD c:/st/stm32cubeide_1.1.0/stm32cubeide/plugins/com.st.stm32cube.ide.mcu.externaltools.gnu-tools-for-stm32.9-2020-q2-update.win32_1.5.0.202011040924/tools/bin/../lib/gcc/arm-none-eabi/9.3.1/../../../../arm-none-eabi/lib/thumb/v6-m/nofp\libc_nano.a
LOAD c:/st/stm32cubeide_1.1.0/stm32cubeide/plugins/com.st.stm32cube.ide.mcu.externaltools.gnu-tools-for-stm32.9-2020-q2-update.win32_1.5.0.202011040924/tools/bin/../lib/gcc/arm-none-eabi/9.3.1/../../../../arm-none-eabi/lib/thumb/v6-m/nofp\libnosys.a
END GROUP
START GROUP
LOAD c:/st/stm32cubeide_1.1.0/stm32cubeide/plugins/com.st.stm32cube.ide.mcu.externaltools.gnu-tools-for-stm32.9-2020-q2-update.win32_1.5.0.202011040924/tools/bin/../lib/gcc/arm-none-eabi/9.3.1/thumb/v6-m/nofp\libgcc.a
LOAD c:/st/stm32cubeide_1.1.0/stm32cubeide/plugins/com.st.stm32cube.ide.mcu.externaltools.gnu-tools-for-stm32.9-2020-q2-update.win32_1.5.0.202011040924/tools/bin/../lib/gcc/arm-none-eabi/9.3.1/../../../../arm-none-eabi/lib/thumb/v6-m/nofp\libc_nano.a
LOAD c:/st/stm32cubeide_1.1.0/stm32cubeide/plugins/com.st.stm32cube.ide.mcu.externaltools.gnu-tools-for-stm32.9-2020-q2-update.win32_1.5.0.202011040924/tools/bin/../lib/gcc/arm-none-eabi/9.3.1/../../../../arm-none-eabi/lib/thumb/v6-m/nofp\libnosys.a
END GROUP
LOAD c:/st/stm32cubeide_1.1.0/stm32cubeide/plugins/com.st.stm32cube.ide.mcu.externaltools.gnu-tools-for-stm32.9-2020-q2-update.win32_1.5.0.202011040924/tools/bin/../lib/gcc/arm-none-eabi/9.3.1/thumb/v6-m/nofp/crtend.o
LOAD c:/st/stm32cubeide_1.1.0/stm32cubeide/plugins/com.st.stm32cube.ide.mcu.externaltools.gnu-tools-for-stm32.9-2020-q2-update.win32_1.5.0.202011040924/tools/bin/../lib/gcc/arm-none-eabi/9.3.1/thumb/v6-m/nofp/crtn.o
                0x0000000020002000                _estack = (ORIGIN (RAM) + LENGTH (RAM))
                0x0000000000000200                _Min_Heap_Size = 0x200
                0x0000000000000400                _Min_Stack_Size = 0x400

.isr_vector     0x0000000008000000       0xc0
                0x0000000008000000                . = ALIGN (0x4)
 *(.isr_vector)
 .isr_vector    0x0000000008000000       0xc0 Core/Startup/startup_stm32f051r8tx.o
                0x0000000008000000                g_pfnVectors
                0x00000000080000c0                . = ALIGN (0x4)

.text           0x00000000080000c0     0x44d8
                0x00000000080000c0                . = ALIGN (0x4)
 *(.text)
 .text          0x00000000080000c0       0x48 c:/st/stm32cubeide_1.1.0/stm32cubeide/plugins/com.st.stm32cube.ide.mcu.externaltools.gnu-tools-for-stm32.9-2020-q2-update.win32_1.5.0.202011040924/tools/bin/../lib/gcc/arm-none-eabi/9.3.1/thumb/v6-m/nofp/crtbegin.o
 .text          0x0000000008000108        0xe c:/st/stm32cubeide_1.1.0/stm32cubeide/plugins/com.st.stm32cube.ide.mcu.externaltools.gnu-tools-for-stm32.9-2020-q2-update.win32_1.5.0.202011040924/tools/bin/../lib/gcc/arm-none-eabi/9.3.1/../../../../arm-none-eabi/lib/thumb/v6-m/nofp\libc_nano.a(lib_a-strlen.o)
                0x0000000008000108                strlen
 *fill*         0x0000000008000116        0x2 
 .text          0x0000000008000118       0x14 c:/st/stm32cubeide_1.1.0/stm32cubeide/plugins/com.st.stm32cube.ide.mcu.externaltools.gnu-tools-for-stm32.9-2020-q2-update.win32_1.5.0.202011040924/tools/bin/../lib/gcc/arm-none-eabi/9.3.1/thumb/v6-m/nofp\libgcc.a(_thumb1_case_shi.o)
                0x0000000008000118                __gnu_thumb1_case_shi
 .text          0x000000000800012c      0x114 c:/st/stm32cubeide_1.1.0/stm32cubeide/plugins/com.st.stm32cube.ide.mcu.externaltools.gnu-tools-for-stm32.9-2020-q2-update.win32_1.5.0.202011040924/tools/bin/../lib/gcc/arm-none-eabi/9.3.1/thumb/v6-m/nofp\libgcc.a(_udivsi3.o)
                0x000000000800012c                __aeabi_uidiv
                0x000000000800012c                __udivsi3
                0x0000000008000238                __aeabi_uidivmod
 .text          0x0000000008000240        0x4 c:/st/stm32cubeide_1.1.0/stm32cubeide/plugins/com.st.stm32cube.ide.mcu.externaltools.gnu-tools-for-stm32.9-2020-q2-update.win32_1.5.0.202011040924/tools/bin/../lib/gcc/arm-none-eabi/9.3.1/thumb/v6-m/nofp\libgcc.a(_dvmd_tls.o)
                0x0000000008000240                __aeabi_idiv0
                0x0000000008000240                __aeabi_ldiv0
 *(.text*)
 .text.LL_AHB1_GRP1_EnableClock
                0x0000000008000244       0x2c Core/Src/main.o
 .text.main     0x0000000008000270       0x2c Core/Src/main.o
                0x0000000008000270                main
 .text.SystemClock_Config
                0x000000000800029c       0xc2 Core/Src/main.o
                0x000000000800029c                SystemClock_Config
 *fill*         0x000000000800035e        0x2 
 .text.MX_TIM6_Init
                0x0000000008000360       0x78 Core/Src/main.o
 .text.MX_USART1_UART_Init
                0x00000000080003d8       0x60 Core/Src/main.o
 .text.MX_GPIO_Init
                0x0000000008000438       0x14 Core/Src/main.o
 .text.Error_Handler
                0x000000000800044c        0xa Core/Src/main.o
                0x000000000800044c                Error_Handler
 *fill*         0x0000000008000456        0x2 
 .text.HAL_MspInit
                0x0000000008000458       0x48 Core/Src/stm32f0xx_hal_msp.o
                0x0000000008000458                HAL_MspInit
 .text.HAL_TIM_Base_MspInit
                0x00000000080004a0       0x4c Core/Src/stm32f0xx_hal_msp.o
                0x00000000080004a0                HAL_TIM_Base_MspInit
 .text.HAL_UART_MspInit
                0x00000000080004ec       0x9c Core/Src/stm32f0xx_hal_msp.o
                0x00000000080004ec                HAL_UART_MspInit
 .text.NMI_Handler
                0x0000000008000588        0x6 Core/Src/stm32f0xx_it.o
                0x0000000008000588                NMI_Handler
 .text.HardFault_Handler
                0x000000000800058e        0x6 Core/Src/stm32f0xx_it.o
                0x000000000800058e                HardFault_Handler
 .text.SVC_Handler
                0x0000000008000594        0xa Core/Src/stm32f0xx_it.o
                0x0000000008000594                SVC_Handler
 .text.PendSV_Handler
                0x000000000800059e        0xa Core/Src/stm32f0xx_it.o
                0x000000000800059e                PendSV_Handler
 .text.SysTick_Handler
                0x00000000080005a8        0xe Core/Src/stm32f0xx_it.o
                0x00000000080005a8                SysTick_Handler
 *fill*         0x00000000080005b6        0x2 
 .text.TIM6_DAC_IRQHandler
                0x00000000080005b8       0x18 Core/Src/stm32f0xx_it.o
                0x00000000080005b8                TIM6_DAC_IRQHandler
 .text._getpid  0x00000000080005d0        0xc Core/Src/syscalls.o
                0x00000000080005d0                _getpid
 .text._kill    0x00000000080005dc       0x20 Core/Src/syscalls.o
                0x00000000080005dc                _kill
 .text._exit    0x00000000080005fc       0x18 Core/Src/syscalls.o
                0x00000000080005fc                _exit
 .text._read    0x0000000008000614       0x3a Core/Src/syscalls.o
                0x0000000008000614                _read
 .text._write   0x000000000800064e       0x38 Core/Src/syscalls.o
                0x000000000800064e                _write
 .text._close   0x0000000008000686       0x14 Core/Src/syscalls.o
                0x0000000008000686                _close
 .text._fstat   0x000000000800069a       0x1c Core/Src/syscalls.o
                0x000000000800069a                _fstat
 .text._isatty  0x00000000080006b6       0x12 Core/Src/syscalls.o
                0x00000000080006b6                _isatty
 .text._lseek   0x00000000080006c8       0x16 Core/Src/syscalls.o
                0x00000000080006c8                _lseek
 *fill*         0x00000000080006de        0x2 
 .text._sbrk    0x00000000080006e0       0x6c Core/Src/sysmem.o
                0x00000000080006e0                _sbrk
 .text.SystemInit
                0x000000000800074c        0xa Core/Src/system_stm32f0xx.o
                0x000000000800074c                SystemInit
 *fill*         0x0000000008000756        0x2 
 .text.Reset_Handler
                0x0000000008000758       0x50 Core/Startup/startup_stm32f051r8tx.o
                0x0000000008000758                Reset_Handler
 .text.Default_Handler
                0x00000000080007a8        0x2 Core/Startup/startup_stm32f051r8tx.o
                0x00000000080007a8                TIM1_CC_IRQHandler
                0x00000000080007a8                TSC_IRQHandler
                0x00000000080007a8                ADC1_COMP_IRQHandler
                0x00000000080007a8                PVD_IRQHandler
                0x00000000080007a8                I2C1_IRQHandler
                0x00000000080007a8                RCC_CRS_IRQHandler
                0x00000000080007a8                SPI1_IRQHandler
                0x00000000080007a8                EXTI2_3_IRQHandler
                0x00000000080007a8                I2C2_IRQHandler
                0x00000000080007a8                TIM17_IRQHandler
                0x00000000080007a8                CEC_CAN_IRQHandler
                0x00000000080007a8                RTC_IRQHandler
                0x00000000080007a8                TIM16_IRQHandler
                0x00000000080007a8                TIM3_IRQHandler
                0x00000000080007a8                EXTI4_15_IRQHandler
                0x00000000080007a8                DMA1_Channel1_IRQHandler
                0x00000000080007a8                Default_Handler
                0x00000000080007a8                TIM14_IRQHandler
                0x00000000080007a8                DMA1_Channel4_5_IRQHandler
                0x00000000080007a8                TIM15_IRQHandler
                0x00000000080007a8                EXTI0_1_IRQHandler
                0x00000000080007a8                SPI2_IRQHandler
                0x00000000080007a8                WWDG_IRQHandler
                0x00000000080007a8                TIM2_IRQHandler
                0x00000000080007a8                DMA1_Channel2_3_IRQHandler
                0x00000000080007a8                USART2_IRQHandler
                0x00000000080007a8                FLASH_IRQHandler
                0x00000000080007a8                USART1_IRQHandler
                0x00000000080007a8                TIM1_BRK_UP_TRG_COM_IRQHandler
 *fill*         0x00000000080007aa        0x2 
 .text.HAL_Init
                0x00000000080007ac       0x28 Drivers/STM32F0xx_HAL_Driver/Src/stm32f0xx_hal.o
                0x00000000080007ac                HAL_Init
 .text.HAL_InitTick
                0x00000000080007d4       0x68 Drivers/STM32F0xx_HAL_Driver/Src/stm32f0xx_hal.o
                0x00000000080007d4                HAL_InitTick
 .text.HAL_IncTick
                0x000000000800083c       0x24 Drivers/STM32F0xx_HAL_Driver/Src/stm32f0xx_hal.o
                0x000000000800083c                HAL_IncTick
 .text.HAL_GetTick
                0x0000000008000860       0x14 Drivers/STM32F0xx_HAL_Driver/Src/stm32f0xx_hal.o
                0x0000000008000860                HAL_GetTick
 .text.HAL_Delay
                0x0000000008000874       0x48 Drivers/STM32F0xx_HAL_Driver/Src/stm32f0xx_hal.o
                0x0000000008000874                HAL_Delay
 .text.__NVIC_EnableIRQ
                0x00000000080008bc       0x34 Drivers/STM32F0xx_HAL_Driver/Src/stm32f0xx_hal_cortex.o
 .text.__NVIC_SetPriority
                0x00000000080008f0       0xdc Drivers/STM32F0xx_HAL_Driver/Src/stm32f0xx_hal_cortex.o
 .text.SysTick_Config
                0x00000000080009cc       0x48 Drivers/STM32F0xx_HAL_Driver/Src/stm32f0xx_hal_cortex.o
 .text.HAL_NVIC_SetPriority
                0x0000000008000a14       0x2a Drivers/STM32F0xx_HAL_Driver/Src/stm32f0xx_hal_cortex.o
                0x0000000008000a14                HAL_NVIC_SetPriority
 .text.HAL_NVIC_EnableIRQ
                0x0000000008000a3e       0x20 Drivers/STM32F0xx_HAL_Driver/Src/stm32f0xx_hal_cortex.o
                0x0000000008000a3e                HAL_NVIC_EnableIRQ
 .text.HAL_SYSTICK_Config
                0x0000000008000a5e       0x1a Drivers/STM32F0xx_HAL_Driver/Src/stm32f0xx_hal_cortex.o
                0x0000000008000a5e                HAL_SYSTICK_Config
 .text.HAL_GPIO_Init
                0x0000000008000a78      0x2e0 Drivers/STM32F0xx_HAL_Driver/Src/stm32f0xx_hal_gpio.o
                0x0000000008000a78                HAL_GPIO_Init
 .text.HAL_RCC_OscConfig
                0x0000000008000d58      0x634 Drivers/STM32F0xx_HAL_Driver/Src/stm32f0xx_hal_rcc.o
                0x0000000008000d58                HAL_RCC_OscConfig
 .text.HAL_RCC_ClockConfig
                0x000000000800138c      0x19c Drivers/STM32F0xx_HAL_Driver/Src/stm32f0xx_hal_rcc.o
                0x000000000800138c                HAL_RCC_ClockConfig
 .text.HAL_RCC_GetSysClockFreq
                0x0000000008001528       0xc8 Drivers/STM32F0xx_HAL_Driver/Src/stm32f0xx_hal_rcc.o
                0x0000000008001528                HAL_RCC_GetSysClockFreq
 .text.HAL_RCC_GetHCLKFreq
                0x00000000080015f0       0x14 Drivers/STM32F0xx_HAL_Driver/Src/stm32f0xx_hal_rcc.o
                0x00000000080015f0                HAL_RCC_GetHCLKFreq
 .text.HAL_RCC_GetPCLK1Freq
                0x0000000008001604       0x2c Drivers/STM32F0xx_HAL_Driver/Src/stm32f0xx_hal_rcc.o
                0x0000000008001604                HAL_RCC_GetPCLK1Freq
 .text.HAL_RCCEx_PeriphCLKConfig
                0x0000000008001630      0x1bc Drivers/STM32F0xx_HAL_Driver/Src/stm32f0xx_hal_rcc_ex.o
                0x0000000008001630                HAL_RCCEx_PeriphCLKConfig
 .text.HAL_TIM_Base_Init
                0x00000000080017ec       0xa0 Drivers/STM32F0xx_HAL_Driver/Src/stm32f0xx_hal_tim.o
                0x00000000080017ec                HAL_TIM_Base_Init
 .text.HAL_TIM_Base_Start_IT
                0x000000000800188c       0xa4 Drivers/STM32F0xx_HAL_Driver/Src/stm32f0xx_hal_tim.o
                0x000000000800188c                HAL_TIM_Base_Start_IT
 .text.HAL_TIM_Base_Stop_IT
                0x0000000008001930       0x5c Drivers/STM32F0xx_HAL_Driver/Src/stm32f0xx_hal_tim.o
                0x0000000008001930                HAL_TIM_Base_Stop_IT
 .text.HAL_TIM_IRQHandler
                0x000000000800198c      0x22c Drivers/STM32F0xx_HAL_Driver/Src/stm32f0xx_hal_tim.o
                0x000000000800198c                HAL_TIM_IRQHandler
 .text.HAL_TIM_OC_DelayElapsedCallback
                0x0000000008001bb8       0x10 Drivers/STM32F0xx_HAL_Driver/Src/stm32f0xx_hal_tim.o
                0x0000000008001bb8                HAL_TIM_OC_DelayElapsedCallback
 .text.HAL_TIM_IC_CaptureCallback
                0x0000000008001bc8       0x10 Drivers/STM32F0xx_HAL_Driver/Src/stm32f0xx_hal_tim.o
                0x0000000008001bc8                HAL_TIM_IC_CaptureCallback
 .text.HAL_TIM_PWM_PulseFinishedCallback
                0x0000000008001bd8       0x10 Drivers/STM32F0xx_HAL_Driver/Src/stm32f0xx_hal_tim.o
                0x0000000008001bd8                HAL_TIM_PWM_PulseFinishedCallback
 .text.HAL_TIM_TriggerCallback
                0x0000000008001be8       0x10 Drivers/STM32F0xx_HAL_Driver/Src/stm32f0xx_hal_tim.o
                0x0000000008001be8                HAL_TIM_TriggerCallback
 .text.TIM_Base_SetConfig
                0x0000000008001bf8      0x100 Drivers/STM32F0xx_HAL_Driver/Src/stm32f0xx_hal_tim.o
                0x0000000008001bf8                TIM_Base_SetConfig
 .text.HAL_TIMEx_MasterConfigSynchronization
                0x0000000008001cf8       0xbc Drivers/STM32F0xx_HAL_Driver/Src/stm32f0xx_hal_tim_ex.o
                0x0000000008001cf8                HAL_TIMEx_MasterConfigSynchronization
 .text.HAL_TIMEx_CommutCallback
                0x0000000008001db4       0x10 Drivers/STM32F0xx_HAL_Driver/Src/stm32f0xx_hal_tim_ex.o
                0x0000000008001db4                HAL_TIMEx_CommutCallback
 .text.HAL_TIMEx_BreakCallback
                0x0000000008001dc4       0x10 Drivers/STM32F0xx_HAL_Driver/Src/stm32f0xx_hal_tim_ex.o
                0x0000000008001dc4                HAL_TIMEx_BreakCallback
 .text.HAL_UART_Init
                0x0000000008001dd4       0xa8 Drivers/STM32F0xx_HAL_Driver/Src/stm32f0xx_hal_uart.o
                0x0000000008001dd4                HAL_UART_Init
 .text.HAL_UART_Transmit
                0x0000000008001e7c      0x152 Drivers/STM32F0xx_HAL_Driver/Src/stm32f0xx_hal_uart.o
                0x0000000008001e7c                HAL_UART_Transmit
 *fill*         0x0000000008001fce        0x2 
 .text.UART_SetConfig
                0x0000000008001fd0      0x280 Drivers/STM32F0xx_HAL_Driver/Src/stm32f0xx_hal_uart.o
                0x0000000008001fd0                UART_SetConfig
 .text.UART_AdvFeatureConfig
                0x0000000008002250      0x168 Drivers/STM32F0xx_HAL_Driver/Src/stm32f0xx_hal_uart.o
                0x0000000008002250                UART_AdvFeatureConfig
 .text.UART_CheckIdleState
                0x00000000080023b8       0x90 Drivers/STM32F0xx_HAL_Driver/Src/stm32f0xx_hal_uart.o
                0x00000000080023b8                UART_CheckIdleState
 .text.UART_WaitOnFlagUntilTimeout
                0x0000000008002448       0xfc Drivers/STM32F0xx_HAL_Driver/Src/stm32f0xx_hal_uart.o
                0x0000000008002448                UART_WaitOnFlagUntilTimeout
 .text.Xoodoo_StaticInitialize
                0x0000000008002544        0xa algos/xoodyak/Implementations/crypto_hash/xoodyakv1/ref/Xoodoo-reference.o
                0x0000000008002544                Xoodoo_StaticInitialize
 .text.Xoodoo_Initialize
                0x000000000800254e       0x1c algos/xoodyak/Implementations/crypto_hash/xoodyakv1/ref/Xoodoo-reference.o
                0x000000000800254e                Xoodoo_Initialize
 *fill*         0x000000000800256a        0x2 
 .text.Xoodoo_AddByte
                0x000000000800256c       0x54 algos/xoodyak/Implementations/crypto_hash/xoodyakv1/ref/Xoodoo-reference.o
                0x000000000800256c                Xoodoo_AddByte
 .text.Xoodoo_AddBytes
                0x00000000080025c0       0x88 algos/xoodyak/Implementations/crypto_hash/xoodyakv1/ref/Xoodoo-reference.o
                0x00000000080025c0                Xoodoo_AddBytes
 .text.Xoodoo_ExtractBytes
                0x0000000008002648       0x60 algos/xoodyak/Implementations/crypto_hash/xoodyakv1/ref/Xoodoo-reference.o
                0x0000000008002648                Xoodoo_ExtractBytes
 .text.fromBytesToWords
                0x00000000080026a8       0x70 algos/xoodyak/Implementations/crypto_hash/xoodyakv1/ref/Xoodoo-reference.o
 .text.fromWordsToBytes
                0x0000000008002718       0x5a algos/xoodyak/Implementations/crypto_hash/xoodyakv1/ref/Xoodoo-reference.o
 .text.Xoodoo_Round
                0x0000000008002772      0x2d6 algos/xoodyak/Implementations/crypto_hash/xoodyakv1/ref/Xoodoo-reference.o
 .text.Xoodoo_Permute_Nrounds
                0x0000000008002a48       0x5c algos/xoodyak/Implementations/crypto_hash/xoodyakv1/ref/Xoodoo-reference.o
                0x0000000008002a48                Xoodoo_Permute_Nrounds
 .text.Xoodoo_Permute_12rounds
                0x0000000008002aa4       0x1a algos/xoodyak/Implementations/crypto_hash/xoodyakv1/ref/Xoodoo-reference.o
                0x0000000008002aa4                Xoodoo_Permute_12rounds
 .text.Xoodyak_Down
                0x0000000008002abe       0x5a algos/xoodyak/Implementations/crypto_hash/xoodyakv1/ref/Xoodyak.o
 .text.Xoodyak_Up
                0x0000000008002b18       0x4a algos/xoodyak/Implementations/crypto_hash/xoodyakv1/ref/Xoodyak.o
 .text.Xoodyak_AbsorbAny
                0x0000000008002b62       0x6a algos/xoodyak/Implementations/crypto_hash/xoodyakv1/ref/Xoodyak.o
 .text.Xoodyak_AbsorbKey
                0x0000000008002bcc       0xc4 algos/xoodyak/Implementations/crypto_hash/xoodyakv1/ref/Xoodyak.o
 .text.Xoodyak_SqueezeAny
                0x0000000008002c90       0x86 algos/xoodyak/Implementations/crypto_hash/xoodyakv1/ref/Xoodyak.o
 .text.Xoodyak_Initialize
                0x0000000008002d16       0x5a algos/xoodyak/Implementations/crypto_hash/xoodyakv1/ref/Xoodyak.o
                0x0000000008002d16                Xoodyak_Initialize
 .text.Xoodyak_Absorb
                0x0000000008002d70       0x26 algos/xoodyak/Implementations/crypto_hash/xoodyakv1/ref/Xoodyak.o
                0x0000000008002d70                Xoodyak_Absorb
 .text.Xoodyak_Squeeze
                0x0000000008002d96       0x20 algos/xoodyak/Implementations/crypto_hash/xoodyakv1/ref/Xoodyak.o
                0x0000000008002d96                Xoodyak_Squeeze
 .text.crypto_hash
                0x0000000008002db6       0x4a algos/xoodyak/Implementations/crypto_hash/xoodyakv1/ref/hash.o
                0x0000000008002db6                crypto_hash
 .text.genkat_benchmark_hash_aead
                0x0000000008002e00       0x78 genkat_src/genkat_aead_hash.o
                0x0000000008002e00                genkat_benchmark_hash_aead
 .text.hash_generate_test_vectors
                0x0000000008002e78      0x10c genkat_src/genkat_aead_hash.o
                0x0000000008002e78                hash_generate_test_vectors
 .text.init_buffer
                0x0000000008002f84       0x5a genkat_src/genkat_aead_hash.o
                0x0000000008002f84                init_buffer
 *fill*         0x0000000008002fde        0x2 
 .text.HAL_TIM_PeriodElapsedCallback
                0x0000000008002fe0       0x20 genkat_src/genkat_aead_hash.o
                0x0000000008002fe0                HAL_TIM_PeriodElapsedCallback
 .text.tick_msr_start
                0x0000000008003000       0x38 genkat_src/genkat_aead_hash.o
                0x0000000008003000                tick_msr_start
 .text.tick_msr_end
                0x0000000008003038       0x48 genkat_src/genkat_aead_hash.o
                0x0000000008003038                tick_msr_end
 .text.lwc_printf
                0x0000000008003080       0x48 genkat_src/genkat_aead_hash.o
                0x0000000008003080                lwc_printf
 .text.get_memory_usage
                0x00000000080030c8       0xb4 genkat_src/mem_stat.o
                0x00000000080030c8                get_memory_usage
 .text.__assert_func
                0x000000000800317c       0x3c c:/st/stm32cubeide_1.1.0/stm32cubeide/plugins/com.st.stm32cube.ide.mcu.externaltools.gnu-tools-for-stm32.9-2020-q2-update.win32_1.5.0.202011040924/tools/bin/../lib/gcc/arm-none-eabi/9.3.1/../../../../arm-none-eabi/lib/thumb/v6-m/nofp\libc_nano.a(lib_a-assert.o)
                0x000000000800317c                __assert_func
 .text.__errno  0x00000000080031b8        0xc c:/st/stm32cubeide_1.1.0/stm32cubeide/plugins/com.st.stm32cube.ide.mcu.externaltools.gnu-tools-for-stm32.9-2020-q2-update.win32_1.5.0.202011040924/tools/bin/../lib/gcc/arm-none-eabi/9.3.1/../../../../arm-none-eabi/lib/thumb/v6-m/nofp\libc_nano.a(lib_a-errno.o)
                0x00000000080031b8                __errno
 .text.fprintf  0x00000000080031c4       0x20 c:/st/stm32cubeide_1.1.0/stm32cubeide/plugins/com.st.stm32cube.ide.mcu.externaltools.gnu-tools-for-stm32.9-2020-q2-update.win32_1.5.0.202011040924/tools/bin/../lib/gcc/arm-none-eabi/9.3.1/../../../../arm-none-eabi/lib/thumb/v6-m/nofp\libc_nano.a(lib_a-fprintf.o)
                0x00000000080031c4                fiprintf
                0x00000000080031c4                fprintf
 .text.__libc_init_array
                0x00000000080031e4       0x48 c:/st/stm32cubeide_1.1.0/stm32cubeide/plugins/com.st.stm32cube.ide.mcu.externaltools.gnu-tools-for-stm32.9-2020-q2-update.win32_1.5.0.202011040924/tools/bin/../lib/gcc/arm-none-eabi/9.3.1/../../../../arm-none-eabi/lib/thumb/v6-m/nofp\libc_nano.a(lib_a-init.o)
                0x00000000080031e4                __libc_init_array
 .text.memcpy   0x000000000800322c       0x12 c:/st/stm32cubeide_1.1.0/stm32cubeide/plugins/com.st.stm32cube.ide.mcu.externaltools.gnu-tools-for-stm32.9-2020-q2-update.win32_1.5.0.202011040924/tools/bin/../lib/gcc/arm-none-eabi/9.3.1/../../../../arm-none-eabi/lib/thumb/v6-m/nofp\libc_nano.a(lib_a-memcpy-stub.o)
                0x000000000800322c                memcpy
 .text.memset   0x000000000800323e       0x10 c:/st/stm32cubeide_1.1.0/stm32cubeide/plugins/com.st.stm32cube.ide.mcu.externaltools.gnu-tools-for-stm32.9-2020-q2-update.win32_1.5.0.202011040924/tools/bin/../lib/gcc/arm-none-eabi/9.3.1/../../../../arm-none-eabi/lib/thumb/v6-m/nofp\libc_nano.a(lib_a-memset.o)
                0x000000000800323e                memset
 .text.__sfputc_r
                0x000000000800324e       0x2a c:/st/stm32cubeide_1.1.0/stm32cubeide/plugins/com.st.stm32cube.ide.mcu.externaltools.gnu-tools-for-stm32.9-2020-q2-update.win32_1.5.0.202011040924/tools/bin/../lib/gcc/arm-none-eabi/9.3.1/../../../../arm-none-eabi/lib/thumb/v6-m/nofp\libc_nano.a(lib_a-nano-vfprintf.o)
 .text.__sfputs_r
                0x0000000008003278       0x24 c:/st/stm32cubeide_1.1.0/stm32cubeide/plugins/com.st.stm32cube.ide.mcu.externaltools.gnu-tools-for-stm32.9-2020-q2-update.win32_1.5.0.202011040924/tools/bin/../lib/gcc/arm-none-eabi/9.3.1/../../../../arm-none-eabi/lib/thumb/v6-m/nofp\libc_nano.a(lib_a-nano-vfprintf.o)
                0x0000000008003278                __sfputs_r
 .text._vfprintf_r
                0x000000000800329c      0x274 c:/st/stm32cubeide_1.1.0/stm32cubeide/plugins/com.st.stm32cube.ide.mcu.externaltools.gnu-tools-for-stm32.9-2020-q2-update.win32_1.5.0.202011040924/tools/bin/../lib/gcc/arm-none-eabi/9.3.1/../../../../arm-none-eabi/lib/thumb/v6-m/nofp\libc_nano.a(lib_a-nano-vfprintf.o)
                0x000000000800329c                _vfprintf_r
                0x000000000800329c                _vfiprintf_r
 .text._printf_common
                0x0000000008003510       0xde c:/st/stm32cubeide_1.1.0/stm32cubeide/plugins/com.st.stm32cube.ide.mcu.externaltools.gnu-tools-for-stm32.9-2020-q2-update.win32_1.5.0.202011040924/tools/bin/../lib/gcc/arm-none-eabi/9.3.1/../../../../arm-none-eabi/lib/thumb/v6-m/nofp\libc_nano.a(lib_a-nano-vfprintf_i.o)
                0x0000000008003510                _printf_common
 *fill*         0x00000000080035ee        0x2 
 .text._printf_i
                0x00000000080035f0      0x224 c:/st/stm32cubeide_1.1.0/stm32cubeide/plugins/com.st.stm32cube.ide.mcu.externaltools.gnu-tools-for-stm32.9-2020-q2-update.win32_1.5.0.202011040924/tools/bin/../lib/gcc/arm-none-eabi/9.3.1/../../../../arm-none-eabi/lib/thumb/v6-m/nofp\libc_nano.a(lib_a-nano-vfprintf_i.o)
                0x00000000080035f0                _printf_i
 .text._vsprintf_r
                0x0000000008003814       0x2c c:/st/stm32cubeide_1.1.0/stm32cubeide/plugins/com.st.stm32cube.ide.mcu.externaltools.gnu-tools-for-stm32.9-2020-q2-update.win32_1.5.0.202011040924/tools/bin/../lib/gcc/arm-none-eabi/9.3.1/../../../../arm-none-eabi/lib/thumb/v6-m/nofp\libc_nano.a(lib_a-vsprintf.o)
                0x0000000008003814                _vsprintf_r
                0x0000000008003814                _vsiprintf_r
 .text.vsprintf
                0x0000000008003840       0x18 c:/st/stm32cubeide_1.1.0/stm32cubeide/plugins/com.st.stm32cube.ide.mcu.externaltools.gnu-tools-for-stm32.9-2020-q2-update.win32_1.5.0.202011040924/tools/bin/../lib/gcc/arm-none-eabi/9.3.1/../../../../arm-none-eabi/lib/thumb/v6-m/nofp\libc_nano.a(lib_a-vsprintf.o)
                0x0000000008003840                vsiprintf
                0x0000000008003840                vsprintf
 .text.__swbuf_r
                0x0000000008003858       0xac c:/st/stm32cubeide_1.1.0/stm32cubeide/plugins/com.st.stm32cube.ide.mcu.externaltools.gnu-tools-for-stm32.9-2020-q2-update.win32_1.5.0.202011040924/tools/bin/../lib/gcc/arm-none-eabi/9.3.1/../../../../arm-none-eabi/lib/thumb/v6-m/nofp\libc_nano.a(lib_a-wbuf.o)
                0x0000000008003858                __swbuf_r
 .text.__swsetup_r
                0x0000000008003904       0xf0 c:/st/stm32cubeide_1.1.0/stm32cubeide/plugins/com.st.stm32cube.ide.mcu.externaltools.gnu-tools-for-stm32.9-2020-q2-update.win32_1.5.0.202011040924/tools/bin/../lib/gcc/arm-none-eabi/9.3.1/../../../../arm-none-eabi/lib/thumb/v6-m/nofp\libc_nano.a(lib_a-wsetup.o)
                0x0000000008003904                __swsetup_r
 .text.abort    0x00000000080039f4        0xe c:/st/stm32cubeide_1.1.0/stm32cubeide/plugins/com.st.stm32cube.ide.mcu.externaltools.gnu-tools-for-stm32.9-2020-q2-update.win32_1.5.0.202011040924/tools/bin/../lib/gcc/arm-none-eabi/9.3.1/../../../../arm-none-eabi/lib/thumb/v6-m/nofp\libc_nano.a(lib_a-abort.o)
                0x00000000080039f4                abort
 *fill*         0x0000000008003a02        0x2 
 .text.__sflush_r
                0x0000000008003a04      0x118 c:/st/stm32cubeide_1.1.0/stm32cubeide/plugins/com.st.stm32cube.ide.mcu.externaltools.gnu-tools-for-stm32.9-2020-q2-update.win32_1.5.0.202011040924/tools/bin/../lib/gcc/arm-none-eabi/9.3.1/../../../../arm-none-eabi/lib/thumb/v6-m/nofp\libc_nano.a(lib_a-fflush.o)
                0x0000000008003a04                __sflush_r
 .text._fflush_r
                0x0000000008003b1c       0x80 c:/st/stm32cubeide_1.1.0/stm32cubeide/plugins/com.st.stm32cube.ide.mcu.externaltools.gnu-tools-for-stm32.9-2020-q2-update.win32_1.5.0.202011040924/tools/bin/../lib/gcc/arm-none-eabi/9.3.1/../../../../arm-none-eabi/lib/thumb/v6-m/nofp\libc_nano.a(lib_a-fflush.o)
                0x0000000008003b1c                _fflush_r
 .text.std      0x0000000008003b9c       0x48 c:/st/stm32cubeide_1.1.0/stm32cubeide/plugins/com.st.stm32cube.ide.mcu.externaltools.gnu-tools-for-stm32.9-2020-q2-update.win32_1.5.0.202011040924/tools/bin/../lib/gcc/arm-none-eabi/9.3.1/../../../../arm-none-eabi/lib/thumb/v6-m/nofp\libc_nano.a(lib_a-findfp.o)
 .text._cleanup_r
                0x0000000008003be4       0x10 c:/st/stm32cubeide_1.1.0/stm32cubeide/plugins/com.st.stm32cube.ide.mcu.externaltools.gnu-tools-for-stm32.9-2020-q2-update.win32_1.5.0.202011040924/tools/bin/../lib/gcc/arm-none-eabi/9.3.1/../../../../arm-none-eabi/lib/thumb/v6-m/nofp\libc_nano.a(lib_a-findfp.o)
                0x0000000008003be4                _cleanup_r
 .text.__sfmoreglue
                0x0000000008003bf4       0x2c c:/st/stm32cubeide_1.1.0/stm32cubeide/plugins/com.st.stm32cube.ide.mcu.externaltools.gnu-tools-for-stm32.9-2020-q2-update.win32_1.5.0.202011040924/tools/bin/../lib/gcc/arm-none-eabi/9.3.1/../../../../arm-none-eabi/lib/thumb/v6-m/nofp\libc_nano.a(lib_a-findfp.o)
                0x0000000008003bf4                __sfmoreglue
 .text.__sfp_lock_acquire
                0x0000000008003c20       0x10 c:/st/stm32cubeide_1.1.0/stm32cubeide/plugins/com.st.stm32cube.ide.mcu.externaltools.gnu-tools-for-stm32.9-2020-q2-update.win32_1.5.0.202011040924/tools/bin/../lib/gcc/arm-none-eabi/9.3.1/../../../../arm-none-eabi/lib/thumb/v6-m/nofp\libc_nano.a(lib_a-findfp.o)
                0x0000000008003c20                __sfp_lock_acquire
 .text.__sfp_lock_release
                0x0000000008003c30       0x10 c:/st/stm32cubeide_1.1.0/stm32cubeide/plugins/com.st.stm32cube.ide.mcu.externaltools.gnu-tools-for-stm32.9-2020-q2-update.win32_1.5.0.202011040924/tools/bin/../lib/gcc/arm-none-eabi/9.3.1/../../../../arm-none-eabi/lib/thumb/v6-m/nofp\libc_nano.a(lib_a-findfp.o)
                0x0000000008003c30                __sfp_lock_release
 .text.__sinit_lock_acquire
                0x0000000008003c40       0x10 c:/st/stm32cubeide_1.1.0/stm32cubeide/plugins/com.st.stm32cube.ide.mcu.externaltools.gnu-tools-for-stm32.9-2020-q2-update.win32_1.5.0.202011040924/tools/bin/../lib/gcc/arm-none-eabi/9.3.1/../../../../arm-none-eabi/lib/thumb/v6-m/nofp\libc_nano.a(lib_a-findfp.o)
                0x0000000008003c40                __sinit_lock_acquire
 .text.__sinit_lock_release
                0x0000000008003c50       0x10 c:/st/stm32cubeide_1.1.0/stm32cubeide/plugins/com.st.stm32cube.ide.mcu.externaltools.gnu-tools-for-stm32.9-2020-q2-update.win32_1.5.0.202011040924/tools/bin/../lib/gcc/arm-none-eabi/9.3.1/../../../../arm-none-eabi/lib/thumb/v6-m/nofp\libc_nano.a(lib_a-findfp.o)
                0x0000000008003c50                __sinit_lock_release
 .text.__sinit  0x0000000008003c60       0x70 c:/st/stm32cubeide_1.1.0/stm32cubeide/plugins/com.st.stm32cube.ide.mcu.externaltools.gnu-tools-for-stm32.9-2020-q2-update.win32_1.5.0.202011040924/tools/bin/../lib/gcc/arm-none-eabi/9.3.1/../../../../arm-none-eabi/lib/thumb/v6-m/nofp\libc_nano.a(lib_a-findfp.o)
                0x0000000008003c60                __sinit
 .text.__sfp    0x0000000008003cd0       0x90 c:/st/stm32cubeide_1.1.0/stm32cubeide/plugins/com.st.stm32cube.ide.mcu.externaltools.gnu-tools-for-stm32.9-2020-q2-update.win32_1.5.0.202011040924/tools/bin/../lib/gcc/arm-none-eabi/9.3.1/../../../../arm-none-eabi/lib/thumb/v6-m/nofp\libc_nano.a(lib_a-findfp.o)
                0x0000000008003cd0                __sfp
 .text._fwalk_reent
                0x0000000008003d60       0x40 c:/st/stm32cubeide_1.1.0/stm32cubeide/plugins/com.st.stm32cube.ide.mcu.externaltools.gnu-tools-for-stm32.9-2020-q2-update.win32_1.5.0.202011040924/tools/bin/../lib/gcc/arm-none-eabi/9.3.1/../../../../arm-none-eabi/lib/thumb/v6-m/nofp\libc_nano.a(lib_a-fwalk.o)
                0x0000000008003d60                _fwalk_reent
 .text.__retarget_lock_init_recursive
                0x0000000008003da0        0x2 c:/st/stm32cubeide_1.1.0/stm32cubeide/plugins/com.st.stm32cube.ide.mcu.externaltools.gnu-tools-for-stm32.9-2020-q2-update.win32_1.5.0.202011040924/tools/bin/../lib/gcc/arm-none-eabi/9.3.1/../../../../arm-none-eabi/lib/thumb/v6-m/nofp\libc_nano.a(lib_a-lock.o)
                0x0000000008003da0                __retarget_lock_init_recursive
 .text.__retarget_lock_acquire_recursive
                0x0000000008003da2        0x2 c:/st/stm32cubeide_1.1.0/stm32cubeide/plugins/com.st.stm32cube.ide.mcu.externaltools.gnu-tools-for-stm32.9-2020-q2-update.win32_1.5.0.202011040924/tools/bin/../lib/gcc/arm-none-eabi/9.3.1/../../../../arm-none-eabi/lib/thumb/v6-m/nofp\libc_nano.a(lib_a-lock.o)
                0x0000000008003da2                __retarget_lock_acquire_recursive
 .text.__retarget_lock_release_recursive
                0x0000000008003da4        0x2 c:/st/stm32cubeide_1.1.0/stm32cubeide/plugins/com.st.stm32cube.ide.mcu.externaltools.gnu-tools-for-stm32.9-2020-q2-update.win32_1.5.0.202011040924/tools/bin/../lib/gcc/arm-none-eabi/9.3.1/../../../../arm-none-eabi/lib/thumb/v6-m/nofp\libc_nano.a(lib_a-lock.o)
                0x0000000008003da4                __retarget_lock_release_recursive
 *fill*         0x0000000008003da6        0x2 
 .text.__swhatbuf_r
                0x0000000008003da8       0x50 c:/st/stm32cubeide_1.1.0/stm32cubeide/plugins/com.st.stm32cube.ide.mcu.externaltools.gnu-tools-for-stm32.9-2020-q2-update.win32_1.5.0.202011040924/tools/bin/../lib/gcc/arm-none-eabi/9.3.1/../../../../arm-none-eabi/lib/thumb/v6-m/nofp\libc_nano.a(lib_a-makebuf.o)
                0x0000000008003da8                __swhatbuf_r
 .text.__smakebuf_r
                0x0000000008003df8       0x88 c:/st/stm32cubeide_1.1.0/stm32cubeide/plugins/com.st.stm32cube.ide.mcu.externaltools.gnu-tools-for-stm32.9-2020-q2-update.win32_1.5.0.202011040924/tools/bin/../lib/gcc/arm-none-eabi/9.3.1/../../../../arm-none-eabi/lib/thumb/v6-m/nofp\libc_nano.a(lib_a-makebuf.o)
                0x0000000008003df8                __smakebuf_r
 .text.memchr   0x0000000008003e80       0x16 c:/st/stm32cubeide_1.1.0/stm32cubeide/plugins/com.st.stm32cube.ide.mcu.externaltools.gnu-tools-for-stm32.9-2020-q2-update.win32_1.5.0.202011040924/tools/bin/../lib/gcc/arm-none-eabi/9.3.1/../../../../arm-none-eabi/lib/thumb/v6-m/nofp\libc_nano.a(lib_a-memchr-stub.o)
                0x0000000008003e80                memchr
 .text.memmove  0x0000000008003e96       0x26 c:/st/stm32cubeide_1.1.0/stm32cubeide/plugins/com.st.stm32cube.ide.mcu.externaltools.gnu-tools-for-stm32.9-2020-q2-update.win32_1.5.0.202011040924/tools/bin/../lib/gcc/arm-none-eabi/9.3.1/../../../../arm-none-eabi/lib/thumb/v6-m/nofp\libc_nano.a(lib_a-memmove.o)
                0x0000000008003e96                memmove
 .text._free_r  0x0000000008003ebc       0x94 c:/st/stm32cubeide_1.1.0/stm32cubeide/plugins/com.st.stm32cube.ide.mcu.externaltools.gnu-tools-for-stm32.9-2020-q2-update.win32_1.5.0.202011040924/tools/bin/../lib/gcc/arm-none-eabi/9.3.1/../../../../arm-none-eabi/lib/thumb/v6-m/nofp\libc_nano.a(lib_a-nano-freer.o)
                0x0000000008003ebc                _free_r
 .text._malloc_r
                0x0000000008003f50       0xbc c:/st/stm32cubeide_1.1.0/stm32cubeide/plugins/com.st.stm32cube.ide.mcu.externaltools.gnu-tools-for-stm32.9-2020-q2-update.win32_1.5.0.202011040924/tools/bin/../lib/gcc/arm-none-eabi/9.3.1/../../../../arm-none-eabi/lib/thumb/v6-m/nofp\libc_nano.a(lib_a-nano-mallocr.o)
                0x0000000008003f50                _malloc_r
 .text._realloc_r
                0x000000000800400c       0x4c c:/st/stm32cubeide_1.1.0/stm32cubeide/plugins/com.st.stm32cube.ide.mcu.externaltools.gnu-tools-for-stm32.9-2020-q2-update.win32_1.5.0.202011040924/tools/bin/../lib/gcc/arm-none-eabi/9.3.1/../../../../arm-none-eabi/lib/thumb/v6-m/nofp\libc_nano.a(lib_a-nano-reallocr.o)
                0x000000000800400c                _realloc_r
 .text.__ssputs_r
                0x0000000008004058       0xc4 c:/st/stm32cubeide_1.1.0/stm32cubeide/plugins/com.st.stm32cube.ide.mcu.externaltools.gnu-tools-for-stm32.9-2020-q2-update.win32_1.5.0.202011040924/tools/bin/../lib/gcc/arm-none-eabi/9.3.1/../../../../arm-none-eabi/lib/thumb/v6-m/nofp\libc_nano.a(lib_a-nano-svfprintf.o)
                0x0000000008004058                __ssputs_r
 .text._svfprintf_r
                0x000000000800411c      0x200 c:/st/stm32cubeide_1.1.0/stm32cubeide/plugins/com.st.stm32cube.ide.mcu.externaltools.gnu-tools-for-stm32.9-2020-q2-update.win32_1.5.0.202011040924/tools/bin/../lib/gcc/arm-none-eabi/9.3.1/../../../../arm-none-eabi/lib/thumb/v6-m/nofp\libc_nano.a(lib_a-nano-svfprintf.o)
                0x000000000800411c                _svfiprintf_r
                0x000000000800411c                _svfprintf_r
 .text._sbrk_r  0x000000000800431c       0x24 c:/st/stm32cubeide_1.1.0/stm32cubeide/plugins/com.st.stm32cube.ide.mcu.externaltools.gnu-tools-for-stm32.9-2020-q2-update.win32_1.5.0.202011040924/tools/bin/../lib/gcc/arm-none-eabi/9.3.1/../../../../arm-none-eabi/lib/thumb/v6-m/nofp\libc_nano.a(lib_a-sbrkr.o)
                0x000000000800431c                _sbrk_r
 .text._raise_r
                0x0000000008004340       0x54 c:/st/stm32cubeide_1.1.0/stm32cubeide/plugins/com.st.stm32cube.ide.mcu.externaltools.gnu-tools-for-stm32.9-2020-q2-update.win32_1.5.0.202011040924/tools/bin/../lib/gcc/arm-none-eabi/9.3.1/../../../../arm-none-eabi/lib/thumb/v6-m/nofp\libc_nano.a(lib_a-signal.o)
                0x0000000008004340                _raise_r
 .text.raise    0x0000000008004394       0x14 c:/st/stm32cubeide_1.1.0/stm32cubeide/plugins/com.st.stm32cube.ide.mcu.externaltools.gnu-tools-for-stm32.9-2020-q2-update.win32_1.5.0.202011040924/tools/bin/../lib/gcc/arm-none-eabi/9.3.1/../../../../arm-none-eabi/lib/thumb/v6-m/nofp\libc_nano.a(lib_a-signal.o)
                0x0000000008004394                raise
 .text._kill_r  0x00000000080043a8       0x24 c:/st/stm32cubeide_1.1.0/stm32cubeide/plugins/com.st.stm32cube.ide.mcu.externaltools.gnu-tools-for-stm32.9-2020-q2-update.win32_1.5.0.202011040924/tools/bin/../lib/gcc/arm-none-eabi/9.3.1/../../../../arm-none-eabi/lib/thumb/v6-m/nofp\libc_nano.a(lib_a-signalr.o)
                0x00000000080043a8                _kill_r
 .text._getpid_r
                0x00000000080043cc        0x8 c:/st/stm32cubeide_1.1.0/stm32cubeide/plugins/com.st.stm32cube.ide.mcu.externaltools.gnu-tools-for-stm32.9-2020-q2-update.win32_1.5.0.202011040924/tools/bin/../lib/gcc/arm-none-eabi/9.3.1/../../../../arm-none-eabi/lib/thumb/v6-m/nofp\libc_nano.a(lib_a-signalr.o)
                0x00000000080043cc                _getpid_r
 .text.__sread  0x00000000080043d4       0x28 c:/st/stm32cubeide_1.1.0/stm32cubeide/plugins/com.st.stm32cube.ide.mcu.externaltools.gnu-tools-for-stm32.9-2020-q2-update.win32_1.5.0.202011040924/tools/bin/../lib/gcc/arm-none-eabi/9.3.1/../../../../arm-none-eabi/lib/thumb/v6-m/nofp\libc_nano.a(lib_a-stdio.o)
                0x00000000080043d4                __sread
 .text.__swrite
                0x00000000080043fc       0x38 c:/st/stm32cubeide_1.1.0/stm32cubeide/plugins/com.st.stm32cube.ide.mcu.externaltools.gnu-tools-for-stm32.9-2020-q2-update.win32_1.5.0.202011040924/tools/bin/../lib/gcc/arm-none-eabi/9.3.1/../../../../arm-none-eabi/lib/thumb/v6-m/nofp\libc_nano.a(lib_a-stdio.o)
                0x00000000080043fc                __swrite
 .text.__sseek  0x0000000008004434       0x2c c:/st/stm32cubeide_1.1.0/stm32cubeide/plugins/com.st.stm32cube.ide.mcu.externaltools.gnu-tools-for-stm32.9-2020-q2-update.win32_1.5.0.202011040924/tools/bin/../lib/gcc/arm-none-eabi/9.3.1/../../../../arm-none-eabi/lib/thumb/v6-m/nofp\libc_nano.a(lib_a-stdio.o)
                0x0000000008004434                __sseek
 .text.__sclose
                0x0000000008004460        0xc c:/st/stm32cubeide_1.1.0/stm32cubeide/plugins/com.st.stm32cube.ide.mcu.externaltools.gnu-tools-for-stm32.9-2020-q2-update.win32_1.5.0.202011040924/tools/bin/../lib/gcc/arm-none-eabi/9.3.1/../../../../arm-none-eabi/lib/thumb/v6-m/nofp\libc_nano.a(lib_a-stdio.o)
                0x0000000008004460                __sclose
 .text._write_r
                0x000000000800446c       0x28 c:/st/stm32cubeide_1.1.0/stm32cubeide/plugins/com.st.stm32cube.ide.mcu.externaltools.gnu-tools-for-stm32.9-2020-q2-update.win32_1.5.0.202011040924/tools/bin/../lib/gcc/arm-none-eabi/9.3.1/../../../../arm-none-eabi/lib/thumb/v6-m/nofp\libc_nano.a(lib_a-writer.o)
                0x000000000800446c                _write_r
 .text._close_r
                0x0000000008004494       0x24 c:/st/stm32cubeide_1.1.0/stm32cubeide/plugins/com.st.stm32cube.ide.mcu.externaltools.gnu-tools-for-stm32.9-2020-q2-update.win32_1.5.0.202011040924/tools/bin/../lib/gcc/arm-none-eabi/9.3.1/../../../../arm-none-eabi/lib/thumb/v6-m/nofp\libc_nano.a(lib_a-closer.o)
                0x0000000008004494                _close_r
 .text._fstat_r
                0x00000000080044b8       0x24 c:/st/stm32cubeide_1.1.0/stm32cubeide/plugins/com.st.stm32cube.ide.mcu.externaltools.gnu-tools-for-stm32.9-2020-q2-update.win32_1.5.0.202011040924/tools/bin/../lib/gcc/arm-none-eabi/9.3.1/../../../../arm-none-eabi/lib/thumb/v6-m/nofp\libc_nano.a(lib_a-fstatr.o)
                0x00000000080044b8                _fstat_r
 .text._isatty_r
                0x00000000080044dc       0x24 c:/st/stm32cubeide_1.1.0/stm32cubeide/plugins/com.st.stm32cube.ide.mcu.externaltools.gnu-tools-for-stm32.9-2020-q2-update.win32_1.5.0.202011040924/tools/bin/../lib/gcc/arm-none-eabi/9.3.1/../../../../arm-none-eabi/lib/thumb/v6-m/nofp\libc_nano.a(lib_a-isattyr.o)
                0x00000000080044dc                _isatty_r
 .text._lseek_r
                0x0000000008004500       0x28 c:/st/stm32cubeide_1.1.0/stm32cubeide/plugins/com.st.stm32cube.ide.mcu.externaltools.gnu-tools-for-stm32.9-2020-q2-update.win32_1.5.0.202011040924/tools/bin/../lib/gcc/arm-none-eabi/9.3.1/../../../../arm-none-eabi/lib/thumb/v6-m/nofp\libc_nano.a(lib_a-lseekr.o)
                0x0000000008004500                _lseek_r
 .text.__malloc_lock
                0x0000000008004528       0x10 c:/st/stm32cubeide_1.1.0/stm32cubeide/plugins/com.st.stm32cube.ide.mcu.externaltools.gnu-tools-for-stm32.9-2020-q2-update.win32_1.5.0.202011040924/tools/bin/../lib/gcc/arm-none-eabi/9.3.1/../../../../arm-none-eabi/lib/thumb/v6-m/nofp\libc_nano.a(lib_a-mlock.o)
                0x0000000008004528                __malloc_lock
 .text.__malloc_unlock
                0x0000000008004538       0x10 c:/st/stm32cubeide_1.1.0/stm32cubeide/plugins/com.st.stm32cube.ide.mcu.externaltools.gnu-tools-for-stm32.9-2020-q2-update.win32_1.5.0.202011040924/tools/bin/../lib/gcc/arm-none-eabi/9.3.1/../../../../arm-none-eabi/lib/thumb/v6-m/nofp\libc_nano.a(lib_a-mlock.o)
                0x0000000008004538                __malloc_unlock
 .text._malloc_usable_size_r
                0x0000000008004548       0x10 c:/st/stm32cubeide_1.1.0/stm32cubeide/plugins/com.st.stm32cube.ide.mcu.externaltools.gnu-tools-for-stm32.9-2020-q2-update.win32_1.5.0.202011040924/tools/bin/../lib/gcc/arm-none-eabi/9.3.1/../../../../arm-none-eabi/lib/thumb/v6-m/nofp\libc_nano.a(lib_a-nano-msizer.o)
                0x0000000008004548                _malloc_usable_size_r
 .text._read_r  0x0000000008004558       0x28 c:/st/stm32cubeide_1.1.0/stm32cubeide/plugins/com.st.stm32cube.ide.mcu.externaltools.gnu-tools-for-stm32.9-2020-q2-update.win32_1.5.0.202011040924/tools/bin/../lib/gcc/arm-none-eabi/9.3.1/../../../../arm-none-eabi/lib/thumb/v6-m/nofp\libc_nano.a(lib_a-readr.o)
                0x0000000008004558                _read_r
 *(.glue_7)
 .glue_7        0x0000000008004580        0x0 linker stubs
 *(.glue_7t)
 .glue_7t       0x0000000008004580        0x0 linker stubs
 *(.eh_frame)
 .eh_frame      0x0000000008004580        0x0 c:/st/stm32cubeide_1.1.0/stm32cubeide/plugins/com.st.stm32cube.ide.mcu.externaltools.gnu-tools-for-stm32.9-2020-q2-update.win32_1.5.0.202011040924/tools/bin/../lib/gcc/arm-none-eabi/9.3.1/thumb/v6-m/nofp/crtbegin.o
 *(.init)
 .init          0x0000000008004580        0x4 c:/st/stm32cubeide_1.1.0/stm32cubeide/plugins/com.st.stm32cube.ide.mcu.externaltools.gnu-tools-for-stm32.9-2020-q2-update.win32_1.5.0.202011040924/tools/bin/../lib/gcc/arm-none-eabi/9.3.1/thumb/v6-m/nofp/crti.o
                0x0000000008004580                _init
 .init          0x0000000008004584        0x8 c:/st/stm32cubeide_1.1.0/stm32cubeide/plugins/com.st.stm32cube.ide.mcu.externaltools.gnu-tools-for-stm32.9-2020-q2-update.win32_1.5.0.202011040924/tools/bin/../lib/gcc/arm-none-eabi/9.3.1/thumb/v6-m/nofp/crtn.o
 *(.fini)
 .fini          0x000000000800458c        0x4 c:/st/stm32cubeide_1.1.0/stm32cubeide/plugins/com.st.stm32cube.ide.mcu.externaltools.gnu-tools-for-stm32.9-2020-q2-update.win32_1.5.0.202011040924/tools/bin/../lib/gcc/arm-none-eabi/9.3.1/thumb/v6-m/nofp/crti.o
                0x000000000800458c                _fini
 .fini          0x0000000008004590        0x8 c:/st/stm32cubeide_1.1.0/stm32cubeide/plugins/com.st.stm32cube.ide.mcu.externaltools.gnu-tools-for-stm32.9-2020-q2-update.win32_1.5.0.202011040924/tools/bin/../lib/gcc/arm-none-eabi/9.3.1/thumb/v6-m/nofp/crtn.o
                0x0000000008004598                . = ALIGN (0x4)
                0x0000000008004598                _etext = .

.vfp11_veneer   0x0000000008004598        0x0
 .vfp11_veneer  0x0000000008004598        0x0 linker stubs

.v4_bx          0x0000000008004598        0x0
 .v4_bx         0x0000000008004598        0x0 linker stubs

.iplt           0x0000000008004598        0x0
 .iplt          0x0000000008004598        0x0 c:/st/stm32cubeide_1.1.0/stm32cubeide/plugins/com.st.stm32cube.ide.mcu.externaltools.gnu-tools-for-stm32.9-2020-q2-update.win32_1.5.0.202011040924/tools/bin/../lib/gcc/arm-none-eabi/9.3.1/thumb/v6-m/nofp/crtbegin.o

.rodata         0x0000000008004598      0x55c
                0x0000000008004598                . = ALIGN (0x4)
 *(.rodata)
 .rodata        0x0000000008004598       0x20 Drivers/STM32F0xx_HAL_Driver/Src/stm32f0xx_hal_rcc.o
 .rodata        0x00000000080045b8      0x108 algos/xoodyak/Implementations/crypto_hash/xoodyakv1/ref/Xoodoo-reference.o
 .rodata        0x00000000080046c0       0xf8 algos/xoodyak/Implementations/crypto_hash/xoodyakv1/ref/Xoodyak.o
 .rodata        0x00000000080047b8       0xd8 genkat_src/genkat_aead_hash.o
 *(.rodata*)
 .rodata.AHBPrescTable
                0x0000000008004890       0x10 Core/Src/system_stm32f0xx.o
                0x0000000008004890                AHBPrescTable
 .rodata.APBPrescTable
                0x00000000080048a0        0x8 Core/Src/system_stm32f0xx.o
                0x00000000080048a0                APBPrescTable
 .rodata.RC     0x00000000080048a8       0x30 algos/xoodyak/Implementations/crypto_hash/xoodyakv1/ref/Xoodoo-reference.o
 .rodata.__func__.5872
                0x00000000080048d8        0xf algos/xoodyak/Implementations/crypto_hash/xoodyakv1/ref/Xoodoo-reference.o
 *fill*         0x00000000080048e7        0x1 
 .rodata.__func__.5880
                0x00000000080048e8       0x10 algos/xoodyak/Implementations/crypto_hash/xoodyakv1/ref/Xoodoo-reference.o
 .rodata.__func__.5902
                0x00000000080048f8       0x14 algos/xoodyak/Implementations/crypto_hash/xoodyakv1/ref/Xoodoo-reference.o
 .rodata.__func__.4739
                0x000000000800490c       0x12 algos/xoodyak/Implementations/crypto_hash/xoodyakv1/ref/Xoodyak.o
 *fill*         0x000000000800491e        0x2 
 .rodata.algo_name_str
                0x0000000008004920       0x80 genkat_src/genkat_aead_hash.o
 .rodata.algo_en_dis_str
                0x00000000080049a0       0x80 genkat_src/genkat_aead_hash.o
 .rodata.__assert_func.str1.1
                0x0000000008004a20       0x3c c:/st/stm32cubeide_1.1.0/stm32cubeide/plugins/com.st.stm32cube.ide.mcu.externaltools.gnu-tools-for-stm32.9-2020-q2-update.win32_1.5.0.202011040924/tools/bin/../lib/gcc/arm-none-eabi/9.3.1/../../../../arm-none-eabi/lib/thumb/v6-m/nofp\libc_nano.a(lib_a-assert.o)
                                         0x3d (size before relaxing)
 .rodata._global_impure_ptr
                0x0000000008004a5c        0x4 c:/st/stm32cubeide_1.1.0/stm32cubeide/plugins/com.st.stm32cube.ide.mcu.externaltools.gnu-tools-for-stm32.9-2020-q2-update.win32_1.5.0.202011040924/tools/bin/../lib/gcc/arm-none-eabi/9.3.1/../../../../arm-none-eabi/lib/thumb/v6-m/nofp\libc_nano.a(lib_a-impure.o)
                0x0000000008004a5c                _global_impure_ptr
 .rodata._vfprintf_r.str1.1
                0x0000000008004a60       0x11 c:/st/stm32cubeide_1.1.0/stm32cubeide/plugins/com.st.stm32cube.ide.mcu.externaltools.gnu-tools-for-stm32.9-2020-q2-update.win32_1.5.0.202011040924/tools/bin/../lib/gcc/arm-none-eabi/9.3.1/../../../../arm-none-eabi/lib/thumb/v6-m/nofp\libc_nano.a(lib_a-nano-vfprintf.o)
 .rodata._printf_i.str1.1
                0x0000000008004a71       0x22 c:/st/stm32cubeide_1.1.0/stm32cubeide/plugins/com.st.stm32cube.ide.mcu.externaltools.gnu-tools-for-stm32.9-2020-q2-update.win32_1.5.0.202011040924/tools/bin/../lib/gcc/arm-none-eabi/9.3.1/../../../../arm-none-eabi/lib/thumb/v6-m/nofp\libc_nano.a(lib_a-nano-vfprintf_i.o)
 *fill*         0x0000000008004a93        0x1 
 .rodata.__sf_fake_stderr
                0x0000000008004a94       0x20 c:/st/stm32cubeide_1.1.0/stm32cubeide/plugins/com.st.stm32cube.ide.mcu.externaltools.gnu-tools-for-stm32.9-2020-q2-update.win32_1.5.0.202011040924/tools/bin/../lib/gcc/arm-none-eabi/9.3.1/../../../../arm-none-eabi/lib/thumb/v6-m/nofp\libc_nano.a(lib_a-findfp.o)
                0x0000000008004a94                __sf_fake_stderr
 .rodata.__sf_fake_stdin
                0x0000000008004ab4       0x20 c:/st/stm32cubeide_1.1.0/stm32cubeide/plugins/com.st.stm32cube.ide.mcu.externaltools.gnu-tools-for-stm32.9-2020-q2-update.win32_1.5.0.202011040924/tools/bin/../lib/gcc/arm-none-eabi/9.3.1/../../../../arm-none-eabi/lib/thumb/v6-m/nofp\libc_nano.a(lib_a-findfp.o)
                0x0000000008004ab4                __sf_fake_stdin
 .rodata.__sf_fake_stdout
                0x0000000008004ad4       0x20 c:/st/stm32cubeide_1.1.0/stm32cubeide/plugins/com.st.stm32cube.ide.mcu.externaltools.gnu-tools-for-stm32.9-2020-q2-update.win32_1.5.0.202011040924/tools/bin/../lib/gcc/arm-none-eabi/9.3.1/../../../../arm-none-eabi/lib/thumb/v6-m/nofp\libc_nano.a(lib_a-findfp.o)
                0x0000000008004ad4                __sf_fake_stdout
 .rodata._svfprintf_r.str1.1
                0x0000000008004af4       0x11 c:/st/stm32cubeide_1.1.0/stm32cubeide/plugins/com.st.stm32cube.ide.mcu.externaltools.gnu-tools-for-stm32.9-2020-q2-update.win32_1.5.0.202011040924/tools/bin/../lib/gcc/arm-none-eabi/9.3.1/../../../../arm-none-eabi/lib/thumb/v6-m/nofp\libc_nano.a(lib_a-nano-svfprintf.o)
                0x0000000008004b08                . = ALIGN (0x4)

.rel.dyn        0x0000000008004af4        0x0
 .rel.iplt      0x0000000008004af4        0x0 c:/st/stm32cubeide_1.1.0/stm32cubeide/plugins/com.st.stm32cube.ide.mcu.externaltools.gnu-tools-for-stm32.9-2020-q2-update.win32_1.5.0.202011040924/tools/bin/../lib/gcc/arm-none-eabi/9.3.1/thumb/v6-m/nofp/crtbegin.o

.ARM.extab      0x0000000008004af4        0x0
                0x0000000008004af4                . = ALIGN (0x4)
 *(.ARM.extab* .gnu.linkonce.armextab.*)
                0x0000000008004af4                . = ALIGN (0x4)

.ARM            0x0000000008004af4        0x0
                0x0000000008004af4                . = ALIGN (0x4)
                0x0000000008004af4                __exidx_start = .
 *(.ARM.exidx*)
                0x0000000008004af4                __exidx_end = .
                0x0000000008004af4                . = ALIGN (0x4)

.preinit_array  0x0000000008004af4        0x0
                0x0000000008004af4                . = ALIGN (0x4)
                0x0000000008004af4                PROVIDE (__preinit_array_start = .)
 *(.preinit_array*)
                0x0000000008004af4                PROVIDE (__preinit_array_end = .)
                0x0000000008004af4                . = ALIGN (0x4)

.init_array     0x0000000008004af4        0x4
                0x0000000008004af4                . = ALIGN (0x4)
                0x0000000008004af4                PROVIDE (__init_array_start = .)
 *(SORT_BY_NAME(.init_array.*))
 *(.init_array*)
 .init_array    0x0000000008004af4        0x4 c:/st/stm32cubeide_1.1.0/stm32cubeide/plugins/com.st.stm32cube.ide.mcu.externaltools.gnu-tools-for-stm32.9-2020-q2-update.win32_1.5.0.202011040924/tools/bin/../lib/gcc/arm-none-eabi/9.3.1/thumb/v6-m/nofp/crtbegin.o
                0x0000000008004af8                PROVIDE (__init_array_end = .)
                0x0000000008004af8                . = ALIGN (0x4)

.fini_array     0x0000000008004af8        0x4
                0x0000000008004af8                . = ALIGN (0x4)
                [!provide]                        PROVIDE (__fini_array_start = .)
 *(SORT_BY_NAME(.fini_array.*))
 *(.fini_array*)
 .fini_array    0x0000000008004af8        0x4 c:/st/stm32cubeide_1.1.0/stm32cubeide/plugins/com.st.stm32cube.ide.mcu.externaltools.gnu-tools-for-stm32.9-2020-q2-update.win32_1.5.0.202011040924/tools/bin/../lib/gcc/arm-none-eabi/9.3.1/thumb/v6-m/nofp/crtbegin.o
                [!provide]                        PROVIDE (__fini_array_end = .)
                0x0000000008004afc                . = ALIGN (0x4)
                0x0000000008004afc                _sidata = LOADADDR (.data)

.data           0x0000000020000000       0x70 load address 0x0000000008004afc
                0x0000000020000000                . = ALIGN (0x4)
                0x0000000020000000                _sdata = .
 *(.data)
 *(.data*)
 .data.SystemCoreClock
                0x0000000020000000        0x4 Core/Src/system_stm32f0xx.o
                0x0000000020000000                SystemCoreClock
 .data.uwTickPrio
                0x0000000020000004        0x4 Drivers/STM32F0xx_HAL_Driver/Src/stm32f0xx_hal.o
                0x0000000020000004                uwTickPrio
 .data.uwTickFreq
                0x0000000020000008        0x1 Drivers/STM32F0xx_HAL_Driver/Src/stm32f0xx_hal.o
                0x0000000020000008                uwTickFreq
 *fill*         0x0000000020000009        0x3 
 .data._impure_ptr
                0x000000002000000c        0x4 c:/st/stm32cubeide_1.1.0/stm32cubeide/plugins/com.st.stm32cube.ide.mcu.externaltools.gnu-tools-for-stm32.9-2020-q2-update.win32_1.5.0.202011040924/tools/bin/../lib/gcc/arm-none-eabi/9.3.1/../../../../arm-none-eabi/lib/thumb/v6-m/nofp\libc_nano.a(lib_a-impure.o)
                0x000000002000000c                _impure_ptr
 .data.impure_data
                0x0000000020000010       0x60 c:/st/stm32cubeide_1.1.0/stm32cubeide/plugins/com.st.stm32cube.ide.mcu.externaltools.gnu-tools-for-stm32.9-2020-q2-update.win32_1.5.0.202011040924/tools/bin/../lib/gcc/arm-none-eabi/9.3.1/../../../../arm-none-eabi/lib/thumb/v6-m/nofp\libc_nano.a(lib_a-impure.o)
 *(.RamFunc)
 *(.RamFunc*)
                0x0000000020000070                . = ALIGN (0x4)
                0x0000000020000070                _edata = .

.igot.plt       0x0000000020000070        0x0 load address 0x0000000008004b6c
 .igot.plt      0x0000000020000070        0x0 c:/st/stm32cubeide_1.1.0/stm32cubeide/plugins/com.st.stm32cube.ide.mcu.externaltools.gnu-tools-for-stm32.9-2020-q2-update.win32_1.5.0.202011040924/tools/bin/../lib/gcc/arm-none-eabi/9.3.1/thumb/v6-m/nofp/crtbegin.o
                0x0000000020000070                . = ALIGN (0x4)

.bss            0x0000000020000070      0x348 load address 0x0000000008004b6c
                0x0000000020000070                _sbss = .
                0x0000000020000070                __bss_start__ = _sbss
 *(.bss)
 .bss           0x0000000020000070       0x1c c:/st/stm32cubeide_1.1.0/stm32cubeide/plugins/com.st.stm32cube.ide.mcu.externaltools.gnu-tools-for-stm32.9-2020-q2-update.win32_1.5.0.202011040924/tools/bin/../lib/gcc/arm-none-eabi/9.3.1/thumb/v6-m/nofp/crtbegin.o
 *(.bss*)
 .bss.__sbrk_heap_end
                0x000000002000008c        0x4 Core/Src/sysmem.o
 .bss.gb_tick_cnt
                0x0000000020000090        0x4 genkat_src/genkat_aead_hash.o
 .bss.gb_ms_ticks
                0x0000000020000094        0x4 genkat_src/genkat_aead_hash.o
 .bss.tim_per_elp_cnt
                0x0000000020000098        0x4 genkat_src/genkat_aead_hash.o
                0x0000000020000098                tim_per_elp_cnt
 .bss.dbg_out_buf.7494
                0x000000002000009c      0x200 genkat_src/genkat_aead_hash.o
 .bss.__malloc_free_list
                0x000000002000029c        0x4 c:/st/stm32cubeide_1.1.0/stm32cubeide/plugins/com.st.stm32cube.ide.mcu.externaltools.gnu-tools-for-stm32.9-2020-q2-update.win32_1.5.0.202011040924/tools/bin/../lib/gcc/arm-none-eabi/9.3.1/../../../../arm-none-eabi/lib/thumb/v6-m/nofp\libc_nano.a(lib_a-nano-mallocr.o)
                0x000000002000029c                __malloc_free_list
 .bss.__malloc_sbrk_start
                0x00000000200002a0        0x4 c:/st/stm32cubeide_1.1.0/stm32cubeide/plugins/com.st.stm32cube.ide.mcu.externaltools.gnu-tools-for-stm32.9-2020-q2-update.win32_1.5.0.202011040924/tools/bin/../lib/gcc/arm-none-eabi/9.3.1/../../../../arm-none-eabi/lib/thumb/v6-m/nofp\libc_nano.a(lib_a-nano-mallocr.o)
                0x00000000200002a0                __malloc_sbrk_start
 *(COMMON)
 COMMON         0x00000000200002a4       0xcc Core/Src/main.o
                0x00000000200002a4                huart1
                0x0000000020000328                htim6
 COMMON         0x0000000020000370        0x4 Drivers/STM32F0xx_HAL_Driver/Src/stm32f0xx_hal.o
                0x0000000020000370                uwTick
 COMMON         0x0000000020000374       0x34 genkat_src/mem_stat.o
                0x0000000020000374                mem_stat
 COMMON         0x00000000200003a8        0x9 c:/st/stm32cubeide_1.1.0/stm32cubeide/plugins/com.st.stm32cube.ide.mcu.externaltools.gnu-tools-for-stm32.9-2020-q2-update.win32_1.5.0.202011040924/tools/bin/../lib/gcc/arm-none-eabi/9.3.1/../../../../arm-none-eabi/lib/thumb/v6-m/nofp\libc_nano.a(lib_a-lock.o)
                0x00000000200003a8                __lock___atexit_recursive_mutex
                0x00000000200003a9                __lock___arc4random_mutex
                0x00000000200003aa                __lock___env_recursive_mutex
                0x00000000200003ab                __lock___sinit_recursive_mutex
                0x00000000200003ac                __lock___malloc_recursive_mutex
                0x00000000200003ad                __lock___at_quick_exit_mutex
                0x00000000200003ae                __lock___dd_hash_mutex
                0x00000000200003af                __lock___tz_mutex
                0x00000000200003b0                __lock___sfp_recursive_mutex
 *fill*         0x00000000200003b1        0x3 
 COMMON         0x00000000200003b4        0x4 c:/st/stm32cubeide_1.1.0/stm32cubeide/plugins/com.st.stm32cube.ide.mcu.externaltools.gnu-tools-for-stm32.9-2020-q2-update.win32_1.5.0.202011040924/tools/bin/../lib/gcc/arm-none-eabi/9.3.1/../../../../arm-none-eabi/lib/thumb/v6-m/nofp\libc_nano.a(lib_a-reent.o)
                0x00000000200003b4                errno
                0x00000000200003b8                . = ALIGN (0x4)
                0x00000000200003b8                _ebss = .
                0x00000000200003b8                __bss_end__ = _ebss

._user_heap_stack
                0x00000000200003b8      0x600 load address 0x0000000008004b6c
                0x00000000200003b8                . = ALIGN (0x8)
                [!provide]                        PROVIDE (end = .)
                0x00000000200003b8                PROVIDE (_end = .)
                0x00000000200005b8                . = (. + _Min_Heap_Size)
 *fill*         0x00000000200003b8      0x200 
                0x00000000200009b8                . = (. + _Min_Stack_Size)
 *fill*         0x00000000200005b8      0x400 
                0x00000000200009b8                . = ALIGN (0x8)

/DISCARD/
 libc.a(*)
 libm.a(*)
 libgcc.a(*)

.ARM.attributes
                0x0000000000000000       0x28
 *(.ARM.attributes)
 .ARM.attributes
                0x0000000000000000       0x1e c:/st/stm32cubeide_1.1.0/stm32cubeide/plugins/com.st.stm32cube.ide.mcu.externaltools.gnu-tools-for-stm32.9-2020-q2-update.win32_1.5.0.202011040924/tools/bin/../lib/gcc/arm-none-eabi/9.3.1/thumb/v6-m/nofp/crti.o
 .ARM.attributes
                0x000000000000001e       0x2c c:/st/stm32cubeide_1.1.0/stm32cubeide/plugins/com.st.stm32cube.ide.mcu.externaltools.gnu-tools-for-stm32.9-2020-q2-update.win32_1.5.0.202011040924/tools/bin/../lib/gcc/arm-none-eabi/9.3.1/thumb/v6-m/nofp/crtbegin.o
 .ARM.attributes
                0x000000000000004a       0x2c Core/Src/main.o
 .ARM.attributes
                0x0000000000000076       0x2c Core/Src/stm32f0xx_hal_msp.o
 .ARM.attributes
                0x00000000000000a2       0x2c Core/Src/stm32f0xx_it.o
 .ARM.attributes
                0x00000000000000ce       0x2c Core/Src/syscalls.o
 .ARM.attributes
                0x00000000000000fa       0x2c Core/Src/sysmem.o
 .ARM.attributes
                0x0000000000000126       0x2c Core/Src/system_stm32f0xx.o
 .ARM.attributes
                0x0000000000000152       0x21 Core/Startup/startup_stm32f051r8tx.o
 .ARM.attributes
                0x0000000000000173       0x2c Drivers/STM32F0xx_HAL_Driver/Src/stm32f0xx_hal.o
 .ARM.attributes
                0x000000000000019f       0x2c Drivers/STM32F0xx_HAL_Driver/Src/stm32f0xx_hal_cortex.o
 .ARM.attributes
                0x00000000000001cb       0x2c Drivers/STM32F0xx_HAL_Driver/Src/stm32f0xx_hal_gpio.o
 .ARM.attributes
                0x00000000000001f7       0x2c Drivers/STM32F0xx_HAL_Driver/Src/stm32f0xx_hal_rcc.o
 .ARM.attributes
                0x0000000000000223       0x2c Drivers/STM32F0xx_HAL_Driver/Src/stm32f0xx_hal_rcc_ex.o
 .ARM.attributes
                0x000000000000024f       0x2c Drivers/STM32F0xx_HAL_Driver/Src/stm32f0xx_hal_tim.o
 .ARM.attributes
                0x000000000000027b       0x2c Drivers/STM32F0xx_HAL_Driver/Src/stm32f0xx_hal_tim_ex.o
 .ARM.attributes
                0x00000000000002a7       0x2c Drivers/STM32F0xx_HAL_Driver/Src/stm32f0xx_hal_uart.o
 .ARM.attributes
                0x00000000000002d3       0x2c algos/xoodyak/Implementations/crypto_hash/xoodyakv1/ref/Xoodoo-reference.o
 .ARM.attributes
                0x00000000000002ff       0x2c algos/xoodyak/Implementations/crypto_hash/xoodyakv1/ref/Xoodyak.o
 .ARM.attributes
                0x000000000000032b       0x2c algos/xoodyak/Implementations/crypto_hash/xoodyakv1/ref/hash.o
 .ARM.attributes
                0x0000000000000357       0x2c genkat_src/genkat_aead_hash.o
 .ARM.attributes
                0x0000000000000383       0x2c genkat_src/mem_stat.o
 .ARM.attributes
                0x00000000000003af       0x2c c:/st/stm32cubeide_1.1.0/stm32cubeide/plugins/com.st.stm32cube.ide.mcu.externaltools.gnu-tools-for-stm32.9-2020-q2-update.win32_1.5.0.202011040924/tools/bin/../lib/gcc/arm-none-eabi/9.3.1/../../../../arm-none-eabi/lib/thumb/v6-m/nofp\libc_nano.a(lib_a-assert.o)
 .ARM.attributes
                0x00000000000003db       0x2c c:/st/stm32cubeide_1.1.0/stm32cubeide/plugins/com.st.stm32cube.ide.mcu.externaltools.gnu-tools-for-stm32.9-2020-q2-update.win32_1.5.0.202011040924/tools/bin/../lib/gcc/arm-none-eabi/9.3.1/../../../../arm-none-eabi/lib/thumb/v6-m/nofp\libc_nano.a(lib_a-errno.o)
 .ARM.attributes
                0x0000000000000407       0x2c c:/st/stm32cubeide_1.1.0/stm32cubeide/plugins/com.st.stm32cube.ide.mcu.externaltools.gnu-tools-for-stm32.9-2020-q2-update.win32_1.5.0.202011040924/tools/bin/../lib/gcc/arm-none-eabi/9.3.1/../../../../arm-none-eabi/lib/thumb/v6-m/nofp\libc_nano.a(lib_a-fprintf.o)
 .ARM.attributes
                0x0000000000000433       0x2c c:/st/stm32cubeide_1.1.0/stm32cubeide/plugins/com.st.stm32cube.ide.mcu.externaltools.gnu-tools-for-stm32.9-2020-q2-update.win32_1.5.0.202011040924/tools/bin/../lib/gcc/arm-none-eabi/9.3.1/../../../../arm-none-eabi/lib/thumb/v6-m/nofp\libc_nano.a(lib_a-impure.o)
 .ARM.attributes
                0x000000000000045f       0x2c c:/st/stm32cubeide_1.1.0/stm32cubeide/plugins/com.st.stm32cube.ide.mcu.externaltools.gnu-tools-for-stm32.9-2020-q2-update.win32_1.5.0.202011040924/tools/bin/../lib/gcc/arm-none-eabi/9.3.1/../../../../arm-none-eabi/lib/thumb/v6-m/nofp\libc_nano.a(lib_a-init.o)
 .ARM.attributes
                0x000000000000048b       0x2c c:/st/stm32cubeide_1.1.0/stm32cubeide/plugins/com.st.stm32cube.ide.mcu.externaltools.gnu-tools-for-stm32.9-2020-q2-update.win32_1.5.0.202011040924/tools/bin/../lib/gcc/arm-none-eabi/9.3.1/../../../../arm-none-eabi/lib/thumb/v6-m/nofp\libc_nano.a(lib_a-memcpy-stub.o)
 .ARM.attributes
                0x00000000000004b7       0x2c c:/st/stm32cubeide_1.1.0/stm32cubeide/plugins/com.st.stm32cube.ide.mcu.externaltools.gnu-tools-for-stm32.9-2020-q2-update.win32_1.5.0.202011040924/tools/bin/../lib/gcc/arm-none-eabi/9.3.1/../../../../arm-none-eabi/lib/thumb/v6-m/nofp\libc_nano.a(lib_a-memset.o)
 .ARM.attributes
                0x00000000000004e3       0x2c c:/st/stm32cubeide_1.1.0/stm32cubeide/plugins/com.st.stm32cube.ide.mcu.externaltools.gnu-tools-for-stm32.9-2020-q2-update.win32_1.5.0.202011040924/tools/bin/../lib/gcc/arm-none-eabi/9.3.1/../../../../arm-none-eabi/lib/thumb/v6-m/nofp\libc_nano.a(lib_a-nano-vfprintf.o)
 .ARM.attributes
                0x000000000000050f       0x2c c:/st/stm32cubeide_1.1.0/stm32cubeide/plugins/com.st.stm32cube.ide.mcu.externaltools.gnu-tools-for-stm32.9-2020-q2-update.win32_1.5.0.202011040924/tools/bin/../lib/gcc/arm-none-eabi/9.3.1/../../../../arm-none-eabi/lib/thumb/v6-m/nofp\libc_nano.a(lib_a-nano-vfprintf_i.o)
 .ARM.attributes
                0x000000000000053b       0x1c c:/st/stm32cubeide_1.1.0/stm32cubeide/plugins/com.st.stm32cube.ide.mcu.externaltools.gnu-tools-for-stm32.9-2020-q2-update.win32_1.5.0.202011040924/tools/bin/../lib/gcc/arm-none-eabi/9.3.1/../../../../arm-none-eabi/lib/thumb/v6-m/nofp\libc_nano.a(lib_a-strlen.o)
 .ARM.attributes
                0x0000000000000557       0x2c c:/st/stm32cubeide_1.1.0/stm32cubeide/plugins/com.st.stm32cube.ide.mcu.externaltools.gnu-tools-for-stm32.9-2020-q2-update.win32_1.5.0.202011040924/tools/bin/../lib/gcc/arm-none-eabi/9.3.1/../../../../arm-none-eabi/lib/thumb/v6-m/nofp\libc_nano.a(lib_a-vsprintf.o)
 .ARM.attributes
                0x0000000000000583       0x2c c:/st/stm32cubeide_1.1.0/stm32cubeide/plugins/com.st.stm32cube.ide.mcu.externaltools.gnu-tools-for-stm32.9-2020-q2-update.win32_1.5.0.202011040924/tools/bin/../lib/gcc/arm-none-eabi/9.3.1/../../../../arm-none-eabi/lib/thumb/v6-m/nofp\libc_nano.a(lib_a-wbuf.o)
 .ARM.attributes
                0x00000000000005af       0x2c c:/st/stm32cubeide_1.1.0/stm32cubeide/plugins/com.st.stm32cube.ide.mcu.externaltools.gnu-tools-for-stm32.9-2020-q2-update.win32_1.5.0.202011040924/tools/bin/../lib/gcc/arm-none-eabi/9.3.1/../../../../arm-none-eabi/lib/thumb/v6-m/nofp\libc_nano.a(lib_a-wsetup.o)
 .ARM.attributes
                0x00000000000005db       0x2c c:/st/stm32cubeide_1.1.0/stm32cubeide/plugins/com.st.stm32cube.ide.mcu.externaltools.gnu-tools-for-stm32.9-2020-q2-update.win32_1.5.0.202011040924/tools/bin/../lib/gcc/arm-none-eabi/9.3.1/../../../../arm-none-eabi/lib/thumb/v6-m/nofp\libc_nano.a(lib_a-abort.o)
 .ARM.attributes
                0x0000000000000607       0x2c c:/st/stm32cubeide_1.1.0/stm32cubeide/plugins/com.st.stm32cube.ide.mcu.externaltools.gnu-tools-for-stm32.9-2020-q2-update.win32_1.5.0.202011040924/tools/bin/../lib/gcc/arm-none-eabi/9.3.1/../../../../arm-none-eabi/lib/thumb/v6-m/nofp\libc_nano.a(lib_a-fflush.o)
 .ARM.attributes
                0x0000000000000633       0x2c c:/st/stm32cubeide_1.1.0/stm32cubeide/plugins/com.st.stm32cube.ide.mcu.externaltools.gnu-tools-for-stm32.9-2020-q2-update.win32_1.5.0.202011040924/tools/bin/../lib/gcc/arm-none-eabi/9.3.1/../../../../arm-none-eabi/lib/thumb/v6-m/nofp\libc_nano.a(lib_a-findfp.o)
 .ARM.attributes
                0x000000000000065f       0x2c c:/st/stm32cubeide_1.1.0/stm32cubeide/plugins/com.st.stm32cube.ide.mcu.externaltools.gnu-tools-for-stm32.9-2020-q2-update.win32_1.5.0.202011040924/tools/bin/../lib/gcc/arm-none-eabi/9.3.1/../../../../arm-none-eabi/lib/thumb/v6-m/nofp\libc_nano.a(lib_a-fwalk.o)
 .ARM.attributes
                0x000000000000068b       0x2c c:/st/stm32cubeide_1.1.0/stm32cubeide/plugins/com.st.stm32cube.ide.mcu.externaltools.gnu-tools-for-stm32.9-2020-q2-update.win32_1.5.0.202011040924/tools/bin/../lib/gcc/arm-none-eabi/9.3.1/../../../../arm-none-eabi/lib/thumb/v6-m/nofp\libc_nano.a(lib_a-lock.o)
 .ARM.attributes
                0x00000000000006b7       0x2c c:/st/stm32cubeide_1.1.0/stm32cubeide/plugins/com.st.stm32cube.ide.mcu.externaltools.gnu-tools-for-stm32.9-2020-q2-update.win32_1.5.0.202011040924/tools/bin/../lib/gcc/arm-none-eabi/9.3.1/../../../../arm-none-eabi/lib/thumb/v6-m/nofp\libc_nano.a(lib_a-makebuf.o)
 .ARM.attributes
                0x00000000000006e3       0x2c c:/st/stm32cubeide_1.1.0/stm32cubeide/plugins/com.st.stm32cube.ide.mcu.externaltools.gnu-tools-for-stm32.9-2020-q2-update.win32_1.5.0.202011040924/tools/bin/../lib/gcc/arm-none-eabi/9.3.1/../../../../arm-none-eabi/lib/thumb/v6-m/nofp\libc_nano.a(lib_a-memchr-stub.o)
 .ARM.attributes
                0x000000000000070f       0x2c c:/st/stm32cubeide_1.1.0/stm32cubeide/plugins/com.st.stm32cube.ide.mcu.externaltools.gnu-tools-for-stm32.9-2020-q2-update.win32_1.5.0.202011040924/tools/bin/../lib/gcc/arm-none-eabi/9.3.1/../../../../arm-none-eabi/lib/thumb/v6-m/nofp\libc_nano.a(lib_a-memmove.o)
 .ARM.attributes
                0x000000000000073b       0x2c c:/st/stm32cubeide_1.1.0/stm32cubeide/plugins/com.st.stm32cube.ide.mcu.externaltools.gnu-tools-for-stm32.9-2020-q2-update.win32_1.5.0.202011040924/tools/bin/../lib/gcc/arm-none-eabi/9.3.1/../../../../arm-none-eabi/lib/thumb/v6-m/nofp\libc_nano.a(lib_a-nano-freer.o)
 .ARM.attributes
                0x0000000000000767       0x2c c:/st/stm32cubeide_1.1.0/stm32cubeide/plugins/com.st.stm32cube.ide.mcu.externaltools.gnu-tools-for-stm32.9-2020-q2-update.win32_1.5.0.202011040924/tools/bin/../lib/gcc/arm-none-eabi/9.3.1/../../../../arm-none-eabi/lib/thumb/v6-m/nofp\libc_nano.a(lib_a-nano-mallocr.o)
 .ARM.attributes
                0x0000000000000793       0x2c c:/st/stm32cubeide_1.1.0/stm32cubeide/plugins/com.st.stm32cube.ide.mcu.externaltools.gnu-tools-for-stm32.9-2020-q2-update.win32_1.5.0.202011040924/tools/bin/../lib/gcc/arm-none-eabi/9.3.1/../../../../arm-none-eabi/lib/thumb/v6-m/nofp\libc_nano.a(lib_a-nano-reallocr.o)
 .ARM.attributes
                0x00000000000007bf       0x2c c:/st/stm32cubeide_1.1.0/stm32cubeide/plugins/com.st.stm32cube.ide.mcu.externaltools.gnu-tools-for-stm32.9-2020-q2-update.win32_1.5.0.202011040924/tools/bin/../lib/gcc/arm-none-eabi/9.3.1/../../../../arm-none-eabi/lib/thumb/v6-m/nofp\libc_nano.a(lib_a-nano-svfprintf.o)
 .ARM.attributes
                0x00000000000007eb       0x2c c:/st/stm32cubeide_1.1.0/stm32cubeide/plugins/com.st.stm32cube.ide.mcu.externaltools.gnu-tools-for-stm32.9-2020-q2-update.win32_1.5.0.202011040924/tools/bin/../lib/gcc/arm-none-eabi/9.3.1/../../../../arm-none-eabi/lib/thumb/v6-m/nofp\libc_nano.a(lib_a-sbrkr.o)
 .ARM.attributes
                0x0000000000000817       0x2c c:/st/stm32cubeide_1.1.0/stm32cubeide/plugins/com.st.stm32cube.ide.mcu.externaltools.gnu-tools-for-stm32.9-2020-q2-update.win32_1.5.0.202011040924/tools/bin/../lib/gcc/arm-none-eabi/9.3.1/../../../../arm-none-eabi/lib/thumb/v6-m/nofp\libc_nano.a(lib_a-signal.o)
 .ARM.attributes
                0x0000000000000843       0x2c c:/st/stm32cubeide_1.1.0/stm32cubeide/plugins/com.st.stm32cube.ide.mcu.externaltools.gnu-tools-for-stm32.9-2020-q2-update.win32_1.5.0.202011040924/tools/bin/../lib/gcc/arm-none-eabi/9.3.1/../../../../arm-none-eabi/lib/thumb/v6-m/nofp\libc_nano.a(lib_a-signalr.o)
 .ARM.attributes
                0x000000000000086f       0x2c c:/st/stm32cubeide_1.1.0/stm32cubeide/plugins/com.st.stm32cube.ide.mcu.externaltools.gnu-tools-for-stm32.9-2020-q2-update.win32_1.5.0.202011040924/tools/bin/../lib/gcc/arm-none-eabi/9.3.1/../../../../arm-none-eabi/lib/thumb/v6-m/nofp\libc_nano.a(lib_a-stdio.o)
 .ARM.attributes
                0x000000000000089b       0x2c c:/st/stm32cubeide_1.1.0/stm32cubeide/plugins/com.st.stm32cube.ide.mcu.externaltools.gnu-tools-for-stm32.9-2020-q2-update.win32_1.5.0.202011040924/tools/bin/../lib/gcc/arm-none-eabi/9.3.1/../../../../arm-none-eabi/lib/thumb/v6-m/nofp\libc_nano.a(lib_a-writer.o)
 .ARM.attributes
                0x00000000000008c7       0x2c c:/st/stm32cubeide_1.1.0/stm32cubeide/plugins/com.st.stm32cube.ide.mcu.externaltools.gnu-tools-for-stm32.9-2020-q2-update.win32_1.5.0.202011040924/tools/bin/../lib/gcc/arm-none-eabi/9.3.1/../../../../arm-none-eabi/lib/thumb/v6-m/nofp\libc_nano.a(lib_a-closer.o)
 .ARM.attributes
                0x00000000000008f3       0x2c c:/st/stm32cubeide_1.1.0/stm32cubeide/plugins/com.st.stm32cube.ide.mcu.externaltools.gnu-tools-for-stm32.9-2020-q2-update.win32_1.5.0.202011040924/tools/bin/../lib/gcc/arm-none-eabi/9.3.1/../../../../arm-none-eabi/lib/thumb/v6-m/nofp\libc_nano.a(lib_a-fstatr.o)
 .ARM.attributes
                0x000000000000091f       0x2c c:/st/stm32cubeide_1.1.0/stm32cubeide/plugins/com.st.stm32cube.ide.mcu.externaltools.gnu-tools-for-stm32.9-2020-q2-update.win32_1.5.0.202011040924/tools/bin/../lib/gcc/arm-none-eabi/9.3.1/../../../../arm-none-eabi/lib/thumb/v6-m/nofp\libc_nano.a(lib_a-isattyr.o)
 .ARM.attributes
                0x000000000000094b       0x2c c:/st/stm32cubeide_1.1.0/stm32cubeide/plugins/com.st.stm32cube.ide.mcu.externaltools.gnu-tools-for-stm32.9-2020-q2-update.win32_1.5.0.202011040924/tools/bin/../lib/gcc/arm-none-eabi/9.3.1/../../../../arm-none-eabi/lib/thumb/v6-m/nofp\libc_nano.a(lib_a-lseekr.o)
 .ARM.attributes
                0x0000000000000977       0x2c c:/st/stm32cubeide_1.1.0/stm32cubeide/plugins/com.st.stm32cube.ide.mcu.externaltools.gnu-tools-for-stm32.9-2020-q2-update.win32_1.5.0.202011040924/tools/bin/../lib/gcc/arm-none-eabi/9.3.1/../../../../arm-none-eabi/lib/thumb/v6-m/nofp\libc_nano.a(lib_a-mlock.o)
 .ARM.attributes
                0x00000000000009a3       0x2c c:/st/stm32cubeide_1.1.0/stm32cubeide/plugins/com.st.stm32cube.ide.mcu.externaltools.gnu-tools-for-stm32.9-2020-q2-update.win32_1.5.0.202011040924/tools/bin/../lib/gcc/arm-none-eabi/9.3.1/../../../../arm-none-eabi/lib/thumb/v6-m/nofp\libc_nano.a(lib_a-nano-msizer.o)
 .ARM.attributes
                0x00000000000009cf       0x2c c:/st/stm32cubeide_1.1.0/stm32cubeide/plugins/com.st.stm32cube.ide.mcu.externaltools.gnu-tools-for-stm32.9-2020-q2-update.win32_1.5.0.202011040924/tools/bin/../lib/gcc/arm-none-eabi/9.3.1/../../../../arm-none-eabi/lib/thumb/v6-m/nofp\libc_nano.a(lib_a-readr.o)
 .ARM.attributes
                0x00000000000009fb       0x2c c:/st/stm32cubeide_1.1.0/stm32cubeide/plugins/com.st.stm32cube.ide.mcu.externaltools.gnu-tools-for-stm32.9-2020-q2-update.win32_1.5.0.202011040924/tools/bin/../lib/gcc/arm-none-eabi/9.3.1/../../../../arm-none-eabi/lib/thumb/v6-m/nofp\libc_nano.a(lib_a-reent.o)
 .ARM.attributes
                0x0000000000000a27       0x1e c:/st/stm32cubeide_1.1.0/stm32cubeide/plugins/com.st.stm32cube.ide.mcu.externaltools.gnu-tools-for-stm32.9-2020-q2-update.win32_1.5.0.202011040924/tools/bin/../lib/gcc/arm-none-eabi/9.3.1/thumb/v6-m/nofp\libgcc.a(_thumb1_case_shi.o)
 .ARM.attributes
                0x0000000000000a45       0x1e c:/st/stm32cubeide_1.1.0/stm32cubeide/plugins/com.st.stm32cube.ide.mcu.externaltools.gnu-tools-for-stm32.9-2020-q2-update.win32_1.5.0.202011040924/tools/bin/../lib/gcc/arm-none-eabi/9.3.1/thumb/v6-m/nofp\libgcc.a(_udivsi3.o)
 .ARM.attributes
                0x0000000000000a63       0x1e c:/st/stm32cubeide_1.1.0/stm32cubeide/plugins/com.st.stm32cube.ide.mcu.externaltools.gnu-tools-for-stm32.9-2020-q2-update.win32_1.5.0.202011040924/tools/bin/../lib/gcc/arm-none-eabi/9.3.1/thumb/v6-m/nofp\libgcc.a(_dvmd_tls.o)
 .ARM.attributes
                0x0000000000000a81       0x1e c:/st/stm32cubeide_1.1.0/stm32cubeide/plugins/com.st.stm32cube.ide.mcu.externaltools.gnu-tools-for-stm32.9-2020-q2-update.win32_1.5.0.202011040924/tools/bin/../lib/gcc/arm-none-eabi/9.3.1/thumb/v6-m/nofp/crtn.o
OUTPUT(lwc_nist_benchmark_stm32f051r8.elf elf32-littlearm)
LOAD linker stubs
LOAD c:/st/stm32cubeide_1.1.0/stm32cubeide/plugins/com.st.stm32cube.ide.mcu.externaltools.gnu-tools-for-stm32.9-2020-q2-update.win32_1.5.0.202011040924/tools/bin/../lib/gcc/arm-none-eabi/9.3.1/../../../../arm-none-eabi/lib/thumb/v6-m/nofp\libc.a
LOAD c:/st/stm32cubeide_1.1.0/stm32cubeide/plugins/com.st.stm32cube.ide.mcu.externaltools.gnu-tools-for-stm32.9-2020-q2-update.win32_1.5.0.202011040924/tools/bin/../lib/gcc/arm-none-eabi/9.3.1/../../../../arm-none-eabi/lib/thumb/v6-m/nofp\libm.a
LOAD c:/st/stm32cubeide_1.1.0/stm32cubeide/plugins/com.st.stm32cube.ide.mcu.externaltools.gnu-tools-for-stm32.9-2020-q2-update.win32_1.5.0.202011040924/tools/bin/../lib/gcc/arm-none-eabi/9.3.1/thumb/v6-m/nofp\libgcc.a

.debug_info     0x0000000000000000     0xeffc
 .debug_info    0x0000000000000000      0xe29 Core/Src/main.o
 .debug_info    0x0000000000000e29      0xe58 Core/Src/stm32f0xx_hal_msp.o
 .debug_info    0x0000000000001c81      0x767 Core/Src/stm32f0xx_it.o
 .debug_info    0x00000000000023e8      0xfa8 Core/Src/syscalls.o
 .debug_info    0x0000000000003390      0xa25 Core/Src/sysmem.o
 .debug_info    0x0000000000003db5      0x2c3 Core/Src/system_stm32f0xx.o
 .debug_info    0x0000000000004078       0x22 Core/Startup/startup_stm32f051r8tx.o
 .debug_info    0x000000000000409a      0x6ff Drivers/STM32F0xx_HAL_Driver/Src/stm32f0xx_hal.o
 .debug_info    0x0000000000004799      0x7d6 Drivers/STM32F0xx_HAL_Driver/Src/stm32f0xx_hal_cortex.o
 .debug_info    0x0000000000004f6f      0x6e6 Drivers/STM32F0xx_HAL_Driver/Src/stm32f0xx_hal_gpio.o
 .debug_info    0x0000000000005655      0x8a4 Drivers/STM32F0xx_HAL_Driver/Src/stm32f0xx_hal_rcc.o
 .debug_info    0x0000000000005ef9      0x40f Drivers/STM32F0xx_HAL_Driver/Src/stm32f0xx_hal_rcc_ex.o
 .debug_info    0x0000000000006308     0x2a17 Drivers/STM32F0xx_HAL_Driver/Src/stm32f0xx_hal_tim.o
 .debug_info    0x0000000000008d1f     0x1469 Drivers/STM32F0xx_HAL_Driver/Src/stm32f0xx_hal_tim_ex.o
 .debug_info    0x000000000000a188     0x17cf Drivers/STM32F0xx_HAL_Driver/Src/stm32f0xx_hal_uart.o
 .debug_info    0x000000000000b957      0xe6d algos/xoodyak/Implementations/crypto_hash/xoodyakv1/ref/Xoodoo-reference.o
 .debug_info    0x000000000000c7c4      0xf11 algos/xoodyak/Implementations/crypto_hash/xoodyakv1/ref/Xoodyak.o
 .debug_info    0x000000000000d6d5      0x172 algos/xoodyak/Implementations/crypto_hash/xoodyakv1/ref/hash.o
 .debug_info    0x000000000000d847     0x15e0 genkat_src/genkat_aead_hash.o
 .debug_info    0x000000000000ee27      0x1d5 genkat_src/mem_stat.o

.debug_abbrev   0x0000000000000000     0x25da
 .debug_abbrev  0x0000000000000000      0x24a Core/Src/main.o
 .debug_abbrev  0x000000000000024a      0x1c8 Core/Src/stm32f0xx_hal_msp.o
 .debug_abbrev  0x0000000000000412      0x198 Core/Src/stm32f0xx_it.o
 .debug_abbrev  0x00000000000005aa      0x286 Core/Src/syscalls.o
 .debug_abbrev  0x0000000000000830      0x1bf Core/Src/sysmem.o
 .debug_abbrev  0x00000000000009ef      0x145 Core/Src/system_stm32f0xx.o
 .debug_abbrev  0x0000000000000b34       0x12 Core/Startup/startup_stm32f051r8tx.o
 .debug_abbrev  0x0000000000000b46      0x21e Drivers/STM32F0xx_HAL_Driver/Src/stm32f0xx_hal.o
 .debug_abbrev  0x0000000000000d64      0x2a9 Drivers/STM32F0xx_HAL_Driver/Src/stm32f0xx_hal_cortex.o
 .debug_abbrev  0x000000000000100d      0x1e8 Drivers/STM32F0xx_HAL_Driver/Src/stm32f0xx_hal_gpio.o
 .debug_abbrev  0x00000000000011f5      0x23b Drivers/STM32F0xx_HAL_Driver/Src/stm32f0xx_hal_rcc.o
 .debug_abbrev  0x0000000000001430      0x193 Drivers/STM32F0xx_HAL_Driver/Src/stm32f0xx_hal_rcc_ex.o
 .debug_abbrev  0x00000000000015c3      0x26f Drivers/STM32F0xx_HAL_Driver/Src/stm32f0xx_hal_tim.o
 .debug_abbrev  0x0000000000001832      0x277 Drivers/STM32F0xx_HAL_Driver/Src/stm32f0xx_hal_tim_ex.o
 .debug_abbrev  0x0000000000001aa9      0x250 Drivers/STM32F0xx_HAL_Driver/Src/stm32f0xx_hal_uart.o
 .debug_abbrev  0x0000000000001cf9      0x229 algos/xoodyak/Implementations/crypto_hash/xoodyakv1/ref/Xoodoo-reference.o
 .debug_abbrev  0x0000000000001f22      0x218 algos/xoodyak/Implementations/crypto_hash/xoodyakv1/ref/Xoodyak.o
 .debug_abbrev  0x000000000000213a       0xe3 algos/xoodyak/Implementations/crypto_hash/xoodyakv1/ref/hash.o
 .debug_abbrev  0x000000000000221d      0x300 genkat_src/genkat_aead_hash.o
 .debug_abbrev  0x000000000000251d       0xbd genkat_src/mem_stat.o

.debug_aranges  0x0000000000000000      0xd80
 .debug_aranges
                0x0000000000000000       0x50 Core/Src/main.o
 .debug_aranges
                0x0000000000000050       0x40 Core/Src/stm32f0xx_hal_msp.o
 .debug_aranges
                0x0000000000000090       0x48 Core/Src/stm32f0xx_it.o
 .debug_aranges
                0x00000000000000d8       0xa8 Core/Src/syscalls.o
 .debug_aranges
                0x0000000000000180       0x20 Core/Src/sysmem.o
 .debug_aranges