Archive member included to satisfy reference by file (symbol)

c:/st/stm32cubeide_1.6.1/stm32cubeide/plugins/com.st.stm32cube.ide.mcu.externaltools.gnu-tools-for-stm32.9-2020-q2-update.win32_1.5.0.202011040924/tools/bin/../lib/gcc/arm-none-eabi/9.3.1/../../../../arm-none-eabi/lib/thumb/v6-m/nofp\libc_nano.a(lib_a-errno.o)
                              Core/Src/syscalls.o (__errno)
c:/st/stm32cubeide_1.6.1/stm32cubeide/plugins/com.st.stm32cube.ide.mcu.externaltools.gnu-tools-for-stm32.9-2020-q2-update.win32_1.5.0.202011040924/tools/bin/../lib/gcc/arm-none-eabi/9.3.1/../../../../arm-none-eabi/lib/thumb/v6-m/nofp\libc_nano.a(lib_a-exit.o)
                              c:/st/stm32cubeide_1.6.1/stm32cubeide/plugins/com.st.stm32cube.ide.mcu.externaltools.gnu-tools-for-stm32.9-2020-q2-update.win32_1.5.0.202011040924/tools/bin/../lib/gcc/arm-none-eabi/9.3.1/../../../../arm-none-eabi/lib/thumb/v6-m/nofp/crt0.o (exit)
c:/st/stm32cubeide_1.6.1/stm32cubeide/plugins/com.st.stm32cube.ide.mcu.externaltools.gnu-tools-for-stm32.9-2020-q2-update.win32_1.5.0.202011040924/tools/bin/../lib/gcc/arm-none-eabi/9.3.1/../../../../arm-none-eabi/lib/thumb/v6-m/nofp\libc_nano.a(lib_a-impure.o)
                              c:/st/stm32cubeide_1.6.1/stm32cubeide/plugins/com.st.stm32cube.ide.mcu.externaltools.gnu-tools-for-stm32.9-2020-q2-update.win32_1.5.0.202011040924/tools/bin/../lib/gcc/arm-none-eabi/9.3.1/../../../../arm-none-eabi/lib/thumb/v6-m/nofp\libc_nano.a(lib_a-exit.o) (_global_impure_ptr)
c:/st/stm32cubeide_1.6.1/stm32cubeide/plugins/com.st.stm32cube.ide.mcu.externaltools.gnu-tools-for-stm32.9-2020-q2-update.win32_1.5.0.202011040924/tools/bin/../lib/gcc/arm-none-eabi/9.3.1/../../../../arm-none-eabi/lib/thumb/v6-m/nofp\libc_nano.a(lib_a-init.o)
                              c:/st/stm32cubeide_1.6.1/stm32cubeide/plugins/com.st.stm32cube.ide.mcu.externaltools.gnu-tools-for-stm32.9-2020-q2-update.win32_1.5.0.202011040924/tools/bin/../lib/gcc/arm-none-eabi/9.3.1/../../../../arm-none-eabi/lib/thumb/v6-m/nofp/crt0.o (__libc_init_array)
c:/st/stm32cubeide_1.6.1/stm32cubeide/plugins/com.st.stm32cube.ide.mcu.externaltools.gnu-tools-for-stm32.9-2020-q2-update.win32_1.5.0.202011040924/tools/bin/../lib/gcc/arm-none-eabi/9.3.1/../../../../arm-none-eabi/lib/thumb/v6-m/nofp\libc_nano.a(lib_a-malloc.o)
                              algos/ace/Implementations/crypto_hash/acehash256v1/ref/ace.o (malloc)
c:/st/stm32cubeide_1.6.1/stm32cubeide/plugins/com.st.stm32cube.ide.mcu.externaltools.gnu-tools-for-stm32.9-2020-q2-update.win32_1.5.0.202011040924/tools/bin/../lib/gcc/arm-none-eabi/9.3.1/../../../../arm-none-eabi/lib/thumb/v6-m/nofp\libc_nano.a(lib_a-memset.o)
                              c:/st/stm32cubeide_1.6.1/stm32cubeide/plugins/com.st.stm32cube.ide.mcu.externaltools.gnu-tools-for-stm32.9-2020-q2-update.win32_1.5.0.202011040924/tools/bin/../lib/gcc/arm-none-eabi/9.3.1/../../../../arm-none-eabi/lib/thumb/v6-m/nofp/crt0.o (memset)
c:/st/stm32cubeide_1.6.1/stm32cubeide/plugins/com.st.stm32cube.ide.mcu.externaltools.gnu-tools-for-stm32.9-2020-q2-update.win32_1.5.0.202011040924/tools/bin/../lib/gcc/arm-none-eabi/9.3.1/../../../../arm-none-eabi/lib/thumb/v6-m/nofp\libc_nano.a(lib_a-nano-freer.o)
                              c:/st/stm32cubeide_1.6.1/stm32cubeide/plugins/com.st.stm32cube.ide.mcu.externaltools.gnu-tools-for-stm32.9-2020-q2-update.win32_1.5.0.202011040924/tools/bin/../lib/gcc/arm-none-eabi/9.3.1/../../../../arm-none-eabi/lib/thumb/v6-m/nofp\libc_nano.a(lib_a-malloc.o) (_free_r)
c:/st/stm32cubeide_1.6.1/stm32cubeide/plugins/com.st.stm32cube.ide.mcu.externaltools.gnu-tools-for-stm32.9-2020-q2-update.win32_1.5.0.202011040924/tools/bin/../lib/gcc/arm-none-eabi/9.3.1/../../../../arm-none-eabi/lib/thumb/v6-m/nofp\libc_nano.a(lib_a-nano-mallocr.o)
                              c:/st/stm32cubeide_1.6.1/stm32cubeide/plugins/com.st.stm32cube.ide.mcu.externaltools.gnu-tools-for-stm32.9-2020-q2-update.win32_1.5.0.202011040924/tools/bin/../lib/gcc/arm-none-eabi/9.3.1/../../../../arm-none-eabi/lib/thumb/v6-m/nofp\libc_nano.a(lib_a-malloc.o) (_malloc_r)
c:/st/stm32cubeide_1.6.1/stm32cubeide/plugins/com.st.stm32cube.ide.mcu.externaltools.gnu-tools-for-stm32.9-2020-q2-update.win32_1.5.0.202011040924/tools/bin/../lib/gcc/arm-none-eabi/9.3.1/../../../../arm-none-eabi/lib/thumb/v6-m/nofp\libc_nano.a(lib_a-printf.o)
                              algos/ace/Implementations/crypto_hash/acehash256v1/ref/ace.o (printf)
c:/st/stm32cubeide_1.6.1/stm32cubeide/plugins/com.st.stm32cube.ide.mcu.externaltools.gnu-tools-for-stm32.9-2020-q2-update.win32_1.5.0.202011040924/tools/bin/../lib/gcc/arm-none-eabi/9.3.1/../../../../arm-none-eabi/lib/thumb/v6-m/nofp\libc_nano.a(lib_a-putchar.o)
                              algos/ace/Implementations/crypto_hash/acehash256v1/ref/ace.o (putchar)
[...]
Memory Configuration

Name             Origin             Length             Attributes
RAM              0x0000000020000000 0x0000000000002000 xrw
FLASH            0x0000000008000000 0x0000000000010000 xr
*default*        0x0000000000000000 0xffffffffffffffff

Linker script and memory map

LOAD c:/st/stm32cubeide_1.6.1/stm32cubeide/plugins/com.st.stm32cube.ide.mcu.externaltools.gnu-tools-for-stm32.9-2020-q2-update.win32_1.5.0.202011040924/tools/bin/../lib/gcc/arm-none-eabi/9.3.1/thumb/v6-m/nofp/crti.o
LOAD c:/st/stm32cubeide_1.6.1/stm32cubeide/plugins/com.st.stm32cube.ide.mcu.externaltools.gnu-tools-for-stm32.9-2020-q2-update.win32_1.5.0.202011040924/tools/bin/../lib/gcc/arm-none-eabi/9.3.1/thumb/v6-m/nofp/crtbegin.o
LOAD c:/st/stm32cubeide_1.6.1/stm32cubeide/plugins/com.st.stm32cube.ide.mcu.externaltools.gnu-tools-for-stm32.9-2020-q2-update.win32_1.5.0.202011040924/tools/bin/../lib/gcc/arm-none-eabi/9.3.1/../../../../arm-none-eabi/lib/thumb/v6-m/nofp/crt0.o
LOAD Core/Src/main.o
LOAD Core/Src/stm32f0xx_hal_msp.o
LOAD Core/Src/stm32f0xx_it.o
LOAD Core/Src/syscalls.o
LOAD Core/Src/sysmem.o
LOAD Core/Src/system_stm32f0xx.o
LOAD Core/Startup/startup_stm32f051r8tx.o
LOAD Drivers/STM32F0xx_HAL_Driver/Src/stm32f0xx_hal.o
LOAD Drivers/STM32F0xx_HAL_Driver/Src/stm32f0xx_hal_cortex.o
LOAD Drivers/STM32F0xx_HAL_Driver/Src/stm32f0xx_hal_dma.o
LOAD Drivers/STM32F0xx_HAL_Driver/Src/stm32f0xx_hal_exti.o
LOAD Drivers/STM32F0xx_HAL_Driver/Src/stm32f0xx_hal_flash.o
LOAD Drivers/STM32F0xx_HAL_Driver/Src/stm32f0xx_hal_flash_ex.o
LOAD Drivers/STM32F0xx_HAL_Driver/Src/stm32f0xx_hal_gpio.o
LOAD Drivers/STM32F0xx_HAL_Driver/Src/stm32f0xx_hal_i2c.o
LOAD Drivers/STM32F0xx_HAL_Driver/Src/stm32f0xx_hal_i2c_ex.o
LOAD Drivers/STM32F0xx_HAL_Driver/Src/stm32f0xx_hal_pwr.o
LOAD Drivers/STM32F0xx_HAL_Driver/Src/stm32f0xx_hal_pwr_ex.o
LOAD Drivers/STM32F0xx_HAL_Driver/Src/stm32f0xx_hal_rcc.o
LOAD Drivers/STM32F0xx_HAL_Driver/Src/stm32f0xx_hal_rcc_ex.o
LOAD Drivers/STM32F0xx_HAL_Driver/Src/stm32f0xx_hal_tim.o
LOAD Drivers/STM32F0xx_HAL_Driver/Src/stm32f0xx_hal_tim_ex.o
LOAD Drivers/STM32F0xx_HAL_Driver/Src/stm32f0xx_hal_uart.o
LOAD Drivers/STM32F0xx_HAL_Driver/Src/stm32f0xx_hal_uart_ex.o
LOAD Drivers/STM32F0xx_HAL_Driver/Src/stm32f0xx_ll_exti.o
LOAD Drivers/STM32F0xx_HAL_Driver/Src/stm32f0xx_ll_gpio.o
LOAD Drivers/STM32F0xx_HAL_Driver/Src/stm32f0xx_ll_rcc.o
LOAD Drivers/STM32F0xx_HAL_Driver/Src/stm32f0xx_ll_utils.o
LOAD algos/ace/Implementations/crypto_aead/aceae128v1/ref/ace.o
LOAD algos/ace/Implementations/crypto_aead/aceae128v1/ref/encrypt.o
LOAD algos/ace/Implementations/crypto_hash/acehash256v1/ref/ace.o
LOAD algos/ace/Implementations/crypto_hash/acehash256v1/ref/hash.o
LOAD algos/ascon/Implementations/crypto_aead/ascon128av12/ref/decrypt.o
LOAD algos/ascon/Implementations/crypto_aead/ascon128av12/ref/encrypt.o
LOAD algos/ascon/Implementations/crypto_aead/ascon128v12/ref/decrypt.o
LOAD algos/ascon/Implementations/crypto_aead/ascon128v12/ref/encrypt.o
LOAD algos/ascon/Implementations/crypto_aead/ascon80pqv12/ref/decrypt.o
LOAD algos/ascon/Implementations/crypto_aead/ascon80pqv12/ref/encrypt.o
LOAD algos/ascon/Implementations/crypto_hash/asconhashv12/ref/hash.o
LOAD algos/ascon/Implementations/crypto_hash/asconxofv12/ref/hash.o
LOAD algos/comet/Implementations/crypto_aead/comet128aesv1/ref/AES_10_128-128.o
LOAD algos/comet/Implementations/crypto_aead/comet128aesv1/ref/comet_64-128_and_128-128.o
LOAD algos/comet/Implementations/crypto_aead/comet128aesv1/ref/encrypt.o
LOAD algos/comet/Implementations/crypto_aead/comet128chamv1/ref/CHAM_64-128_and_128-128.o
LOAD algos/comet/Implementations/crypto_aead/comet128chamv1/ref/comet_64-128_and_128-128.o
LOAD algos/comet/Implementations/crypto_aead/comet128chamv1/ref/encrypt.o
LOAD algos/comet/Implementations/crypto_aead/comet64chamv1/ref/CHAM_64-128_and_128-128.o
LOAD algos/comet/Implementations/crypto_aead/comet64chamv1/ref/comet_64-128_and_128-128.o
LOAD algos/comet/Implementations/crypto_aead/comet64chamv1/ref/encrypt.o
LOAD algos/comet/Implementations/crypto_aead/comet64speckv1/ref/comet_64-128_and_128-128.o
LOAD algos/comet/Implementations/crypto_aead/comet64speckv1/ref/encrypt.o
LOAD algos/comet/Implementations/crypto_aead/comet64speckv1/ref/speck_64-128_and_128-128.o
LOAD algos/drygascon/Implementations/crypto_aead/drygascon128/ref/encrypt.o
LOAD algos/drygascon/Implementations/crypto_aead/drygascon256/ref/encrypt.o
LOAD algos/drygascon/Implementations/crypto_hash/drygascon128/ref/hash.o
LOAD algos/drygascon/Implementations/crypto_hash/drygascon256/ref/hash.o
LOAD algos/elephant/Implementations/crypto_aead/elephant160v1/ref/encrypt.o
LOAD algos/elephant/Implementations/crypto_aead/elephant160v1/ref/spongent.o
LOAD algos/elephant/Implementations/crypto_aead/elephant176v1/ref/encrypt.o
LOAD algos/elephant/Implementations/crypto_aead/elephant176v1/ref/spongent.o
LOAD algos/elephant/Implementations/crypto_aead/elephant200v1/ref/encrypt.o
LOAD algos/elephant/Implementations/crypto_aead/elephant200v1/ref/keccak.o
LOAD algos/estate/Implementations/crypto_aead/estatetweaes128v1/ref/encrypt.o
LOAD algos/estate/Implementations/crypto_aead/estatetweaes128v1/ref/tweaes-128.o
LOAD algos/estate/Implementations/crypto_aead/estatetwegift128v1/ref/encrypt.o
LOAD algos/estate/Implementations/crypto_aead/estatetwegift128v1/ref/twegift-128.o
LOAD algos/estate/Implementations/crypto_aead/sestatetweaes128v1/ref/encrypt.o
LOAD algos/estate/Implementations/crypto_aead/sestatetweaes128v1/ref/tweaes-128.o
LOAD algos/forkae/Implementations/crypto_aead/paefforkskinnyb128t192n48v1/ref/encrypt.o
LOAD algos/forkae/Implementations/crypto_aead/paefforkskinnyb128t192n48v1/ref/forkskinny.o
LOAD algos/forkae/Implementations/crypto_aead/paefforkskinnyb128t192n48v1/ref/helpers.o
LOAD algos/forkae/Implementations/crypto_aead/paefforkskinnyb128t192n48v1/ref/paef.o
LOAD algos/forkae/Implementations/crypto_aead/paefforkskinnyb128t192n48v1/ref/skinny_round.o
LOAD algos/forkae/Implementations/crypto_aead/paefforkskinnyb128t256n112v1/ref/encrypt.o
LOAD algos/forkae/Implementations/crypto_aead/paefforkskinnyb128t256n112v1/ref/forkskinny.o
LOAD algos/forkae/Implementations/crypto_aead/paefforkskinnyb128t256n112v1/ref/helpers.o
LOAD algos/forkae/Implementations/crypto_aead/paefforkskinnyb128t256n112v1/ref/paef.o
LOAD algos/forkae/Implementations/crypto_aead/paefforkskinnyb128t256n112v1/ref/skinny_round.o
LOAD algos/forkae/Implementations/crypto_aead/paefforkskinnyb128t288n104v1/ref/encrypt.o
LOAD algos/forkae/Implementations/crypto_aead/paefforkskinnyb128t288n104v1/ref/forkskinny.o
LOAD algos/forkae/Implementations/crypto_aead/paefforkskinnyb128t288n104v1/ref/helpers.o
LOAD algos/forkae/Implementations/crypto_aead/paefforkskinnyb128t288n104v1/ref/paef.o
LOAD algos/forkae/Implementations/crypto_aead/paefforkskinnyb128t288n104v1/ref/skinny_round.o
LOAD algos/forkae/Implementations/crypto_aead/paefforkskinnyb64t192n48v1/ref/encrypt.o
LOAD algos/forkae/Implementations/crypto_aead/paefforkskinnyb64t192n48v1/ref/forkskinny.o
LOAD algos/forkae/Implementations/crypto_aead/paefforkskinnyb64t192n48v1/ref/helpers.o
LOAD algos/forkae/Implementations/crypto_aead/paefforkskinnyb64t192n48v1/ref/paef.o
LOAD algos/forkae/Implementations/crypto_aead/paefforkskinnyb64t192n48v1/ref/skinny_round.o
LOAD algos/forkae/Implementations/crypto_aead/saefforkskinnyb128t192n56v1/ref/encrypt.o
LOAD algos/forkae/Implementations/crypto_aead/saefforkskinnyb128t192n56v1/ref/forkskinny.o
LOAD algos/forkae/Implementations/crypto_aead/saefforkskinnyb128t192n56v1/ref/helpers.o
LOAD algos/forkae/Implementations/crypto_aead/saefforkskinnyb128t192n56v1/ref/saef.o
LOAD algos/forkae/Implementations/crypto_aead/saefforkskinnyb128t192n56v1/ref/skinny_round.o
LOAD algos/forkae/Implementations/crypto_aead/saefforkskinnyb128t256n120v1/ref/encrypt.o
LOAD algos/forkae/Implementations/crypto_aead/saefforkskinnyb128t256n120v1/ref/forkskinny.o
LOAD algos/forkae/Implementations/crypto_aead/saefforkskinnyb128t256n120v1/ref/helpers.o
LOAD algos/forkae/Implementations/crypto_aead/saefforkskinnyb128t256n120v1/ref/saef.o
LOAD algos/forkae/Implementations/crypto_aead/saefforkskinnyb128t256n120v1/ref/skinny_round.o
LOAD algos/gift-cofb/Implementations/crypto_aead/giftcofb128v1/ref/encrypt.o
LOAD algos/gift-cofb/Implementations/crypto_aead/giftcofb128v1/ref/gift128.o
LOAD algos/gimli/Implementations/crypto_aead/gimli24v1/ref/cipher.o
LOAD algos/gimli/Implementations/crypto_hash/gimli24v1/ref/gimli_hash.o
LOAD algos/grain-128aead/Implementations/crypto_aead/grain128aead/ref/grain128aead.o
LOAD algos/hyena/Implementations/crypto_aead/hyenav1/ref/encrypt.o
LOAD algos/hyena/Implementations/crypto_aead/hyenav1/ref/gift-128.o
LOAD algos/isap/Implementations/crypto_aead/isapa128av20/ref/Ascon-reference.o
LOAD algos/isap/Implementations/crypto_aead/isapa128av20/ref/decrypt.o
LOAD algos/isap/Implementations/crypto_aead/isapa128av20/ref/encrypt.o
LOAD algos/isap/Implementations/crypto_aead/isapa128av20/ref/isap.o
LOAD algos/isap/Implementations/crypto_aead/isapa128av20/ref/permutation.o
LOAD algos/isap/Implementations/crypto_aead/isapa128v20/ref/Ascon-reference.o
LOAD algos/isap/Implementations/crypto_aead/isapa128v20/ref/decrypt.o
LOAD algos/isap/Implementations/crypto_aead/isapa128v20/ref/encrypt.o
LOAD algos/isap/Implementations/crypto_aead/isapa128v20/ref/isap.o
LOAD algos/isap/Implementations/crypto_aead/isapa128v20/ref/permutation.o
LOAD algos/isap/Implementations/crypto_aead/isapk128av20/ref/KeccakP-400-reference.o
LOAD algos/isap/Implementations/crypto_aead/isapk128av20/ref/decrypt.o
LOAD algos/isap/Implementations/crypto_aead/isapk128av20/ref/encrypt.o
LOAD algos/isap/Implementations/crypto_aead/isapk128av20/ref/isap.o
LOAD algos/isap/Implementations/crypto_aead/isapk128av20/ref/permutation.o
LOAD algos/isap/Implementations/crypto_aead/isapk128v20/ref/KeccakP-400-reference.o
LOAD algos/isap/Implementations/crypto_aead/isapk128v20/ref/decrypt.o
LOAD algos/isap/Implementations/crypto_aead/isapk128v20/ref/encrypt.o
LOAD algos/isap/Implementations/crypto_aead/isapk128v20/ref/isap.o
LOAD algos/isap/Implementations/crypto_aead/isapk128v20/ref/permutation.o
LOAD algos/knot/Implementations/crypto_aead/knot128v1/ref/encrypt.o
LOAD algos/knot/Implementations/crypto_aead/knot128v2/ref/encrypt.o
LOAD algos/knot/Implementations/crypto_aead/knot192/ref/encrypt.o
LOAD algos/knot/Implementations/crypto_aead/knot256/ref/encrypt.o
LOAD algos/knot/Implementations/crypto_hash/knot256v1/ref/hash.o
LOAD algos/knot/Implementations/crypto_hash/knot256v2/ref/hash.o
LOAD algos/knot/Implementations/crypto_hash/knot384/ref/hash.o
LOAD algos/knot/Implementations/crypto_hash/knot512/ref/hash.o
LOAD algos/lotus-locus/Implementations/crypto_aead/twegift64locusaeadv1/ref/encrypt.o
LOAD algos/lotus-locus/Implementations/crypto_aead/twegift64locusaeadv1/ref/twegift-64.o
LOAD algos/lotus-locus/Implementations/crypto_aead/twegift64lotusaeadv1/ref/encrypt.o
LOAD algos/lotus-locus/Implementations/crypto_aead/twegift64lotusaeadv1/ref/twegift-64.o
LOAD algos/mixfeed/Implementations/crypto_aead/mixfeed/ref/encrypt.o
LOAD algos/orange/Implementations/crypto_aead/orangezestv1/ref/encrypt.o
LOAD algos/orange/Implementations/crypto_hash/orangishv1/ref/hash.o
LOAD algos/oribatida/Implementations/crypto_aead/oribatida192v12/ref/encrypt.o
LOAD algos/oribatida/Implementations/crypto_aead/oribatida256v12/ref/encrypt.o
LOAD algos/photon-beetle/photon-beetle/Implementations/crypto_aead/photonbeetleaead128rate128v1/ref/encrypt.o
LOAD algos/photon-beetle/photon-beetle/Implementations/crypto_aead/photonbeetleaead128rate128v1/ref/photon.o
LOAD algos/photon-beetle/photon-beetle/Implementations/crypto_aead/photonbeetleaead128rate32v1/ref/encrypt.o
LOAD algos/photon-beetle/photon-beetle/Implementations/crypto_aead/photonbeetleaead128rate32v1/ref/photon.o
LOAD algos/photon-beetle/photon-beetle/Implementations/crypto_hash/photonbeetlehash256rate32v1/ref/hash.o
LOAD algos/photon-beetle/photon-beetle/Implementations/crypto_hash/photonbeetlehash256rate32v1/ref/photon.o
LOAD algos/pyjamask/Implementations/crypto_aead/pyjamask128aeadv1/ref/encrypt.o
LOAD algos/pyjamask/Implementations/crypto_aead/pyjamask128aeadv1/ref/pyjamask.o
LOAD algos/pyjamask/Implementations/crypto_aead/pyjamask96aeadv1/ref/encrypt.o
LOAD algos/pyjamask/Implementations/crypto_aead/pyjamask96aeadv1/ref/pyjamask.o
LOAD algos/romulus/Implementations/crypto_aead/romulusm1v12/ref/encrypt.o
LOAD algos/romulus/Implementations/crypto_aead/romulusm1v12/ref/skinny_reference.o
LOAD algos/romulus/Implementations/crypto_aead/romulusm2v12/ref/encrypt.o
LOAD algos/romulus/Implementations/crypto_aead/romulusm2v12/ref/skinny_reference.o
LOAD algos/romulus/Implementations/crypto_aead/romulusm3v12/ref/encrypt.o
LOAD algos/romulus/Implementations/crypto_aead/romulusm3v12/ref/skinny_reference.o
LOAD algos/romulus/Implementations/crypto_aead/romulusn1v12/ref/encrypt.o
LOAD algos/romulus/Implementations/crypto_aead/romulusn1v12/ref/skinny_reference.o
LOAD algos/romulus/Implementations/crypto_aead/romulusn2v12/ref/encrypt.o
LOAD algos/romulus/Implementations/crypto_aead/romulusn2v12/ref/skinny_reference.o
LOAD algos/romulus/Implementations/crypto_aead/romulusn3v12/ref/encrypt.o
LOAD algos/romulus/Implementations/crypto_aead/romulusn3v12/ref/skinny_reference.o
LOAD algos/saeaes/Implementations/crypto_aead/saeaes128a120t128v1/ref/aes.o
LOAD algos/saeaes/Implementations/crypto_aead/saeaes128a120t128v1/ref/encrypt.o
LOAD algos/saeaes/Implementations/crypto_aead/saeaes128a120t64v1/ref/aes.o
LOAD algos/saeaes/Implementations/crypto_aead/saeaes128a120t64v1/ref/encrypt.o
LOAD algos/saeaes/Implementations/crypto_aead/saeaes128a64t128v1/ref/aes.o
LOAD algos/saeaes/Implementations/crypto_aead/saeaes128a64t128v1/ref/encrypt.o
LOAD algos/saeaes/Implementations/crypto_aead/saeaes128a64t64v1/ref/aes.o
LOAD algos/saeaes/Implementations/crypto_aead/saeaes128a64t64v1/ref/encrypt.o
LOAD algos/saeaes/Implementations/crypto_aead/saeaes192a120t128v1/ref/aes.o
LOAD algos/saeaes/Implementations/crypto_aead/saeaes192a120t128v1/ref/encrypt.o
LOAD algos/saeaes/Implementations/crypto_aead/saeaes192a64t128v1/ref/aes.o
LOAD algos/saeaes/Implementations/crypto_aead/saeaes192a64t128v1/ref/encrypt.o
LOAD algos/saeaes/Implementations/crypto_aead/saeaes192a64t64v1/ref/aes.o
LOAD algos/saeaes/Implementations/crypto_aead/saeaes192a64t64v1/ref/encrypt.o
LOAD algos/saeaes/Implementations/crypto_aead/saeaes256a120t128v1/ref/aes.o
LOAD algos/saeaes/Implementations/crypto_aead/saeaes256a120t128v1/ref/encrypt.o
LOAD algos/saeaes/Implementations/crypto_aead/saeaes256a64t128v1/ref/aes.o
LOAD algos/saeaes/Implementations/crypto_aead/saeaes256a64t128v1/ref/encrypt.o
LOAD algos/saeaes/Implementations/crypto_aead/saeaes256a64t64v1/ref/aes.o
LOAD algos/saeaes/Implementations/crypto_aead/saeaes256a64t64v1/ref/encrypt.o
LOAD algos/saturnin/Implementations/crypto_aead/saturninctrcascadev2/ref/encrypt.o
LOAD algos/saturnin/Implementations/crypto_aead/saturninctrcascadev2/ref/saturnin.o
LOAD algos/saturnin/Implementations/crypto_aead/saturninshortv2/ref/encrypt.o
LOAD algos/saturnin/Implementations/crypto_aead/saturninshortv2/ref/saturnin.o
LOAD algos/saturnin/Implementations/crypto_hash/saturninhashv2/ref/hash.o
LOAD algos/saturnin/Implementations/crypto_hash/saturninhashv2/ref/saturnin.o
LOAD algos/skinny/Implementations/crypto_aead/skinnyaeadtk296128v1/ref/encrypt.o
LOAD algos/skinny/Implementations/crypto_aead/skinnyaeadtk296128v1/ref/skinny_aead.o
LOAD algos/skinny/Implementations/crypto_aead/skinnyaeadtk296128v1/ref/skinny_reference.o
LOAD algos/skinny/Implementations/crypto_aead/skinnyaeadtk29664v1/ref/encrypt.o
LOAD algos/skinny/Implementations/crypto_aead/skinnyaeadtk29664v1/ref/skinny_aead.o
LOAD algos/skinny/Implementations/crypto_aead/skinnyaeadtk29664v1/ref/skinny_reference.o
LOAD algos/skinny/Implementations/crypto_aead/skinnyaeadtk3128128v1/ref/encrypt.o
LOAD algos/skinny/Implementations/crypto_aead/skinnyaeadtk3128128v1/ref/skinny_aead.o
LOAD algos/skinny/Implementations/crypto_aead/skinnyaeadtk3128128v1/ref/skinny_reference.o
LOAD algos/skinny/Implementations/crypto_aead/skinnyaeadtk312864v1/ref/encrypt.o
LOAD algos/skinny/Implementations/crypto_aead/skinnyaeadtk312864v1/ref/skinny_aead.o
LOAD algos/skinny/Implementations/crypto_aead/skinnyaeadtk312864v1/ref/skinny_reference.o
LOAD algos/skinny/Implementations/crypto_aead/skinnyaeadtk396128v1/ref/encrypt.o
LOAD algos/skinny/Implementations/crypto_aead/skinnyaeadtk396128v1/ref/skinny_aead.o
LOAD algos/skinny/Implementations/crypto_aead/skinnyaeadtk396128v1/ref/skinny_reference.o
LOAD algos/skinny/Implementations/crypto_aead/skinnyaeadtk39664v1/ref/encrypt.o
LOAD algos/skinny/Implementations/crypto_aead/skinnyaeadtk39664v1/ref/skinny_aead.o
LOAD algos/skinny/Implementations/crypto_aead/skinnyaeadtk39664v1/ref/skinny_reference.o
LOAD algos/skinny/Implementations/crypto_hash/skinnyhashtk2/ref/hash.o
LOAD algos/skinny/Implementations/crypto_hash/skinnyhashtk2/ref/skinny_hash.o
LOAD algos/skinny/Implementations/crypto_hash/skinnyhashtk2/ref/skinny_reference.o
LOAD algos/skinny/Implementations/crypto_hash/skinnyhashtk3/ref/hash.o
LOAD algos/skinny/Implementations/crypto_hash/skinnyhashtk3/ref/skinny_hash.o
LOAD algos/skinny/Implementations/crypto_hash/skinnyhashtk3/ref/skinny_reference.o
LOAD algos/sparkle/Implementations/crypto_aead/schwaemm128128v1/ref/encrypt.o
LOAD algos/sparkle/Implementations/crypto_aead/schwaemm128128v1/ref/sparkle_ref.o
LOAD algos/sparkle/Implementations/crypto_aead/schwaemm128128v1/ref/util.o
LOAD algos/sparkle/Implementations/crypto_aead/schwaemm192192v1/ref/encrypt.o
LOAD algos/sparkle/Implementations/crypto_aead/schwaemm192192v1/ref/sparkle_ref.o
LOAD algos/sparkle/Implementations/crypto_aead/schwaemm192192v1/ref/util.o
LOAD algos/sparkle/Implementations/crypto_aead/schwaemm256128v1/ref/encrypt.o
LOAD algos/sparkle/Implementations/crypto_aead/schwaemm256128v1/ref/sparkle_ref.o
LOAD algos/sparkle/Implementations/crypto_aead/schwaemm256128v1/ref/util.o
LOAD algos/sparkle/Implementations/crypto_aead/schwaemm256256v1/ref/encrypt.o
LOAD algos/sparkle/Implementations/crypto_aead/schwaemm256256v1/ref/sparkle_ref.o
LOAD algos/sparkle/Implementations/crypto_aead/schwaemm256256v1/ref/util.o
LOAD algos/sparkle/Implementations/crypto_hash/esch256v1/ref/hash.o
LOAD algos/sparkle/Implementations/crypto_hash/esch256v1/ref/sparkle_ref.o
LOAD algos/sparkle/Implementations/crypto_hash/esch384v1/ref/hash.o
LOAD algos/sparkle/Implementations/crypto_hash/esch384v1/ref/sparkle_ref.o
LOAD algos/spix/Implementations/crypto_aead/spix128v1/ref/encrypt.o
LOAD algos/spix/Implementations/crypto_aead/spix128v1/ref/sliscp_light256.o
LOAD algos/spoc/Implementations/crypto_aead/spoc128sliscplight256v1/ref/encrypt.o
LOAD algos/spoc/Implementations/crypto_aead/spoc128sliscplight256v1/ref/sliscp_light256.o
LOAD algos/spoc/Implementations/crypto_aead/spoc64sliscplight192v1/ref/encrypt.o
LOAD algos/spoc/Implementations/crypto_aead/spoc64sliscplight192v1/ref/sliscp_light192.o
LOAD algos/spook/Implementations/crypto_aead/spook128mu384v1/ref/encrypt.o
LOAD algos/spook/Implementations/crypto_aead/spook128mu384v1/ref/primitives.o
LOAD algos/spook/Implementations/crypto_aead/spook128mu384v1/ref/s1p.o
LOAD algos/spook/Implementations/crypto_aead/spook128mu384v1/ref/utils.o
LOAD algos/spook/Implementations/crypto_aead/spook128mu512v1/ref/encrypt.o
LOAD algos/spook/Implementations/crypto_aead/spook128mu512v1/ref/primitives.o
LOAD algos/spook/Implementations/crypto_aead/spook128mu512v1/ref/s1p.o
LOAD algos/spook/Implementations/crypto_aead/spook128mu512v1/ref/utils.o
LOAD algos/spook/Implementations/crypto_aead/spook128su384v1/ref/encrypt.o
LOAD algos/spook/Implementations/crypto_aead/spook128su384v1/ref/primitives.o
LOAD algos/spook/Implementations/crypto_aead/spook128su384v1/ref/s1p.o
LOAD algos/spook/Implementations/crypto_aead/spook128su384v1/ref/utils.o
LOAD algos/spook/Implementations/crypto_aead/spook128su512v1/ref/encrypt.o
LOAD algos/spook/Implementations/crypto_aead/spook128su512v1/ref/primitives.o
LOAD algos/spook/Implementations/crypto_aead/spook128su512v1/ref/s1p.o
LOAD algos/spook/Implementations/crypto_aead/spook128su512v1/ref/utils.o
LOAD algos/subterranean/Implementations/crypto_aead/subterraneanv1/ref/crypto_aead.o
LOAD algos/subterranean/Implementations/crypto_aead/subterraneanv1/ref/subterranean_ref.o
LOAD algos/subterranean/Implementations/crypto_hash/subterraneanv1/ref/crypto_hash.o
LOAD algos/subterranean/Implementations/crypto_hash/subterraneanv1/ref/subterranean_ref.o
LOAD algos/sundae-gift/Implementations/crypto_aead/sundaegift0v1/ref/encrypt.o
LOAD algos/sundae-gift/Implementations/crypto_aead/sundaegift0v1/ref/gift128.o
LOAD algos/sundae-gift/Implementations/crypto_aead/sundaegift0v1/ref/sundae.o
LOAD algos/sundae-gift/Implementations/crypto_aead/sundaegift128v1/ref/encrypt.o
LOAD algos/sundae-gift/Implementations/crypto_aead/sundaegift128v1/ref/gift128.o
LOAD algos/sundae-gift/Implementations/crypto_aead/sundaegift128v1/ref/sundae.o
LOAD algos/sundae-gift/Implementations/crypto_aead/sundaegift64v1/ref/encrypt.o
LOAD algos/sundae-gift/Implementations/crypto_aead/sundaegift64v1/ref/gift128.o
LOAD algos/sundae-gift/Implementations/crypto_aead/sundaegift64v1/ref/sundae.o
LOAD algos/sundae-gift/Implementations/crypto_aead/sundaegift96v1/ref/encrypt.o
LOAD algos/sundae-gift/Implementations/crypto_aead/sundaegift96v1/ref/gift128.o
LOAD algos/sundae-gift/Implementations/crypto_aead/sundaegift96v1/ref/sundae.o
LOAD algos/tinyjambu/Implementations/crypto_aead/tinyjambu128/ref/encrypt.o
LOAD algos/tinyjambu/Implementations/crypto_aead/tinyjambu192/ref/encrypt.o
LOAD algos/tinyjambu/Implementations/crypto_aead/tinyjambu256/ref/encrypt.o
LOAD algos/wage/Implementations/crypto_aead/wageae128v1/ref/encrypt.o
LOAD algos/wage/Implementations/crypto_aead/wageae128v1/ref/wage.o
LOAD algos/xoodyak/Implementations/crypto_aead/xoodyakv1/ref/Xoodoo-reference.o
LOAD algos/xoodyak/Implementations/crypto_aead/xoodyakv1/ref/Xoodyak.o
LOAD algos/xoodyak/Implementations/crypto_aead/xoodyakv1/ref/encrypt.o
LOAD algos/xoodyak/Implementations/crypto_hash/xoodyakv1/ref/Xoodoo-reference.o
LOAD algos/xoodyak/Implementations/crypto_hash/xoodyakv1/ref/Xoodyak.o
LOAD algos/xoodyak/Implementations/crypto_hash/xoodyakv1/ref/hash.o
LOAD genkat_src/genkat_aead_hash.o
LOAD genkat_src/mem_stat.o
START GROUP
LOAD c:/st/stm32cubeide_1.6.1/stm32cubeide/plugins/com.st.stm32cube.ide.mcu.externaltools.gnu-tools-for-stm32.9-2020-q2-update.win32_1.5.0.202011040924/tools/bin/../lib/gcc/arm-none-eabi/9.3.1/../../../../arm-none-eabi/lib/thumb/v6-m/nofp\libc_nano.a
LOAD c:/st/stm32cubeide_1.6.1/stm32cubeide/plugins/com.st.stm32cube.ide.mcu.externaltools.gnu-tools-for-stm32.9-2020-q2-update.win32_1.5.0.202011040924/tools/bin/../lib/gcc/arm-none-eabi/9.3.1/../../../../arm-none-eabi/lib/thumb/v6-m/nofp\libm.a
END GROUP
START GROUP
LOAD c:/st/stm32cubeide_1.6.1/stm32cubeide/plugins/com.st.stm32cube.ide.mcu.externaltools.gnu-tools-for-stm32.9-2020-q2-update.win32_1.5.0.202011040924/tools/bin/../lib/gcc/arm-none-eabi/9.3.1/thumb/v6-m/nofp\libgcc.a
LOAD c:/st/stm32cubeide_1.6.1/stm32cubeide/plugins/com.st.stm32cube.ide.mcu.externaltools.gnu-tools-for-stm32.9-2020-q2-update.win32_1.5.0.202011040924/tools/bin/../lib/gcc/arm-none-eabi/9.3.1/../../../../arm-none-eabi/lib/thumb/v6-m/nofp\libc_nano.a
END GROUP
START GROUP
LOAD c:/st/stm32cubeide_1.6.1/stm32cubeide/plugins/com.st.stm32cube.ide.mcu.externaltools.gnu-tools-for-stm32.9-2020-q2-update.win32_1.5.0.202011040924/tools/bin/../lib/gcc/arm-none-eabi/9.3.1/thumb/v6-m/nofp\libgcc.a
LOAD c:/st/stm32cubeide_1.6.1/stm32cubeide/plugins/com.st.stm32cube.ide.mcu.externaltools.gnu-tools-for-stm32.9-2020-q2-update.win32_1.5.0.202011040924/tools/bin/../lib/gcc/arm-none-eabi/9.3.1/../../../../arm-none-eabi/lib/thumb/v6-m/nofp\libc_nano.a
LOAD c:/st/stm32cubeide_1.6.1/stm32cubeide/plugins/com.st.stm32cube.ide.mcu.externaltools.gnu-tools-for-stm32.9-2020-q2-update.win32_1.5.0.202011040924/tools/bin/../lib/gcc/arm-none-eabi/9.3.1/../../../../arm-none-eabi/lib/thumb/v6-m/nofp\libnosys.a
END GROUP
START GROUP
LOAD c:/st/stm32cubeide_1.6.1/stm32cubeide/plugins/com.st.stm32cube.ide.mcu.externaltools.gnu-tools-for-stm32.9-2020-q2-update.win32_1.5.0.202011040924/tools/bin/../lib/gcc/arm-none-eabi/9.3.1/thumb/v6-m/nofp\libgcc.a
LOAD c:/st/stm32cubeide_1.6.1/stm32cubeide/plugins/com.st.stm32cube.ide.mcu.externaltools.gnu-tools-for-stm32.9-2020-q2-update.win32_1.5.0.202011040924/tools/bin/../lib/gcc/arm-none-eabi/9.3.1/../../../../arm-none-eabi/lib/thumb/v6-m/nofp\libc_nano.a
LOAD c:/st/stm32cubeide_1.6.1/stm32cubeide/plugins/com.st.stm32cube.ide.mcu.externaltools.gnu-tools-for-stm32.9-2020-q2-update.win32_1.5.0.202011040924/tools/bin/../lib/gcc/arm-none-eabi/9.3.1/../../../../arm-none-eabi/lib/thumb/v6-m/nofp\libnosys.a
END GROUP
LOAD c:/st/stm32cubeide_1.6.1/stm32cubeide/plugins/com.st.stm32cube.ide.mcu.externaltools.gnu-tools-for-stm32.9-2020-q2-update.win32_1.5.0.202011040924/tools/bin/../lib/gcc/arm-none-eabi/9.3.1/thumb/v6-m/nofp/crtend.o
LOAD c:/st/stm32cubeide_1.6.1/stm32cubeide/plugins/com.st.stm32cube.ide.mcu.externaltools.gnu-tools-for-stm32.9-2020-q2-update.win32_1.5.0.202011040924/tools/bin/../lib/gcc/arm-none-eabi/9.3.1/thumb/v6-m/nofp/crtn.o
                0x0000000020002000                _estack = (ORIGIN (RAM) + LENGTH (RAM))
                0x0000000000000200                _Min_Heap_Size = 0x200
                0x0000000000000400                _Min_Stack_Size = 0x400

.isr_vector     0x0000000008000000       0xc0
                0x0000000008000000                . = ALIGN (0x4)
 *(.isr_vector)
 .isr_vector    0x0000000008000000       0xc0 Core/Startup/startup_stm32f051r8tx.o
                0x0000000008000000                g_pfnVectors
                0x00000000080000c0                . = ALIGN (0x4)

.text           0x00000000080000c0     0x3b64
                0x00000000080000c0                . = ALIGN (0x4)
 *(.text)
 .text          0x00000000080000c0       0x48 c:/st/stm32cubeide_1.6.1/stm32cubeide/plugins/com.st.stm32cube.ide.mcu.externaltools.gnu-tools-for-stm32.9-2020-q2-update.win32_1.5.0.202011040924/tools/bin/../lib/gcc/arm-none-eabi/9.3.1/thumb/v6-m/nofp/crtbegin.o
 .text          0x0000000008000108        0xe c:/st/stm32cubeide_1.6.1/stm32cubeide/plugins/com.st.stm32cube.ide.mcu.externaltools.gnu-tools-for-stm32.9-2020-q2-update.win32_1.5.0.202011040924/tools/bin/../lib/gcc/arm-none-eabi/9.3.1/../../../../arm-none-eabi/lib/thumb/v6-m/nofp\libc_nano.a(lib_a-strlen.o)
                0x0000000008000108                strlen
 *fill*         0x0000000008000116        0x2 
 .text          0x0000000008000118       0x14 c:/st/stm32cubeide_1.6.1/stm32cubeide/plugins/com.st.stm32cube.ide.mcu.externaltools.gnu-tools-for-stm32.9-2020-q2-update.win32_1.5.0.202011040924/tools/bin/../lib/gcc/arm-none-eabi/9.3.1/thumb/v6-m/nofp\libgcc.a(_thumb1_case_shi.o)
                0x0000000008000118                __gnu_thumb1_case_shi
 .text          0x000000000800012c      0x114 c:/st/stm32cubeide_1.6.1/stm32cubeide/plugins/com.st.stm32cube.ide.mcu.externaltools.gnu-tools-for-stm32.9-2020-q2-update.win32_1.5.0.202011040924/tools/bin/../lib/gcc/arm-none-eabi/9.3.1/thumb/v6-m/nofp\libgcc.a(_udivsi3.o)
                0x000000000800012c                __aeabi_uidiv
                0x000000000800012c                __udivsi3
                0x0000000008000238                __aeabi_uidivmod
 .text          0x0000000008000240        0x4 c:/st/stm32cubeide_1.6.1/stm32cubeide/plugins/com.st.stm32cube.ide.mcu.externaltools.gnu-tools-for-stm32.9-2020-q2-update.win32_1.5.0.202011040924/tools/bin/../lib/gcc/arm-none-eabi/9.3.1/thumb/v6-m/nofp\libgcc.a(_dvmd_tls.o)
                0x0000000008000240                __aeabi_idiv0
                0x0000000008000240                __aeabi_ldiv0
 *(.text*)
 .text.LL_AHB1_GRP1_EnableClock
                0x0000000008000244       0x2c Core/Src/main.o
 .text.main     0x0000000008000270       0x2c Core/Src/main.o
                0x0000000008000270                main
 .text.SystemClock_Config
                0x000000000800029c       0xc2 Core/Src/main.o
                0x000000000800029c                SystemClock_Config
 *fill*         0x000000000800035e        0x2 
 .text.MX_TIM6_Init
                0x0000000008000360       0x78 Core/Src/main.o
 .text.MX_USART1_UART_Init
                0x00000000080003d8       0x60 Core/Src/main.o
 .text.MX_GPIO_Init
                0x0000000008000438       0x14 Core/Src/main.o
 .text.Error_Handler
                0x000000000800044c        0xa Core/Src/main.o
                0x000000000800044c                Error_Handler
 *fill*         0x0000000008000456        0x2 
 .text.HAL_MspInit
                0x0000000008000458       0x48 Core/Src/stm32f0xx_hal_msp.o
                0x0000000008000458                HAL_MspInit
 .text.HAL_TIM_Base_MspInit
                0x00000000080004a0       0x4c Core/Src/stm32f0xx_hal_msp.o
                0x00000000080004a0                HAL_TIM_Base_MspInit
 .text.HAL_UART_MspInit
                0x00000000080004ec       0x9c Core/Src/stm32f0xx_hal_msp.o
                0x00000000080004ec                HAL_UART_MspInit
 .text.NMI_Handler
                0x0000000008000588        0x6 Core/Src/stm32f0xx_it.o
                0x0000000008000588                NMI_Handler
 .text.HardFault_Handler
                0x000000000800058e        0x6 Core/Src/stm32f0xx_it.o
                0x000000000800058e                HardFault_Handler
 .text.SVC_Handler
                0x0000000008000594        0xa Core/Src/stm32f0xx_it.o
                0x0000000008000594                SVC_Handler
 .text.PendSV_Handler
                0x000000000800059e        0xa Core/Src/stm32f0xx_it.o
                0x000000000800059e                PendSV_Handler
 .text.SysTick_Handler
                0x00000000080005a8        0xe Core/Src/stm32f0xx_it.o
                0x00000000080005a8                SysTick_Handler
 *fill*         0x00000000080005b6        0x2 
 .text.TIM6_DAC_IRQHandler
                0x00000000080005b8       0x18 Core/Src/stm32f0xx_it.o
                0x00000000080005b8                TIM6_DAC_IRQHandler
 .text._sbrk    0x00000000080005d0       0x6c Core/Src/sysmem.o
                0x00000000080005d0                _sbrk
 .text.SystemInit
                0x000000000800063c        0xa Core/Src/system_stm32f0xx.o
                0x000000000800063c                SystemInit
 *fill*         0x0000000008000646        0x2 
 .text.Reset_Handler
                0x0000000008000648       0x50 Core/Startup/startup_stm32f051r8tx.o
                0x0000000008000648                Reset_Handler
 .text.Default_Handler
                0x0000000008000698        0x2 Core/Startup/startup_stm32f051r8tx.o
                0x0000000008000698                TIM1_CC_IRQHandler
                0x0000000008000698                TSC_IRQHandler
                0x0000000008000698                ADC1_COMP_IRQHandler
                0x0000000008000698                PVD_IRQHandler
                0x0000000008000698                I2C1_IRQHandler
                0x0000000008000698                RCC_CRS_IRQHandler
                0x0000000008000698                SPI1_IRQHandler
                0x0000000008000698                EXTI2_3_IRQHandler
                0x0000000008000698                I2C2_IRQHandler
                0x0000000008000698                TIM17_IRQHandler
                0x0000000008000698                CEC_CAN_IRQHandler
                0x0000000008000698                RTC_IRQHandler
                0x0000000008000698                TIM16_IRQHandler
                0x0000000008000698                TIM3_IRQHandler
                0x0000000008000698                EXTI4_15_IRQHandler
                0x0000000008000698                DMA1_Channel1_IRQHandler
                0x0000000008000698                Default_Handler
                0x0000000008000698                TIM14_IRQHandler
                0x0000000008000698                DMA1_Channel4_5_IRQHandler
                0x0000000008000698                TIM15_IRQHandler
                0x0000000008000698                EXTI0_1_IRQHandler
                0x0000000008000698                SPI2_IRQHandler
                0x0000000008000698                WWDG_IRQHandler
                0x0000000008000698                TIM2_IRQHandler
                0x0000000008000698                DMA1_Channel2_3_IRQHandler
                0x0000000008000698                USART2_IRQHandler
                0x0000000008000698                FLASH_IRQHandler
                0x0000000008000698                USART1_IRQHandler
                0x0000000008000698                TIM1_BRK_UP_TRG_COM_IRQHandler
 *fill*         0x000000000800069a        0x2 
 .text.HAL_Init
                0x000000000800069c       0x28 Drivers/STM32F0xx_HAL_Driver/Src/stm32f0xx_hal.o
                0x000000000800069c                HAL_Init
 .text.HAL_InitTick
                0x00000000080006c4       0x68 Drivers/STM32F0xx_HAL_Driver/Src/stm32f0xx_hal.o
                0x00000000080006c4                HAL_InitTick
 .text.HAL_IncTick
                0x000000000800072c       0x24 Drivers/STM32F0xx_HAL_Driver/Src/stm32f0xx_hal.o
                0x000000000800072c                HAL_IncTick
 .text.HAL_GetTick
                0x0000000008000750       0x14 Drivers/STM32F0xx_HAL_Driver/Src/stm32f0xx_hal.o
                0x0000000008000750                HAL_GetTick
 .text.HAL_Delay
                0x0000000008000764       0x48 Drivers/STM32F0xx_HAL_Driver/Src/stm32f0xx_hal.o
                0x0000000008000764                HAL_Delay
 .text.__NVIC_EnableIRQ
                0x00000000080007ac       0x34 Drivers/STM32F0xx_HAL_Driver/Src/stm32f0xx_hal_cortex.o
 .text.__NVIC_SetPriority
                0x00000000080007e0       0xdc Drivers/STM32F0xx_HAL_Driver/Src/stm32f0xx_hal_cortex.o
 .text.SysTick_Config
                0x00000000080008bc       0x48 Drivers/STM32F0xx_HAL_Driver/Src/stm32f0xx_hal_cortex.o
 .text.HAL_NVIC_SetPriority
                0x0000000008000904       0x2a Drivers/STM32F0xx_HAL_Driver/Src/stm32f0xx_hal_cortex.o
                0x0000000008000904                HAL_NVIC_SetPriority
 .text.HAL_NVIC_EnableIRQ
                0x000000000800092e       0x20 Drivers/STM32F0xx_HAL_Driver/Src/stm32f0xx_hal_cortex.o
                0x000000000800092e                HAL_NVIC_EnableIRQ
 .text.HAL_SYSTICK_Config
                0x000000000800094e       0x1a Drivers/STM32F0xx_HAL_Driver/Src/stm32f0xx_hal_cortex.o
                0x000000000800094e                HAL_SYSTICK_Config
 .text.HAL_GPIO_Init
                0x0000000008000968      0x2e0 Drivers/STM32F0xx_HAL_Driver/Src/stm32f0xx_hal_gpio.o
                0x0000000008000968                HAL_GPIO_Init
 .text.HAL_RCC_OscConfig
                0x0000000008000c48      0x634 Drivers/STM32F0xx_HAL_Driver/Src/stm32f0xx_hal_rcc.o
                0x0000000008000c48                HAL_RCC_OscConfig
 .text.HAL_RCC_ClockConfig
                0x000000000800127c      0x19c Drivers/STM32F0xx_HAL_Driver/Src/stm32f0xx_hal_rcc.o
                0x000000000800127c                HAL_RCC_ClockConfig
 .text.HAL_RCC_GetSysClockFreq
                0x0000000008001418       0xc8 Drivers/STM32F0xx_HAL_Driver/Src/stm32f0xx_hal_rcc.o
                0x0000000008001418                HAL_RCC_GetSysClockFreq
 .text.HAL_RCC_GetHCLKFreq
                0x00000000080014e0       0x14 Drivers/STM32F0xx_HAL_Driver/Src/stm32f0xx_hal_rcc.o
                0x00000000080014e0                HAL_RCC_GetHCLKFreq
 .text.HAL_RCC_GetPCLK1Freq
                0x00000000080014f4       0x2c Drivers/STM32F0xx_HAL_Driver/Src/stm32f0xx_hal_rcc.o
                0x00000000080014f4                HAL_RCC_GetPCLK1Freq
 .text.HAL_RCCEx_PeriphCLKConfig
                0x0000000008001520      0x1bc Drivers/STM32F0xx_HAL_Driver/Src/stm32f0xx_hal_rcc_ex.o
                0x0000000008001520                HAL_RCCEx_PeriphCLKConfig
 .text.HAL_TIM_Base_Init
                0x00000000080016dc       0xa0 Drivers/STM32F0xx_HAL_Driver/Src/stm32f0xx_hal_tim.o
                0x00000000080016dc                HAL_TIM_Base_Init
 .text.HAL_TIM_Base_Start_IT
                0x000000000800177c       0xa4 Drivers/STM32F0xx_HAL_Driver/Src/stm32f0xx_hal_tim.o
                0x000000000800177c                HAL_TIM_Base_Start_IT
 .text.HAL_TIM_Base_Stop_IT
                0x0000000008001820       0x5c Drivers/STM32F0xx_HAL_Driver/Src/stm32f0xx_hal_tim.o
                0x0000000008001820                HAL_TIM_Base_Stop_IT
 .text.HAL_TIM_IRQHandler
                0x000000000800187c      0x22c Drivers/STM32F0xx_HAL_Driver/Src/stm32f0xx_hal_tim.o
                0x000000000800187c                HAL_TIM_IRQHandler
 .text.HAL_TIM_OC_DelayElapsedCallback
                0x0000000008001aa8       0x10 Drivers/STM32F0xx_HAL_Driver/Src/stm32f0xx_hal_tim.o
                0x0000000008001aa8                HAL_TIM_OC_DelayElapsedCallback
 .text.HAL_TIM_IC_CaptureCallback
                0x0000000008001ab8       0x10 Drivers/STM32F0xx_HAL_Driver/Src/stm32f0xx_hal_tim.o
                0x0000000008001ab8                HAL_TIM_IC_CaptureCallback
 .text.HAL_TIM_PWM_PulseFinishedCallback
                0x0000000008001ac8       0x10 Drivers/STM32F0xx_HAL_Driver/Src/stm32f0xx_hal_tim.o
                0x0000000008001ac8                HAL_TIM_PWM_PulseFinishedCallback
 .text.HAL_TIM_TriggerCallback
                0x0000000008001ad8       0x10 Drivers/STM32F0xx_HAL_Driver/Src/stm32f0xx_hal_tim.o
                0x0000000008001ad8                HAL_TIM_TriggerCallback
 .text.TIM_Base_SetConfig
                0x0000000008001ae8      0x100 Drivers/STM32F0xx_HAL_Driver/Src/stm32f0xx_hal_tim.o
                0x0000000008001ae8                TIM_Base_SetConfig
 .text.HAL_TIMEx_MasterConfigSynchronization
                0x0000000008001be8       0xbc Drivers/STM32F0xx_HAL_Driver/Src/stm32f0xx_hal_tim_ex.o
                0x0000000008001be8                HAL_TIMEx_MasterConfigSynchronization
 .text.HAL_TIMEx_CommutCallback
                0x0000000008001ca4       0x10 Drivers/STM32F0xx_HAL_Driver/Src/stm32f0xx_hal_tim_ex.o
                0x0000000008001ca4                HAL_TIMEx_CommutCallback
 .text.HAL_TIMEx_BreakCallback
                0x0000000008001cb4       0x10 Drivers/STM32F0xx_HAL_Driver/Src/stm32f0xx_hal_tim_ex.o
                0x0000000008001cb4                HAL_TIMEx_BreakCallback
 .text.HAL_UART_Init
                0x0000000008001cc4       0xa8 Drivers/STM32F0xx_HAL_Driver/Src/stm32f0xx_hal_uart.o
                0x0000000008001cc4                HAL_UART_Init
 .text.HAL_UART_Transmit
                0x0000000008001d6c      0x152 Drivers/STM32F0xx_HAL_Driver/Src/stm32f0xx_hal_uart.o
                0x0000000008001d6c                HAL_UART_Transmit
 *fill*         0x0000000008001ebe        0x2 
 .text.UART_SetConfig
                0x0000000008001ec0      0x280 Drivers/STM32F0xx_HAL_Driver/Src/stm32f0xx_hal_uart.o
                0x0000000008001ec0                UART_SetConfig
 .text.UART_AdvFeatureConfig
                0x0000000008002140      0x168 Drivers/STM32F0xx_HAL_Driver/Src/stm32f0xx_hal_uart.o
                0x0000000008002140                UART_AdvFeatureConfig
 .text.UART_CheckIdleState
                0x00000000080022a8       0x90 Drivers/STM32F0xx_HAL_Driver/Src/stm32f0xx_hal_uart.o
                0x00000000080022a8                UART_CheckIdleState
 .text.UART_WaitOnFlagUntilTimeout
                0x0000000008002338       0xfc Drivers/STM32F0xx_HAL_Driver/Src/stm32f0xx_hal_uart.o
                0x0000000008002338                UART_WaitOnFlagUntilTimeout
 .text.rotl8    0x0000000008002434       0x4c algos/ace/Implementations/crypto_hash/acehash256v1/ref/ace.o
                0x0000000008002434                rotl8
 .text.simeck64_box
                0x0000000008002480      0x324 algos/ace/Implementations/crypto_hash/acehash256v1/ref/ace.o
                0x0000000008002480                simeck64_box
 .text.ace_permutation
                0x00000000080027a4      0x384 algos/ace/Implementations/crypto_hash/acehash256v1/ref/ace.o
                0x00000000080027a4                ace_permutation
 .text.acehash_init
                0x0000000008002b28       0x5e algos/ace/Implementations/crypto_hash/acehash256v1/ref/hash.o
                0x0000000008002b28                acehash_init
 *fill*         0x0000000008002b86        0x2 
 .text.crypto_hash
                0x0000000008002b88      0x2dc algos/ace/Implementations/crypto_hash/acehash256v1/ref/hash.o
                0x0000000008002b88                crypto_hash
 .text.genkat_benchmark_hash_aead
                0x0000000008002e64       0xb0 genkat_src/genkat_aead_hash.o
                0x0000000008002e64                genkat_benchmark_hash_aead
 .text.hash_generate_test_vectors
                0x0000000008002f14      0x1e0 genkat_src/genkat_aead_hash.o
                0x0000000008002f14                hash_generate_test_vectors
 .text.aead_hash_print_res
                0x00000000080030f4       0x44 genkat_src/genkat_aead_hash.o
                0x00000000080030f4                aead_hash_print_res
 .text.init_buffer
                0x0000000008003138       0x5a genkat_src/genkat_aead_hash.o
                0x0000000008003138                init_buffer
 *fill*         0x0000000008003192        0x2 
 .text.HAL_TIM_PeriodElapsedCallback
                0x0000000008003194       0x20 genkat_src/genkat_aead_hash.o
                0x0000000008003194                HAL_TIM_PeriodElapsedCallback
 .text.tick_msr_start
                0x00000000080031b4       0x38 genkat_src/genkat_aead_hash.o
                0x00000000080031b4                tick_msr_start
 .text.tick_msr_end
                0x00000000080031ec       0x48 genkat_src/genkat_aead_hash.o
                0x00000000080031ec                tick_msr_end
 .text.lwc_printf
                0x0000000008003234       0x48 genkat_src/genkat_aead_hash.o
                0x0000000008003234                lwc_printf
 .text.get_memory_usage
                0x000000000800327c       0xb4 genkat_src/mem_stat.o
                0x000000000800327c                get_memory_usage
 .text.__errno  0x0000000008003330        0xc c:/st/stm32cubeide_1.6.1/stm32cubeide/plugins/com.st.stm32cube.ide.mcu.externaltools.gnu-tools-for-stm32.9-2020-q2-update.win32_1.5.0.202011040924/tools/bin/../lib/gcc/arm-none-eabi/9.3.1/../../../../arm-none-eabi/lib/thumb/v6-m/nofp\libc_nano.a(lib_a-errno.o)
                0x0000000008003330                __errno
 .text.__libc_init_array
                0x000000000800333c       0x48 c:/st/stm32cubeide_1.6.1/stm32cubeide/plugins/com.st.stm32cube.ide.mcu.externaltools.gnu-tools-for-stm32.9-2020-q2-update.win32_1.5.0.202011040924/tools/bin/../lib/gcc/arm-none-eabi/9.3.1/../../../../arm-none-eabi/lib/thumb/v6-m/nofp\libc_nano.a(lib_a-init.o)
                0x000000000800333c                __libc_init_array
 .text.malloc   0x0000000008003384       0x14 c:/st/stm32cubeide_1.6.1/stm32cubeide/plugins/com.st.stm32cube.ide.mcu.externaltools.gnu-tools-for-stm32.9-2020-q2-update.win32_1.5.0.202011040924/tools/bin/../lib/gcc/arm-none-eabi/9.3.1/../../../../arm-none-eabi/lib/thumb/v6-m/nofp\libc_nano.a(lib_a-malloc.o)
                0x0000000008003384                malloc
 .text.free     0x0000000008003398       0x14 c:/st/stm32cubeide_1.6.1/stm32cubeide/plugins/com.st.stm32cube.ide.mcu.externaltools.gnu-tools-for-stm32.9-2020-q2-update.win32_1.5.0.202011040924/tools/bin/../lib/gcc/arm-none-eabi/9.3.1/../../../../arm-none-eabi/lib/thumb/v6-m/nofp\libc_nano.a(lib_a-malloc.o)
                0x0000000008003398                free
 .text.memset   0x00000000080033ac       0x10 c:/st/stm32cubeide_1.6.1/stm32cubeide/plugins/com.st.stm32cube.ide.mcu.externaltools.gnu-tools-for-stm32.9-2020-q2-update.win32_1.5.0.202011040924/tools/bin/../lib/gcc/arm-none-eabi/9.3.1/../../../../arm-none-eabi/lib/thumb/v6-m/nofp\libc_nano.a(lib_a-memset.o)
                0x00000000080033ac                memset
 .text._free_r  0x00000000080033bc       0x94 c:/st/stm32cubeide_1.6.1/stm32cubeide/plugins/com.st.stm32cube.ide.mcu.externaltools.gnu-tools-for-stm32.9-2020-q2-update.win32_1.5.0.202011040924/tools/bin/../lib/gcc/arm-none-eabi/9.3.1/../../../../arm-none-eabi/lib/thumb/v6-m/nofp\libc_nano.a(lib_a-nano-freer.o)
                0x00000000080033bc                _free_r
 .text._malloc_r
                0x0000000008003450       0xbc c:/st/stm32cubeide_1.6.1/stm32cubeide/plugins/com.st.stm32cube.ide.mcu.externaltools.gnu-tools-for-stm32.9-2020-q2-update.win32_1.5.0.202011040924/tools/bin/../lib/gcc/arm-none-eabi/9.3.1/../../../../arm-none-eabi/lib/thumb/v6-m/nofp\libc_nano.a(lib_a-nano-mallocr.o)
                0x0000000008003450                _malloc_r
 .text._sbrk_r  0x000000000800350c       0x24 c:/st/stm32cubeide_1.6.1/stm32cubeide/plugins/com.st.stm32cube.ide.mcu.externaltools.gnu-tools-for-stm32.9-2020-q2-update.win32_1.5.0.202011040924/tools/bin/../lib/gcc/arm-none-eabi/9.3.1/../../../../arm-none-eabi/lib/thumb/v6-m/nofp\libc_nano.a(lib_a-sbrkr.o)
                0x000000000800350c                _sbrk_r
 .text._vsprintf_r
                0x0000000008003530       0x2c c:/st/stm32cubeide_1.6.1/stm32cubeide/plugins/com.st.stm32cube.ide.mcu.externaltools.gnu-tools-for-stm32.9-2020-q2-update.win32_1.5.0.202011040924/tools/bin/../lib/gcc/arm-none-eabi/9.3.1/../../../../arm-none-eabi/lib/thumb/v6-m/nofp\libc_nano.a(lib_a-vsprintf.o)
                0x0000000008003530                _vsprintf_r
                0x0000000008003530                _vsiprintf_r
 .text.vsprintf
                0x000000000800355c       0x18 c:/st/stm32cubeide_1.6.1/stm32cubeide/plugins/com.st.stm32cube.ide.mcu.externaltools.gnu-tools-for-stm32.9-2020-q2-update.win32_1.5.0.202011040924/tools/bin/../lib/gcc/arm-none-eabi/9.3.1/../../../../arm-none-eabi/lib/thumb/v6-m/nofp\libc_nano.a(lib_a-vsprintf.o)
                0x000000000800355c                vsiprintf
                0x000000000800355c                vsprintf
 .text.__retarget_lock_acquire_recursive
                0x0000000008003574        0x2 c:/st/stm32cubeide_1.6.1/stm32cubeide/plugins/com.st.stm32cube.ide.mcu.externaltools.gnu-tools-for-stm32.9-2020-q2-update.win32_1.5.0.202011040924/tools/bin/../lib/gcc/arm-none-eabi/9.3.1/../../../../arm-none-eabi/lib/thumb/v6-m/nofp\libc_nano.a(lib_a-lock.o)
                0x0000000008003574                __retarget_lock_acquire_recursive
 .text.__retarget_lock_release_recursive
                0x0000000008003576        0x2 c:/st/stm32cubeide_1.6.1/stm32cubeide/plugins/com.st.stm32cube.ide.mcu.externaltools.gnu-tools-for-stm32.9-2020-q2-update.win32_1.5.0.202011040924/tools/bin/../lib/gcc/arm-none-eabi/9.3.1/../../../../arm-none-eabi/lib/thumb/v6-m/nofp\libc_nano.a(lib_a-lock.o)
                0x0000000008003576                __retarget_lock_release_recursive
 .text.__malloc_lock
                0x0000000008003578       0x10 c:/st/stm32cubeide_1.6.1/stm32cubeide/plugins/com.st.stm32cube.ide.mcu.externaltools.gnu-tools-for-stm32.9-2020-q2-update.win32_1.5.0.202011040924/tools/bin/../lib/gcc/arm-none-eabi/9.3.1/../../../../arm-none-eabi/lib/thumb/v6-m/nofp\libc_nano.a(lib_a-mlock.o)
                0x0000000008003578                __malloc_lock
 .text.__malloc_unlock
                0x0000000008003588       0x10 c:/st/stm32cubeide_1.6.1/stm32cubeide/plugins/com.st.stm32cube.ide.mcu.externaltools.gnu-tools-for-stm32.9-2020-q2-update.win32_1.5.0.202011040924/tools/bin/../lib/gcc/arm-none-eabi/9.3.1/../../../../arm-none-eabi/lib/thumb/v6-m/nofp\libc_nano.a(lib_a-mlock.o)
                0x0000000008003588                __malloc_unlock
 .text.__ssputs_r
                0x0000000008003598       0xc4 c:/st/stm32cubeide_1.6.1/stm32cubeide/plugins/com.st.stm32cube.ide.mcu.externaltools.gnu-tools-for-stm32.9-2020-q2-update.win32_1.5.0.202011040924/tools/bin/../lib/gcc/arm-none-eabi/9.3.1/../../../../arm-none-eabi/lib/thumb/v6-m/nofp\libc_nano.a(lib_a-nano-svfprintf.o)
                0x0000000008003598                __ssputs_r
 .text._svfprintf_r
                0x000000000800365c      0x200 c:/st/stm32cubeide_1.6.1/stm32cubeide/plugins/com.st.stm32cube.ide.mcu.externaltools.gnu-tools-for-stm32.9-2020-q2-update.win32_1.5.0.202011040924/tools/bin/../lib/gcc/arm-none-eabi/9.3.1/../../../../arm-none-eabi/lib/thumb/v6-m/nofp\libc_nano.a(lib_a-nano-svfprintf.o)
                0x000000000800365c                _svfiprintf_r
                0x000000000800365c                _svfprintf_r
 .text._printf_common
                0x000000000800385c       0xde c:/st/stm32cubeide_1.6.1/stm32cubeide/plugins/com.st.stm32cube.ide.mcu.externaltools.gnu-tools-for-stm32.9-2020-q2-update.win32_1.5.0.202011040924/tools/bin/../lib/gcc/arm-none-eabi/9.3.1/../../../../arm-none-eabi/lib/thumb/v6-m/nofp\libc_nano.a(lib_a-nano-vfprintf_i.o)
                0x000000000800385c                _printf_common
 *fill*         0x000000000800393a        0x2 
 .text._printf_i
                0x000000000800393c      0x224 c:/st/stm32cubeide_1.6.1/stm32cubeide/plugins/com.st.stm32cube.ide.mcu.externaltools.gnu-tools-for-stm32.9-2020-q2-update.win32_1.5.0.202011040924/tools/bin/../lib/gcc/arm-none-eabi/9.3.1/../../../../arm-none-eabi/lib/thumb/v6-m/nofp\libc_nano.a(lib_a-nano-vfprintf_i.o)
                0x000000000800393c                _printf_i
 .text.memchr   0x0000000008003b60       0x16 c:/st/stm32cubeide_1.6.1/stm32cubeide/plugins/com.st.stm32cube.ide.mcu.externaltools.gnu-tools-for-stm32.9-2020-q2-update.win32_1.5.0.202011040924/tools/bin/../lib/gcc/arm-none-eabi/9.3.1/../../../../arm-none-eabi/lib/thumb/v6-m/nofp\libc_nano.a(lib_a-memchr-stub.o)
                0x0000000008003b60                memchr
 .text.memcpy   0x0000000008003b76       0x12 c:/st/stm32cubeide_1.6.1/stm32cubeide/plugins/com.st.stm32cube.ide.mcu.externaltools.gnu-tools-for-stm32.9-2020-q2-update.win32_1.5.0.202011040924/tools/bin/../lib/gcc/arm-none-eabi/9.3.1/../../../../arm-none-eabi/lib/thumb/v6-m/nofp\libc_nano.a(lib_a-memcpy-stub.o)
                0x0000000008003b76                memcpy
 .text.memmove  0x0000000008003b88       0x26 c:/st/stm32cubeide_1.6.1/stm32cubeide/plugins/com.st.stm32cube.ide.mcu.externaltools.gnu-tools-for-stm32.9-2020-q2-update.win32_1.5.0.202011040924/tools/bin/../lib/gcc/arm-none-eabi/9.3.1/../../../../arm-none-eabi/lib/thumb/v6-m/nofp\libc_nano.a(lib_a-memmove.o)
                0x0000000008003b88                memmove
 .text._realloc_r
                0x0000000008003bae       0x4c c:/st/stm32cubeide_1.6.1/stm32cubeide/plugins/com.st.stm32cube.ide.mcu.externaltools.gnu-tools-for-stm32.9-2020-q2-update.win32_1.5.0.202011040924/tools/bin/../lib/gcc/arm-none-eabi/9.3.1/../../../../arm-none-eabi/lib/thumb/v6-m/nofp\libc_nano.a(lib_a-nano-reallocr.o)
                0x0000000008003bae                _realloc_r
 .text._malloc_usable_size_r
                0x0000000008003bfa       0x10 c:/st/stm32cubeide_1.6.1/stm32cubeide/plugins/com.st.stm32cube.ide.mcu.externaltools.gnu-tools-for-stm32.9-2020-q2-update.win32_1.5.0.202011040924/tools/bin/../lib/gcc/arm-none-eabi/9.3.1/../../../../arm-none-eabi/lib/thumb/v6-m/nofp\libc_nano.a(lib_a-nano-msizer.o)
                0x0000000008003bfa                _malloc_usable_size_r
 *(.glue_7)
 .glue_7        0x0000000008003c0a        0x0 linker stubs
 *(.glue_7t)
 .glue_7t       0x0000000008003c0a        0x0 linker stubs
 *(.eh_frame)
 *fill*         0x0000000008003c0a        0x2 
 .eh_frame      0x0000000008003c0c        0x0 c:/st/stm32cubeide_1.6.1/stm32cubeide/plugins/com.st.stm32cube.ide.mcu.externaltools.gnu-tools-for-stm32.9-2020-q2-update.win32_1.5.0.202011040924/tools/bin/../lib/gcc/arm-none-eabi/9.3.1/thumb/v6-m/nofp/crtbegin.o
 *(.init)
 .init          0x0000000008003c0c        0x4 c:/st/stm32cubeide_1.6.1/stm32cubeide/plugins/com.st.stm32cube.ide.mcu.externaltools.gnu-tools-for-stm32.9-2020-q2-update.win32_1.5.0.202011040924/tools/bin/../lib/gcc/arm-none-eabi/9.3.1/thumb/v6-m/nofp/crti.o
                0x0000000008003c0c                _init
 .init          0x0000000008003c10        0x8 c:/st/stm32cubeide_1.6.1/stm32cubeide/plugins/com.st.stm32cube.ide.mcu.externaltools.gnu-tools-for-stm32.9-2020-q2-update.win32_1.5.0.202011040924/tools/bin/../lib/gcc/arm-none-eabi/9.3.1/thumb/v6-m/nofp/crtn.o
 *(.fini)
 .fini          0x0000000008003c18        0x4 c:/st/stm32cubeide_1.6.1/stm32cubeide/plugins/com.st.stm32cube.ide.mcu.externaltools.gnu-tools-for-stm32.9-2020-q2-update.win32_1.5.0.202011040924/tools/bin/../lib/gcc/arm-none-eabi/9.3.1/thumb/v6-m/nofp/crti.o
                0x0000000008003c18                _fini
 .fini          0x0000000008003c1c        0x8 c:/st/stm32cubeide_1.6.1/stm32cubeide/plugins/com.st.stm32cube.ide.mcu.externaltools.gnu-tools-for-stm32.9-2020-q2-update.win32_1.5.0.202011040924/tools/bin/../lib/gcc/arm-none-eabi/9.3.1/thumb/v6-m/nofp/crtn.o
                0x0000000008003c24                . = ALIGN (0x4)
                0x0000000008003c24                _etext = .

.vfp11_veneer   0x0000000008003c24        0x0
 .vfp11_veneer  0x0000000008003c24        0x0 linker stubs

.v4_bx          0x0000000008003c24        0x0
 .v4_bx         0x0000000008003c24        0x0 linker stubs

.iplt           0x0000000008003c24        0x0
 .iplt          0x0000000008003c24        0x0 c:/st/stm32cubeide_1.6.1/stm32cubeide/plugins/com.st.stm32cube.ide.mcu.externaltools.gnu-tools-for-stm32.9-2020-q2-update.win32_1.5.0.202011040924/tools/bin/../lib/gcc/arm-none-eabi/9.3.1/thumb/v6-m/nofp/crtbegin.o

.rodata         0x0000000008003c24      0x394
                0x0000000008003c24                . = ALIGN (0x4)
 *(.rodata)
 .rodata        0x0000000008003c24       0x20 Drivers/STM32F0xx_HAL_Driver/Src/stm32f0xx_hal_rcc.o
 .rodata        0x0000000008003c44      0x160 genkat_src/genkat_aead_hash.o
 *(.rodata*)
 .rodata.AHBPrescTable
                0x0000000008003da4       0x10 Core/Src/system_stm32f0xx.o
                0x0000000008003da4                AHBPrescTable
 .rodata.APBPrescTable
                0x0000000008003db4        0x8 Core/Src/system_stm32f0xx.o
                0x0000000008003db4                APBPrescTable
 .rodata.SC0    0x0000000008003dbc       0x10 algos/ace/Implementations/crypto_hash/acehash256v1/ref/ace.o
 .rodata.SC1    0x0000000008003dcc       0x10 algos/ace/Implementations/crypto_hash/acehash256v1/ref/ace.o
 .rodata.SC2    0x0000000008003ddc       0x10 algos/ace/Implementations/crypto_hash/acehash256v1/ref/ace.o
 .rodata.RC0    0x0000000008003dec       0x10 algos/ace/Implementations/crypto_hash/acehash256v1/ref/ace.o
 .rodata.RC1    0x0000000008003dfc       0x10 algos/ace/Implementations/crypto_hash/acehash256v1/ref/ace.o
 .rodata.RC2    0x0000000008003e0c       0x10 algos/ace/Implementations/crypto_hash/acehash256v1/ref/ace.o
 .rodata.rate_bytes
                0x0000000008003e1c        0x8 algos/ace/Implementations/crypto_hash/acehash256v1/ref/hash.o
                0x0000000008003e1c                rate_bytes
 .rodata.algo_name_str
                0x0000000008003e24       0x80 genkat_src/genkat_aead_hash.o
 .rodata.algo_en_dis_str
                0x0000000008003ea4       0x80 genkat_src/genkat_aead_hash.o
 .rodata.__sf_fake_stderr
                0x0000000008003f24       0x20 c:/st/stm32cubeide_1.6.1/stm32cubeide/plugins/com.st.stm32cube.ide.mcu.externaltools.gnu-tools-for-stm32.9-2020-q2-update.win32_1.5.0.202011040924/tools/bin/../lib/gcc/arm-none-eabi/9.3.1/../../../../arm-none-eabi/lib/thumb/v6-m/nofp\libc_nano.a(lib_a-findfp.o)
                0x0000000008003f24                __sf_fake_stderr
 .rodata.__sf_fake_stdin
                0x0000000008003f44       0x20 c:/st/stm32cubeide_1.6.1/stm32cubeide/plugins/com.st.stm32cube.ide.mcu.externaltools.gnu-tools-for-stm32.9-2020-q2-update.win32_1.5.0.202011040924/tools/bin/../lib/gcc/arm-none-eabi/9.3.1/../../../../arm-none-eabi/lib/thumb/v6-m/nofp\libc_nano.a(lib_a-findfp.o)
                0x0000000008003f44                __sf_fake_stdin
 .rodata.__sf_fake_stdout
                0x0000000008003f64       0x20 c:/st/stm32cubeide_1.6.1/stm32cubeide/plugins/com.st.stm32cube.ide.mcu.externaltools.gnu-tools-for-stm32.9-2020-q2-update.win32_1.5.0.202011040924/tools/bin/../lib/gcc/arm-none-eabi/9.3.1/../../../../arm-none-eabi/lib/thumb/v6-m/nofp\libc_nano.a(lib_a-findfp.o)
                0x0000000008003f64                __sf_fake_stdout
 .rodata._svfprintf_r.str1.1
                0x0000000008003f84       0x11 c:/st/stm32cubeide_1.6.1/stm32cubeide/plugins/com.st.stm32cube.ide.mcu.externaltools.gnu-tools-for-stm32.9-2020-q2-update.win32_1.5.0.202011040924/tools/bin/../lib/gcc/arm-none-eabi/9.3.1/../../../../arm-none-eabi/lib/thumb/v6-m/nofp\libc_nano.a(lib_a-nano-svfprintf.o)
 .rodata._printf_i.str1.1
                0x0000000008003f95       0x22 c:/st/stm32cubeide_1.6.1/stm32cubeide/plugins/com.st.stm32cube.ide.mcu.externaltools.gnu-tools-for-stm32.9-2020-q2-update.win32_1.5.0.202011040924/tools/bin/../lib/gcc/arm-none-eabi/9.3.1/../../../../arm-none-eabi/lib/thumb/v6-m/nofp\libc_nano.a(lib_a-nano-vfprintf_i.o)
                0x0000000008003fb8                . = ALIGN (0x4)
 *fill*         0x0000000008003fb7        0x1 

.rel.dyn        0x0000000008003fb8        0x0
 .rel.iplt      0x0000000008003fb8        0x0 c:/st/stm32cubeide_1.6.1/stm32cubeide/plugins/com.st.stm32cube.ide.mcu.externaltools.gnu-tools-for-stm32.9-2020-q2-update.win32_1.5.0.202011040924/tools/bin/../lib/gcc/arm-none-eabi/9.3.1/thumb/v6-m/nofp/crtbegin.o

.ARM.extab      0x0000000008003fb8        0x0
                0x0000000008003fb8                . = ALIGN (0x4)
 *(.ARM.extab* .gnu.linkonce.armextab.*)
                0x0000000008003fb8                . = ALIGN (0x4)

.ARM            0x0000000008003fb8        0x0
                0x0000000008003fb8                . = ALIGN (0x4)
                0x0000000008003fb8                __exidx_start = .
 *(.ARM.exidx*)
                0x0000000008003fb8                __exidx_end = .
                0x0000000008003fb8                . = ALIGN (0x4)

.preinit_array  0x0000000008003fb8        0x0
                0x0000000008003fb8                . = ALIGN (0x4)
                0x0000000008003fb8                PROVIDE (__preinit_array_start = .)
 *(.preinit_array*)
                0x0000000008003fb8                PROVIDE (__preinit_array_end = .)
                0x0000000008003fb8                . = ALIGN (0x4)

.init_array     0x0000000008003fb8        0x4
                0x0000000008003fb8                . = ALIGN (0x4)
                0x0000000008003fb8                PROVIDE (__init_array_start = .)
 *(SORT_BY_NAME(.init_array.*))
 *(.init_array*)
 .init_array    0x0000000008003fb8        0x4 c:/st/stm32cubeide_1.6.1/stm32cubeide/plugins/com.st.stm32cube.ide.mcu.externaltools.gnu-tools-for-stm32.9-2020-q2-update.win32_1.5.0.202011040924/tools/bin/../lib/gcc/arm-none-eabi/9.3.1/thumb/v6-m/nofp/crtbegin.o
                0x0000000008003fbc                PROVIDE (__init_array_end = .)
                0x0000000008003fbc                . = ALIGN (0x4)

.fini_array     0x0000000008003fbc        0x4
                0x0000000008003fbc                . = ALIGN (0x4)
                [!provide]                        PROVIDE (__fini_array_start = .)
 *(SORT_BY_NAME(.fini_array.*))
 *(.fini_array*)
 .fini_array    0x0000000008003fbc        0x4 c:/st/stm32cubeide_1.6.1/stm32cubeide/plugins/com.st.stm32cube.ide.mcu.externaltools.gnu-tools-for-stm32.9-2020-q2-update.win32_1.5.0.202011040924/tools/bin/../lib/gcc/arm-none-eabi/9.3.1/thumb/v6-m/nofp/crtbegin.o
                [!provide]                        PROVIDE (__fini_array_end = .)
                0x0000000008003fc0                . = ALIGN (0x4)
                0x0000000008003fc0                _sidata = LOADADDR (.data)

.data           0x0000000020000000       0x70 load address 0x0000000008003fc0
                0x0000000020000000                . = ALIGN (0x4)
                0x0000000020000000                _sdata = .
 *(.data)
 *(.data*)
 .data.SystemCoreClock
                0x0000000020000000        0x4 Core/Src/system_stm32f0xx.o
                0x0000000020000000                SystemCoreClock
 .data.uwTickPrio
                0x0000000020000004        0x4 Drivers/STM32F0xx_HAL_Driver/Src/stm32f0xx_hal.o
                0x0000000020000004                uwTickPrio
 .data.uwTickFreq
                0x0000000020000008        0x1 Drivers/STM32F0xx_HAL_Driver/Src/stm32f0xx_hal.o
                0x0000000020000008                uwTickFreq
 *fill*         0x0000000020000009        0x3 
 .data._impure_ptr
                0x000000002000000c        0x4 c:/st/stm32cubeide_1.6.1/stm32cubeide/plugins/com.st.stm32cube.ide.mcu.externaltools.gnu-tools-for-stm32.9-2020-q2-update.win32_1.5.0.202011040924/tools/bin/../lib/gcc/arm-none-eabi/9.3.1/../../../../arm-none-eabi/lib/thumb/v6-m/nofp\libc_nano.a(lib_a-impure.o)
                0x000000002000000c                _impure_ptr
 .data.impure_data
                0x0000000020000010       0x60 c:/st/stm32cubeide_1.6.1/stm32cubeide/plugins/com.st.stm32cube.ide.mcu.externaltools.gnu-tools-for-stm32.9-2020-q2-update.win32_1.5.0.202011040924/tools/bin/../lib/gcc/arm-none-eabi/9.3.1/../../../../arm-none-eabi/lib/thumb/v6-m/nofp\libc_nano.a(lib_a-impure.o)
 *(.RamFunc)
 *(.RamFunc*)
                0x0000000020000070                . = ALIGN (0x4)
                0x0000000020000070                _edata = .

.igot.plt       0x0000000020000070        0x0 load address 0x0000000008004030
 .igot.plt      0x0000000020000070        0x0 c:/st/stm32cubeide_1.6.1/stm32cubeide/plugins/com.st.stm32cube.ide.mcu.externaltools.gnu-tools-for-stm32.9-2020-q2-update.win32_1.5.0.202011040924/tools/bin/../lib/gcc/arm-none-eabi/9.3.1/thumb/v6-m/nofp/crtbegin.o
                0x0000000020000070                . = ALIGN (0x4)

.bss            0x0000000020000070      0x64c load address 0x0000000008004030
                0x0000000020000070                _sbss = .
                0x0000000020000070                __bss_start__ = _sbss
 *(.bss)
 .bss           0x0000000020000070       0x1c c:/st/stm32cubeide_1.6.1/stm32cubeide/plugins/com.st.stm32cube.ide.mcu.externaltools.gnu-tools-for-stm32.9-2020-q2-update.win32_1.5.0.202011040924/tools/bin/../lib/gcc/arm-none-eabi/9.3.1/thumb/v6-m/nofp/crtbegin.o
 *(.bss*)
 .bss.__sbrk_heap_end
                0x000000002000008c        0x4 Core/Src/sysmem.o
 .bss.gb_tick_cnt
                0x0000000020000090        0x4 genkat_src/genkat_aead_hash.o
 .bss.gb_ms_ticks
                0x0000000020000094        0x4 genkat_src/genkat_aead_hash.o
 .bss.aead_enc_ticks_res
                0x0000000020000098      0x100 genkat_src/genkat_aead_hash.o
 .bss.aead_dec_ticks_res
                0x0000000020000198      0x100 genkat_src/genkat_aead_hash.o
 .bss.hash_ticks_res
                0x0000000020000298      0x100 genkat_src/genkat_aead_hash.o
 .bss.ticks_res_pos
                0x0000000020000398        0x4 genkat_src/genkat_aead_hash.o
 .bss.tim_per_elp_cnt
                0x000000002000039c        0x4 genkat_src/genkat_aead_hash.o
                0x000000002000039c                tim_per_elp_cnt
 .bss.dbg_out_buf.7507
                0x00000000200003a0      0x200 genkat_src/genkat_aead_hash.o
 .bss.__malloc_free_list
                0x00000000200005a0        0x4 c:/st/stm32cubeide_1.6.1/stm32cubeide/plugins/com.st.stm32cube.ide.mcu.externaltools.gnu-tools-for-stm32.9-2020-q2-update.win32_1.5.0.202011040924/tools/bin/../lib/gcc/arm-none-eabi/9.3.1/../../../../arm-none-eabi/lib/thumb/v6-m/nofp\libc_nano.a(lib_a-nano-mallocr.o)
                0x00000000200005a0                __malloc_free_list
 .bss.__malloc_sbrk_start
                0x00000000200005a4        0x4 c:/st/stm32cubeide_1.6.1/stm32cubeide/plugins/com.st.stm32cube.ide.mcu.externaltools.gnu-tools-for-stm32.9-2020-q2-update.win32_1.5.0.202011040924/tools/bin/../lib/gcc/arm-none-eabi/9.3.1/../../../../arm-none-eabi/lib/thumb/v6-m/nofp\libc_nano.a(lib_a-nano-mallocr.o)
                0x00000000200005a4                __malloc_sbrk_start
 *(COMMON)
 COMMON         0x00000000200005a8       0xcc Core/Src/main.o
                0x00000000200005a8                huart1
                0x000000002000062c                htim6
 COMMON         0x0000000020000674        0x4 Drivers/STM32F0xx_HAL_Driver/Src/stm32f0xx_hal.o
                0x0000000020000674                uwTick
 COMMON         0x0000000020000678       0x34 genkat_src/mem_stat.o
                0x0000000020000678                mem_stat
 COMMON         0x00000000200006ac        0x9 c:/st/stm32cubeide_1.6.1/stm32cubeide/plugins/com.st.stm32cube.ide.mcu.externaltools.gnu-tools-for-stm32.9-2020-q2-update.win32_1.5.0.202011040924/tools/bin/../lib/gcc/arm-none-eabi/9.3.1/../../../../arm-none-eabi/lib/thumb/v6-m/nofp\libc_nano.a(lib_a-lock.o)
                0x00000000200006ac                __lock___atexit_recursive_mutex
                0x00000000200006ad                __lock___arc4random_mutex
                0x00000000200006ae                __lock___env_recursive_mutex
                0x00000000200006af                __lock___sinit_recursive_mutex
                0x00000000200006b0                __lock___malloc_recursive_mutex
                0x00000000200006b1                __lock___at_quick_exit_mutex
                0x00000000200006b2                __lock___dd_hash_mutex
                0x00000000200006b3                __lock___tz_mutex
                0x00000000200006b4                __lock___sfp_recursive_mutex
 *fill*         0x00000000200006b5        0x3 
 COMMON         0x00000000200006b8        0x4 c:/st/stm32cubeide_1.6.1/stm32cubeide/plugins/com.st.stm32cube.ide.mcu.externaltools.gnu-tools-for-stm32.9-2020-q2-update.win32_1.5.0.202011040924/tools/bin/../lib/gcc/arm-none-eabi/9.3.1/../../../../arm-none-eabi/lib/thumb/v6-m/nofp\libc_nano.a(lib_a-reent.o)
                0x00000000200006b8                errno
                0x00000000200006bc                . = ALIGN (0x4)
                0x00000000200006bc                _ebss = .
                0x00000000200006bc                __bss_end__ = _ebss

._user_heap_stack
                0x00000000200006bc      0x604 load address 0x0000000008004030
                0x00000000200006c0                . = ALIGN (0x8)
 *fill*         0x00000000200006bc        0x4 
                [!provide]                        PROVIDE (end = .)
                0x00000000200006c0                PROVIDE (_end = .)
                0x00000000200008c0                . = (. + _Min_Heap_Size)
 *fill*         0x00000000200006c0      0x200 
                0x0000000020000cc0                . = (. + _Min_Stack_Size)
 *fill*         0x00000000200008c0      0x400 
                0x0000000020000cc0                . = ALIGN (0x8)

/DISCARD/
 libc.a(*)
 libm.a(*)
 libgcc.a(*)

.ARM.attributes
                0x0000000000000000       0x28
 *(.ARM.attributes)
 .ARM.attributes
                0x0000000000000000       0x1e c:/st/stm32cubeide_1.6.1/stm32cubeide/plugins/com.st.stm32cube.ide.mcu.externaltools.gnu-tools-for-stm32.9-2020-q2-update.win32_1.5.0.202011040924/tools/bin/../lib/gcc/arm-none-eabi/9.3.1/thumb/v6-m/nofp/crti.o
 .ARM.attributes
                0x000000000000001e       0x2c c:/st/stm32cubeide_1.6.1/stm32cubeide/plugins/com.st.stm32cube.ide.mcu.externaltools.gnu-tools-for-stm32.9-2020-q2-update.win32_1.5.0.202011040924/tools/bin/../lib/gcc/arm-none-eabi/9.3.1/thumb/v6-m/nofp/crtbegin.o
 .ARM.attributes
                0x000000000000004a       0x2c Core/Src/main.o
 .ARM.attributes
                0x0000000000000076       0x2c Core/Src/stm32f0xx_hal_msp.o
 .ARM.attributes
                0x00000000000000a2       0x2c Core/Src/stm32f0xx_it.o
 .ARM.attributes
                0x00000000000000ce       0x2c Core/Src/sysmem.o
 .ARM.attributes
                0x00000000000000fa       0x2c Core/Src/system_stm32f0xx.o
 .ARM.attributes
                0x0000000000000126       0x21 Core/Startup/startup_stm32f051r8tx.o
 .ARM.attributes
                0x0000000000000147       0x2c Drivers/STM32F0xx_HAL_Driver/Src/stm32f0xx_hal.o
 .ARM.attributes
                0x0000000000000173       0x2c Drivers/STM32F0xx_HAL_Driver/Src/stm32f0xx_hal_cortex.o
 .ARM.attributes
                0x000000000000019f       0x2c Drivers/STM32F0xx_HAL_Driver/Src/stm32f0xx_hal_gpio.o
 .ARM.attributes
                0x00000000000001cb       0x2c Drivers/STM32F0xx_HAL_Driver/Src/stm32f0xx_hal_rcc.o
 .ARM.attributes
                0x00000000000001f7       0x2c Drivers/STM32F0xx_HAL_Driver/Src/stm32f0xx_hal_rcc_ex.o
 .ARM.attributes
                0x0000000000000223       0x2c Drivers/STM32F0xx_HAL_Driver/Src/stm32f0xx_hal_tim.o
 .ARM.attributes
                0x000000000000024f       0x2c Drivers/STM32F0xx_HAL_Driver/Src/stm32f0xx_hal_tim_ex.o
 .ARM.attributes
                0x000000000000027b       0x2c Drivers/STM32F0xx_HAL_Driver/Src/stm32f0xx_hal_uart.o
 .ARM.attributes
                0x00000000000002a7       0x2c algos/ace/Implementations/crypto_hash/acehash256v1/ref/ace.o
 .ARM.attributes
                0x00000000000002d3       0x2c algos/ace/Implementations/crypto_hash/acehash256v1/ref/hash.o
 .ARM.attributes
                0x00000000000002ff       0x2c genkat_src/genkat_aead_hash.o
 .ARM.attributes
                0x000000000000032b       0x2c genkat_src/mem_stat.o
 .ARM.attributes
                0x0000000000000357       0x2c c:/st/stm32cubeide_1.6.1/stm32cubeide/plugins/com.st.stm32cube.ide.mcu.externaltools.gnu-tools-for-stm32.9-2020-q2-update.win32_1.5.0.202011040924/tools/bin/../lib/gcc/arm-none-eabi/9.3.1/../../../../arm-none-eabi/lib/thumb/v6-m/nofp\libc_nano.a(lib_a-errno.o)
 .ARM.attributes
                0x0000000000000383       0x2c c:/st/stm32cubeide_1.6.1/stm32cubeide/plugins/com.st.stm32cube.ide.mcu.externaltools.gnu-tools-for-stm32.9-2020-q2-update.win32_1.5.0.202011040924/tools/bin/../lib/gcc/arm-none-eabi/9.3.1/../../../../arm-none-eabi/lib/thumb/v6-m/nofp\libc_nano.a(lib_a-impure.o)
 .ARM.attributes
                0x00000000000003af       0x2c c:/st/stm32cubeide_1.6.1/stm32cubeide/plugins/com.st.stm32cube.ide.mcu.externaltools.gnu-tools-for-stm32.9-2020-q2-update.win32_1.5.0.202011040924/tools/bin/../lib/gcc/arm-none-eabi/9.3.1/../../../../arm-none-eabi/lib/thumb/v6-m/nofp\libc_nano.a(lib_a-init.o)
 .ARM.attributes
                0x00000000000003db       0x2c c:/st/stm32cubeide_1.6.1/stm32cubeide/plugins/com.st.stm32cube.ide.mcu.externaltools.gnu-tools-for-stm32.9-2020-q2-update.win32_1.5.0.202011040924/tools/bin/../lib/gcc/arm-none-eabi/9.3.1/../../../../arm-none-eabi/lib/thumb/v6-m/nofp\libc_nano.a(lib_a-malloc.o)
 .ARM.attributes
                0x0000000000000407       0x2c c:/st/stm32cubeide_1.6.1/stm32cubeide/plugins/com.st.stm32cube.ide.mcu.externaltools.gnu-tools-for-stm32.9-2020-q2-update.win32_1.5.0.202011040924/tools/bin/../lib/gcc/arm-none-eabi/9.3.1/../../../../arm-none-eabi/lib/thumb/v6-m/nofp\libc_nano.a(lib_a-memset.o)
 .ARM.attributes
                0x0000000000000433       0x2c c:/st/stm32cubeide_1.6.1/stm32cubeide/plugins/com.st.stm32cube.ide.mcu.externaltools.gnu-tools-for-stm32.9-2020-q2-update.win32_1.5.0.202011040924/tools/bin/../lib/gcc/arm-none-eabi/9.3.1/../../../../arm-none-eabi/lib/thumb/v6-m/nofp\libc_nano.a(lib_a-nano-freer.o)
 .ARM.attributes
                0x000000000000045f       0x2c c:/st/stm32cubeide_1.6.1/stm32cubeide/plugins/com.st.stm32cube.ide.mcu.externaltools.gnu-tools-for-stm32.9-2020-q2-update.win32_1.5.0.202011040924/tools/bin/../lib/gcc/arm-none-eabi/9.3.1/../../../../arm-none-eabi/lib/thumb/v6-m/nofp\libc_nano.a(lib_a-nano-mallocr.o)
 .ARM.attributes
                0x000000000000048b       0x2c c:/st/stm32cubeide_1.6.1/stm32cubeide/plugins/com.st.stm32cube.ide.mcu.externaltools.gnu-tools-for-stm32.9-2020-q2-update.win32_1.5.0.202011040924/tools/bin/../lib/gcc/arm-none-eabi/9.3.1/../../../../arm-none-eabi/lib/thumb/v6-m/nofp\libc_nano.a(lib_a-sbrkr.o)
 .ARM.attributes
                0x00000000000004b7       0x1c c:/st/stm32cubeide_1.6.1/stm32cubeide/plugins/com.st.stm32cube.ide.mcu.externaltools.gnu-tools-for-stm32.9-2020-q2-update.win32_1.5.0.202011040924/tools/bin/../lib/gcc/arm-none-eabi/9.3.1/../../../../arm-none-eabi/lib/thumb/v6-m/nofp\libc_nano.a(lib_a-strlen.o)
 .ARM.attributes
                0x00000000000004d3       0x2c c:/st/stm32cubeide_1.6.1/stm32cubeide/plugins/com.st.stm32cube.ide.mcu.externaltools.gnu-tools-for-stm32.9-2020-q2-update.win32_1.5.0.202011040924/tools/bin/../lib/gcc/arm-none-eabi/9.3.1/../../../../arm-none-eabi/lib/thumb/v6-m/nofp\libc_nano.a(lib_a-vsprintf.o)
 .ARM.attributes
                0x00000000000004ff       0x2c c:/st/stm32cubeide_1.6.1/stm32cubeide/plugins/com.st.stm32cube.ide.mcu.externaltools.gnu-tools-for-stm32.9-2020-q2-update.win32_1.5.0.202011040924/tools/bin/../lib/gcc/arm-none-eabi/9.3.1/../../../../arm-none-eabi/lib/thumb/v6-m/nofp\libc_nano.a(lib_a-findfp.o)
 .ARM.attributes
                0x000000000000052b       0x2c c:/st/stm32cubeide_1.6.1/stm32cubeide/plugins/com.st.stm32cube.ide.mcu.externaltools.gnu-tools-for-stm32.9-2020-q2-update.win32_1.5.0.202011040924/tools/bin/../lib/gcc/arm-none-eabi/9.3.1/../../../../arm-none-eabi/lib/thumb/v6-m/nofp\libc_nano.a(lib_a-lock.o)
 .ARM.attributes
                0x0000000000000557       0x2c c:/st/stm32cubeide_1.6.1/stm32cubeide/plugins/com.st.stm32cube.ide.mcu.externaltools.gnu-tools-for-stm32.9-2020-q2-update.win32_1.5.0.202011040924/tools/bin/../lib/gcc/arm-none-eabi/9.3.1/../../../../arm-none-eabi/lib/thumb/v6-m/nofp\libc_nano.a(lib_a-mlock.o)
 .ARM.attributes
                0x0000000000000583       0x2c c:/st/stm32cubeide_1.6.1/stm32cubeide/plugins/com.st.stm32cube.ide.mcu.externaltools.gnu-tools-for-stm32.9-2020-q2-update.win32_1.5.0.202011040924/tools/bin/../lib/gcc/arm-none-eabi/9.3.1/../../../../arm-none-eabi/lib/thumb/v6-m/nofp\libc_nano.a(lib_a-nano-svfprintf.o)
 .ARM.attributes
                0x00000000000005af       0x2c c:/st/stm32cubeide_1.6.1/stm32cubeide/plugins/com.st.stm32cube.ide.mcu.externaltools.gnu-tools-for-stm32.9-2020-q2-update.win32_1.5.0.202011040924/tools/bin/../lib/gcc/arm-none-eabi/9.3.1/../../../../arm-none-eabi/lib/thumb/v6-m/nofp\libc_nano.a(lib_a-nano-vfprintf_i.o)
 .ARM.attributes
                0x00000000000005db       0x2c c:/st/stm32cubeide_1.6.1/stm32cubeide/plugins/com.st.stm32cube.ide.mcu.externaltools.gnu-tools-for-stm32.9-2020-q2-update.win32_1.5.0.202011040924/tools/bin/../lib/gcc/arm-none-eabi/9.3.1/../../../../arm-none-eabi/lib/thumb/v6-m/nofp\libc_nano.a(lib_a-reent.o)
 .ARM.attributes
                0x0000000000000607       0x2c c:/st/stm32cubeide_1.6.1/stm32cubeide/plugins/com.st.stm32cube.ide.mcu.externaltools.gnu-tools-for-stm32.9-2020-q2-update.win32_1.5.0.202011040924/tools/bin/../lib/gcc/arm-none-eabi/9.3.1/../../../../arm-none-eabi/lib/thumb/v6-m/nofp\libc_nano.a(lib_a-memchr-stub.o)
 .ARM.attributes
                0x0000000000000633       0x2c c:/st/stm32cubeide_1.6.1/stm32cubeide/plugins/com.st.stm32cube.ide.mcu.externaltools.gnu-tools-for-stm32.9-2020-q2-update.win32_1.5.0.202011040924/tools/bin/../lib/gcc/arm-none-eabi/9.3.1/../../../../arm-none-eabi/lib/thumb/v6-m/nofp\libc_nano.a(lib_a-memcpy-stub.o)
 .ARM.attributes
                0x000000000000065f       0x2c c:/st/stm32cubeide_1.6.1/stm32cubeide/plugins/com.st.stm32cube.ide.mcu.externaltools.gnu-tools-for-stm32.9-2020-q2-update.win32_1.5.0.202011040924/tools/bin/../lib/gcc/arm-none-eabi/9.3.1/../../../../arm-none-eabi/lib/thumb/v6-m/nofp\libc_nano.a(lib_a-memmove.o)
 .ARM.attributes
                0x000000000000068b       0x2c c:/st/stm32cubeide_1.6.1/stm32cubeide/plugins/com.st.stm32cube.ide.mcu.externaltools.gnu-tools-for-stm32.9-2020-q2-update.win32_1.5.0.202011040924/tools/bin/../lib/gcc/arm-none-eabi/9.3.1/../../../../arm-none-eabi/lib/thumb/v6-m/nofp\libc_nano.a(lib_a-nano-reallocr.o)
 .ARM.attributes
                0x00000000000006b7       0x2c c:/st/stm32cubeide_1.6.1/stm32cubeide/plugins/com.st.stm32cube.ide.mcu.externaltools.gnu-tools-for-stm32.9-2020-q2-update.win32_1.5.0.202011040924/tools/bin/../lib/gcc/arm-none-eabi/9.3.1/../../../../arm-none-eabi/lib/thumb/v6-m/nofp\libc_nano.a(lib_a-nano-msizer.o)
 .ARM.attributes
                0x00000000000006e3       0x1e c:/st/stm32cubeide_1.6.1/stm32cubeide/plugins/com.st.stm32cube.ide.mcu.externaltools.gnu-tools-for-stm32.9-2020-q2-update.win32_1.5.0.202011040924/tools/bin/../lib/gcc/arm-none-eabi/9.3.1/thumb/v6-m/nofp\libgcc.a(_thumb1_case_shi.o)
 .ARM.attributes
                0x0000000000000701       0x1e c:/st/stm32cubeide_1.6.1/stm32cubeide/plugins/com.st.stm32cube.ide.mcu.externaltools.gnu-tools-for-stm32.9-2020-q2-update.win32_1.5.0.202011040924/tools/bin/../lib/gcc/arm-none-eabi/9.3.1/thumb/v6-m/nofp\libgcc.a(_udivsi3.o)
 .ARM.attributes
                0x000000000000071f       0x1e c:/st/stm32cubeide_1.6.1/stm32cubeide/plugins/com.st.stm32cube.ide.mcu.externaltools.gnu-tools-for-stm32.9-2020-q2-update.win32_1.5.0.202011040924/tools/bin/../lib/gcc/arm-none-eabi/9.3.1/thumb/v6-m/nofp\libgcc.a(_dvmd_tls.o)
 .ARM.attributes
                0x000000000000073d       0x1e c:/st/stm32cubeide_1.6.1/stm32cubeide/plugins/com.st.stm32cube.ide.mcu.externaltools.gnu-tools-for-stm32.9-2020-q2-update.win32_1.5.0.202011040924/tools/bin/../lib/gcc/arm-none-eabi/9.3.1/thumb/v6-m/nofp/crtn.o
OUTPUT(lwc_nist_benchmark_stm32f051r8.elf elf32-littlearm)
LOAD linker stubs
LOAD c:/st/stm32cubeide_1.6.1/stm32cubeide/plugins/com.st.stm32cube.ide.mcu.externaltools.gnu-tools-for-stm32.9-2020-q2-update.win32_1.5.0.202011040924/tools/bin/../lib/gcc/arm-none-eabi/9.3.1/../../../../arm-none-eabi/lib/thumb/v6-m/nofp\libc.a
LOAD c:/st/stm32cubeide_1.6.1/stm32cubeide/plugins/com.st.stm32cube.ide.mcu.externaltools.gnu-tools-for-stm32.9-2020-q2-update.win32_1.5.0.202011040924/tools/bin/../lib/gcc/arm-none-eabi/9.3.1/../../../../arm-none-eabi/lib/thumb/v6-m/nofp\libm.a
LOAD c:/st/stm32cubeide_1.6.1/stm32cubeide/plugins/com.st.stm32cube.ide.mcu.externaltools.gnu-tools-for-stm32.9-2020-q2-update.win32_1.5.0.202011040924/tools/bin/../lib/gcc/arm-none-eabi/9.3.1/thumb/v6-m/nofp\libgcc.a

.debug_info     0x0000000000000000     0xe13d
 .debug_info    0x0000000000000000      0xe29 Core/Src/main.o
 .debug_info    0x0000000000000e29      0xe58 Core/Src/stm32f0xx_hal_msp.o
 .debug_info    0x0000000000001c81      0x767 Core/Src/stm32f0xx_it.o
 .debug_info    0x00000000000023e8      0xa25 Core/Src/sysmem.o
 .debug_info    0x0000000000002e0d      0x2c3 Core/Src/system_stm32f0xx.o
 .debug_info    0x00000000000030d0       0x22 Core/Startup/startup_stm32f051r8tx.o
 .debug_info    0x00000000000030f2      0x6ff Drivers/STM32F0xx_HAL_Driver/Src/stm32f0xx_hal.o
 .debug_info    0x00000000000037f1      0x7d6 Drivers/STM32F0xx_HAL_Driver/Src/stm32f0xx_hal_cortex.o
 .debug_info    0x0000000000003fc7      0x6e6 Drivers/STM32F0xx_HAL_Driver/Src/stm32f0xx_hal_gpio.o
 .debug_info    0x00000000000046ad      0x8a4 Drivers/STM32F0xx_HAL_Driver/Src/stm32f0xx_hal_rcc.o
 .debug_info    0x0000000000004f51      0x40f Drivers/STM32F0xx_HAL_Driver/Src/stm32f0xx_hal_rcc_ex.o
 .debug_info    0x0000000000005360     0x2a17 Drivers/STM32F0xx_HAL_Driver/Src/stm32f0xx_hal_tim.o
 .debug_info    0x0000000000007d77     0x1469 Drivers/STM32F0xx_HAL_Driver/Src/stm32f0xx_hal_tim_ex.o
 .debug_info    0x00000000000091e0     0x17cf Drivers/STM32F0xx_HAL_Driver/Src/stm32f0xx_hal_uart.o
 .debug_info    0x000000000000a9af      0xc4b algos/ace/Implementations/crypto_hash/acehash256v1/ref/ace.o
 .debug_info    0x000000000000b5fa      0xa5f algos/ace/Implementations/crypto_hash/acehash256v1/ref/hash.o
 .debug_info    0x000000000000c059     0x1688 genkat_src/genkat_aead_hash.o
 .debug_info    0x000000000000d6e1      0xa5c genkat_src/mem_stat.o

.debug_abbrev   0x0000000000000000     0x237f
 .debug_abbrev  0x0000000000000000      0x24a Core/Src/main.o
 .debug_abbrev  0x000000000000024a      0x1c8 Core/Src/stm32f0xx_hal_msp.o
 .debug_abbrev  0x0000000000000412      0x198 Core/Src/stm32f0xx_it.o
 .debug_abbrev  0x00000000000005aa      0x1bf Core/Src/sysmem.o
 .debug_abbrev  0x0000000000000769      0x145 Core/Src/system_stm32f0xx.o
 .debug_abbrev  0x00000000000008ae       0x12 Core/Startup/startup_stm32f051r8tx.o
 .debug_abbrev  0x00000000000008c0      0x21e Drivers/STM32F0xx_HAL_Driver/Src/stm32f0xx_hal.o
 .debug_abbrev  0x0000000000000ade      0x2a9 Drivers/STM32F0xx_HAL_Driver/Src/stm32f0xx_hal_cortex.o
 .debug_abbrev  0x0000000000000d87      0x1e8 Drivers/STM32F0xx_HAL_Driver/Src/stm32f0xx_hal_gpio.o
 .debug_abbrev  0x0000000000000f6f      0x23b Drivers/STM32F0xx_HAL_Driver/Src/stm32f0xx_hal_rcc.o
 .debug_abbrev  0x00000000000011aa      0x193 Drivers/STM32F0xx_HAL_Driver/Src/stm32f0xx_hal_rcc_ex.o
 .debug_abbrev  0x000000000000133d      0x26f Drivers/STM32F0xx_HAL_Driver/Src/stm32f0xx_hal_tim.o
 .debug_abbrev  0x00000000000015ac      0x277 Drivers/STM32F0xx_HAL_Driver/Src/stm32f0xx_hal_tim_ex.o
 .debug_abbrev  0x0000000000001823      0x250 Drivers/STM32F0xx_HAL_Driver/Src/stm32f0xx_hal_uart.o
 .debug_abbrev  0x0000000000001a73      0x21d algos/ace/Implementations/crypto_hash/acehash256v1/ref/ace.o
 .debug_abbrev  0x0000000000001c90      0x241 algos/ace/Implementations/crypto_hash/acehash256v1/ref/hash.o
 .debug_abbrev  0x0000000000001ed1      0x30b genkat_src/genkat_aead_hash.o
 .debug_abbrev  0x00000000000021dc      0x1a3 genkat_src/mem_stat.o

.debug_aranges  0x0000000000000000      0xc30
 .debug_aranges
                0x0000000000000000       0x50 Core/Src/main.o
 .debug_aranges
                0x0000000000000050       0x40 Core/Src/stm32f0xx_hal_msp.o
 .debug_aranges
                0x0000000000000090       0x48 Core/Src/stm32f0xx_it.o
 .debug_aranges
                0x00000000000000d8       0x20 Core/Src/sysmem.o
 .debug_aranges
                0x00000000000000f8       0x28 Core/Src/system_stm32f0xx.o
 .debug_aranges
                0x0000000000000120       0x28 Core/Startup/startup_stm32f051r8tx.o
 .debug_aranges
                0x0000000000000148       0xd0 Drivers/STM32F0xx_HAL_Driver/Src/stm32f0xx_hal.o
 .debug_aranges
                0x0000000000000218       0xc0 Drivers/STM32F0xx_HAL_Driver/Src/stm32f0xx_hal_cortex.o
 .debug_aranges
                0x00000000000002d8       0x58 Drivers/STM32F0xx_HAL_Driver/Src/stm32f0xx_hal_gpio.o
 .debug_aranges
                0x0000000000000330       0x80 Drivers/STM32F0xx_HAL_Driver/Src/stm32f0xx_hal_rcc.o
 .debug_aranges
                0x00000000000003b0       0x30 Drivers/STM32F0xx_HAL_Driver/Src/stm32f0xx_hal_rcc_ex.o
 .debug_aranges
                0x00000000000003e0      0x3d0 Drivers/STM32F0xx_HAL_Driver/Src/stm32f0xx_hal_tim.o
 .debug_aranges
                0x00000000000007b0      0x168 Drivers/STM32F0xx_HAL_Driver/Src/stm32f0xx_hal_tim_ex.o
 .debug_aranges
                0x0000000000000918      0x228 Drivers/STM32F0xx_HAL_Driver/Src/stm32f0xx_hal_uart.o
 .debug_aranges
                0x0000000000000b40       0x50 algos/ace/Implementations/crypto_hash/acehash256v1/ref/ace.o
 .debug_aranges
                0x0000000000000b90       0x28 algos/ace/Implementations/crypto_hash/acehash256v1/ref/hash.o
 .debug_aranges
                0x0000000000000bb8       0x58 genkat_src/genkat_aead_hash.o
 .debug_aranges
                0x0000000000000c10       0x20 genkat_src/mem_stat.o

.debug_ranges   0x0000000000000000      0xb48
 .debug_ranges  0x0000000000000000       0x40 Core/Src/main.o
 .debug_ranges  0x0000000000000040       0x30 Core/Src/stm32f0xx_hal_msp.o
 .debug_ranges  0x0000000000000070       0x38 Core/Src/stm32f0xx_it.o
 .debug_ranges  0x00000000000000a8       0x10 Core/Src/sysmem.o
 .debug_ranges  0x00000000000000b8       0x18 Core/Src/system_stm32f0xx.o
 .debug_ranges  0x00000000000000d0       0x20 Core/Startup/startup_stm32f051r8tx.o
 .debug_ranges  0x00000000000000f0       0xc0 Drivers/STM32F0xx_HAL_Driver/Src/stm32f0xx_hal.o
 .debug_ranges  0x00000000000001b0       0xb0 Drivers/STM32F0xx_HAL_Driver/Src/stm32f0xx_hal_cortex.o
 .debug_ranges  0x0000000000000260       0x48 Drivers/STM32F0xx_HAL_Driver/Src/stm32f0xx_hal_gpio.o
 .debug_ranges  0x00000000000002a8       0x70 Drivers/STM32F0xx_HAL_Driver/Src/stm32f0xx_hal_rcc.o
 .debug_ranges  0x0000000000000318       0x20 Drivers/STM32F0xx_HAL_Driver/Src/stm32f0xx_hal_rcc_ex.o
 .debug_ranges  0x0000000000000338      0x3c0 Drivers/STM32F0xx_HAL_Driver/Src/stm32f0xx_hal_tim.o
 .debug_ranges  0x00000000000006f8      0x158 Drivers/STM32F0xx_HAL_Driver/Src/stm32f0xx_hal_tim_ex.o
 .debug_ranges  0x0000000000000850      0x248 Drivers/STM32F0xx_HAL_Driver/Src/stm32f0xx_hal_uart.o
 .debug_ranges  0x0000000000000a98       0x40 algos/ace/Implementations/crypto_hash/acehash256v1/ref/ace.o
 .debug_ranges  0x0000000000000ad8       0x18 algos/ace/Implementations/crypto_hash/acehash256v1/ref/hash.o
 .debug_ranges  0x0000000000000af0       0x48 genkat_src/genkat_aead_hash.o
 .debug_ranges  0x0000000000000b38       0x10 genkat_src/mem_stat.o

.debug_macro    0x0000000000000000    0x134c0
 .debug_macro   0x0000000000000000      0x21d Core/Src/main.o
 .debug_macro   0x000000000000021d      0xa7e Core/Src/main.o
 .debug_macro   0x0000000000000c9b      0x133 Core/Src/main.o
 .debug_macro   0x0000000000000dce       0x2e Core/Src/main.o
 .debug_macro   0x0000000000000dfc       0x22 Core/Src/main.o
 .debug_macro   0x0000000000000e1e       0x22 Core/Src/main.o
 .debug_macro   0x0000000000000e40       0x8e Core/Src/main.o
 .debug_macro   0x0000000000000ece       0x51 Core/Src/main.o
 .debug_macro   0x0000000000000f1f      0x103 Core/Src/main.o
 .debug_macro   0x0000000000001022       0x6a Core/Src/main.o
 .debug_macro   0x000000000000108c      0x1df Core/Src/main.o
 .debug_macro   0x000000000000126b       0x1c Core/Src/main.o
 .debug_macro   0x0000000000001287       0x22 Core/Src/main.o
 .debug_macro   0x00000000000012a9       0xb5 Core/Src/main.o
 .debug_macro   0x000000000000135e      0x391 Core/Src/main.o
 .debug_macro   0x00000000000016ef     0x8cdd Core/Src/main.o
 .debug_macro   0x000000000000a3cc       0x3c Core/Src/main.o
 .debug_macro   0x000000000000a408     0x3461 Core/Src/main.o
 .debug_macro   0x000000000000d869      0x174 Core/Src/main.o
 .debug_macro   0x000000000000d9dd       0x55 Core/Src/main.o
 .debug_macro   0x000000000000da32      0x924 Core/Src/main.o
 .debug_macro   0x000000000000e356      0x251 Core/Src/main.o
 .debug_macro   0x000000000000e5a7      0x12f Core/Src/main.o
 .debug_macro   0x000000000000e6d6      0x114 Core/Src/main.o
 .debug_macro   0x000000000000e7ea      0x1a0 Core/Src/main.o
 .debug_macro   0x000000000000e98a      0x1ed Core/Src/main.o
 .debug_macro   0x000000000000eb77       0x34 Core/Src/main.o
 .debug_macro   0x000000000000ebab       0x43 Core/Src/main.o
 .debug_macro   0x000000000000ebee       0x28 Core/Src/main.o
 .debug_macro   0x000000000000ec16       0xb0 Core/Src/main.o
 .debug_macro   0x000000000000ecc6      0x199 Core/Src/main.o
 .debug_macro   0x000000000000ee5f      0x22c Core/Src/main.o
 .debug_macro   0x000000000000f08b       0x60 Core/Src/main.o
 .debug_macro   0x000000000000f0eb       0xa5 Core/Src/main.o
 .debug_macro   0x000000000000f190       0x4c Core/Src/main.o
 .debug_macro   0x000000000000f1dc      0x112 Core/Src/main.o
 .debug_macro   0x000000000000f2ee      0x8d8 Core/Src/main.o
 .debug_macro   0x000000000000fbc6       0x28 Core/Src/main.o
 .debug_macro   0x000000000000fbee      0x5a5 Core/Src/main.o
 .debug_macro   0x0000000000010193       0x3e Core/Src/main.o
 .debug_macro   0x00000000000101d1      0x114 Core/Src/main.o
 .debug_macro   0x00000000000102e5      0x184 Core/Src/main.o
 .debug_macro   0x0000000000010469      0x11f Core/Src/main.o
 .debug_macro   0x0000000000010588       0xef Core/Src/main.o
 .debug_macro   0x0000000000010677       0xe5 Core/Src/main.o
 .debug_macro   0x000000000001075c       0x16 Core/Src/main.o
 .debug_macro   0x0000000000010772      0x3e9 Core/Src/main.o
 .debug_macro   0x0000000000010b5b       0x2a Core/Src/main.o
 .debug_macro   0x0000000000010b85       0xa7 Core/Src/main.o
 .debug_macro   0x0000000000010c2c      0x215 Core/Src/main.o
 .debug_macro   0x0000000000010e41      0x21d Core/Src/stm32f0xx_hal_msp.o
 .debug_macro   0x000000000001105e      0x227 Core/Src/stm32f0xx_it.o
 .debug_macro   0x0000000000011285       0xff Core/Src/sysmem.o
 .debug_macro   0x0000000000011384      0x23b Core/Src/sysmem.o
 .debug_macro   0x00000000000115bf      0x1c2 Core/Src/system_stm32f0xx.o
 .debug_macro   0x0000000000011781      0x1e6 Drivers/STM32F0xx_HAL_Driver/Src/stm32f0xx_hal.o
 .debug_macro   0x0000000000011967      0x1c2 Drivers/STM32F0xx_HAL_Driver/Src/stm32f0xx_hal_cortex.o
 .debug_macro   0x0000000000011b29      0x1fa Drivers/STM32F0xx_HAL_Driver/Src/stm32f0xx_hal_gpio.o
 .debug_macro   0x0000000000011d23      0x1d4 Drivers/STM32F0xx_HAL_Driver/Src/stm32f0xx_hal_rcc.o
 .debug_macro   0x0000000000011ef7      0x1c2 Drivers/STM32F0xx_HAL_Driver/Src/stm32f0xx_hal_rcc_ex.o
 .debug_macro   0x00000000000120b9      0x1c3 Drivers/STM32F0xx_HAL_Driver/Src/stm32f0xx_hal_tim.o
 .debug_macro   0x000000000001227c      0x1c2 Drivers/STM32F0xx_HAL_Driver/Src/stm32f0xx_hal_tim_ex.o
 .debug_macro   0x000000000001243e      0x1df Drivers/STM32F0xx_HAL_Driver/Src/stm32f0xx_hal_uart.o
 .debug_macro   0x000000000001261d      0x21a algos/ace/Implementations/crypto_hash/acehash256v1/ref/ace.o
 .debug_macro   0x0000000000012837       0x16 algos/ace/Implementations/crypto_hash/acehash256v1/ref/ace.o
 .debug_macro   0x000000000001284d       0x97 algos/ace/Implementations/crypto_hash/acehash256v1/ref/ace.o
 .debug_macro   0x00000000000128e4       0xfd algos/ace/Implementations/crypto_hash/acehash256v1/ref/ace.o
 .debug_macro   0x00000000000129e1      0x1a9 algos/ace/Implementations/crypto_hash/acehash256v1/ref/ace.o
 .debug_macro   0x0000000000012b8a       0x22 algos/ace/Implementations/crypto_hash/acehash256v1/ref/ace.o
 .debug_macro   0x0000000000012bac      0x240 algos/ace/Implementations/crypto_hash/acehash256v1/ref/hash.o
 .debug_macro   0x0000000000012dec      0x3b2 genkat_src/genkat_aead_hash.o
 .debug_macro   0x000000000001319e       0x16 genkat_src/genkat_aead_hash.o
 .debug_macro   0x00000000000131b4       0x20 genkat_src/genkat_aead_hash.o
 .debug_macro   0x00000000000131d4       0x4c genkat_src/genkat_aead_hash.o
 .debug_macro   0x0000000000013220       0xaf genkat_src/genkat_aead_hash.o
 .debug_macro   0x00000000000132cf       0x4f genkat_src/genkat_aead_hash.o
 .debug_macro   0x000000000001331e      0x140 genkat_src/mem_stat.o
 .debug_macro   0x000000000001345e       0x52 genkat_src/mem_stat.o
 .debug_macro   0x00000000000134b0       0x10 genkat_src/mem_stat.o

.debug_line     0x0000000000000000     0xef39
 .debug_line    0x0000000000000000      0x8fe Core/Src/main.o
 .debug_line    0x00000000000008fe      0x83b Core/Src/stm32f0xx_hal_msp.o
 .debug_line    0x0000000000001139      0x82f Core/Src/stm32f0xx_it.o
 .debug_line    0x0000000000001968      0x4f8 Core/Src/sysmem.o
 .debug_line    0x0000000000001e60      0x752 Core/Src/system_stm32f0xx.o
 .debug_line    0x00000000000025b2       0x89 Core/Startup/startup_stm32f051r8tx.o
 .debug_line    0x000000000000263b      0x95d Drivers/STM32F0xx_HAL_Driver/Src/stm32f0xx_hal.o
 .debug_line    0x0000000000002f98      0xa09 Drivers/STM32F0xx_HAL_Driver/Src/stm32f0xx_hal_cortex.o
 .debug_line    0x00000000000039a1      0xae4 Drivers/STM32F0xx_HAL_Driver/Src/stm32f0xx_hal_gpio.o
 .debug_line    0x0000000000004485      0xd49 Drivers/STM32F0xx_HAL_Driver/Src/stm32f0xx_hal_rcc.o
 .debug_line    0x00000000000051ce      0x903 Drivers/STM32F0xx_HAL_Driver/Src/stm32f0xx_hal_rcc_ex.o
 .debug_line    0x0000000000005ad1     0x3618 Drivers/STM32F0xx_HAL_Driver/Src/stm32f0xx_hal_tim.o
 .debug_line    0x00000000000090e9     0x1a4b Drivers/STM32F0xx_HAL_Driver/Src/stm32f0xx_hal_tim_ex.o
 .debug_line    0x000000000000ab34     0x1c9b Drivers/STM32F0xx_HAL_Driver/Src/stm32f0xx_hal_uart.o
 .debug_line    0x000000000000c7cf      0xdb2 algos/ace/Implementations/crypto_hash/acehash256v1/ref/ace.o
 .debug_line    0x000000000000d581      0x861 algos/ace/Implementations/crypto_hash/acehash256v1/ref/hash.o
 .debug_line    0x000000000000dde2      0xb9e genkat_src/genkat_aead_hash.o
 .debug_line    0x000000000000e980      0x5b9 genkat_src/mem_stat.o

.debug_str      0x0000000000000000    0x7675d
 .debug_str     0x0000000000000000    0x6e8b8 Core/Src/main.o
                                      0x6edef (size before relaxing)
 .debug_str     0x000000000006e8b8      0x23b Core/Src/stm32f0xx_hal_msp.o
                                      0x6ede1 (size before relaxing)
 .debug_str     0x000000000006eaf3       0x76 Core/Src/stm32f0xx_it.o
                                      0x6e947 (size before relaxing)
 .debug_str     0x000000000006eb69     0x2207 Core/Src/sysmem.o
                                       0x61e1 (size before relaxing)
 .debug_str     0x0000000000070d70       0x5f Core/Src/system_stm32f0xx.o
                                      0x69876 (size before relaxing)
 .debug_str     0x0000000000070dcf       0x36 Core/Startup/startup_stm32f051r8tx.o
                                         0x96 (size before relaxing)
 .debug_str     0x0000000000070e05      0x313 Drivers/STM32F0xx_HAL_Driver/Src/stm32f0xx_hal.o
                                      0x69db0 (size before relaxing)
 .debug_str     0x0000000000071118      0x1ea Drivers/STM32F0xx_HAL_Driver/Src/stm32f0xx_hal_cortex.o
                                      0x69c68 (size before relaxing)
 .debug_str     0x0000000000071302      0x22a Drivers/STM32F0xx_HAL_Driver/Src/stm32f0xx_hal_gpio.o
                                      0x69b12 (size before relaxing)
 .debug_str     0x000000000007152c      0x240 Drivers/STM32F0xx_HAL_Driver/Src/stm32f0xx_hal_rcc.o
                                      0x69c80 (size before relaxing)
 .debug_str     0x000000000007176c       0xb1 Drivers/STM32F0xx_HAL_Driver/Src/stm32f0xx_hal_rcc_ex.o
                                      0x699c4 (size before relaxing)
 .debug_str     0x000000000007181d      0xe44 Drivers/STM32F0xx_HAL_Driver/Src/stm32f0xx_hal_tim.o
                                      0x6ac2a (size before relaxing)
 .debug_str     0x0000000000072661      0x517 Drivers/STM32F0xx_HAL_Driver/Src/stm32f0xx_hal_tim_ex.o
                                      0x6a404 (size before relaxing)
 .debug_str     0x0000000000072b78      0x850 Drivers/STM32F0xx_HAL_Driver/Src/stm32f0xx_hal_uart.o
                                      0x6a518 (size before relaxing)